# Check configuration tokens
# Ensure build layout
# Check configuration tokens
# Read available permissions from api-versions.xml
# Preparing build
# Check requirements for android
# Run 'dpkg --version'
# Cwd None
Programma voor Debian pakketbeheer 'dpkg' versie 1.20.9 (amd64).
Dit is vrije programmatuur; zie de GNU General Public Licentie versie 2
of later voor kopieervoorwaarden. Er is GEEN garantie.
# Search for Git (git)
#  -> found at /usr/bin/git
# Search for Cython (cython)
#  -> found at /home/keu/.local/bin/cython
# Search for Java compiler (javac)
#  -> found at /usr/lib/jvm/java-11-openjdk-amd64/bin/javac
# Search for Java keytool (keytool)
#  -> found at /usr/lib/jvm/java-11-openjdk-amd64/bin/keytool
# Install platform
# Run 'git config --get remote.origin.url'
# Cwd /home/keu/Dev/kukuk/.buildozer/android/platform/python-for-android
https://github.com/kivy/python-for-android.git
# Run 'git branch -vv'
# Cwd /home/keu/Dev/kukuk/.buildozer/android/platform/python-for-android
* master 227a7658 [origin/master] Merge pull request #2561 from misl6/release-2022.03.13
# Run '/usr/bin/python3 -m pip install -q --user \'appdirs\' \'colorama>=0.3.3\' \'jinja2\' \'six\' \'enum34; python_version<"3.4"\' \'sh>=1.10; sys_platform!="nt"\' \'pep517<0.7.0\' \'toml\''
# Cwd None
# Apache ANT found at /home/keu/.buildozer/android/platform/apache-ant-1.9.4
# Android SDK found at /home/keu/.buildozer/android/platform/android-sdk
# Recommended android's NDK version by p4a is: 19c
# Android NDK found at /home/keu/.buildozer/android/platform/android-ndk-r19c
# Read available permissions from api-versions.xml
# Run '/usr/bin/python3 -m pythonforandroid.toolchain aab -h --color=always --storage-dir="/home/keu/Dev/kukuk/.buildozer/android/platform/build-arm64-v8a_armeabi-v7a" --ndk-api=21 --ignore-setup-py --debug'
# Cwd /home/keu/Dev/kukuk/.buildozer/android/platform/python-for-android
# Check application requirements
# Compile platform
# Run '/usr/bin/python3 -m pythonforandroid.toolchain create --dist_name=kukuk --bootstrap=sdl2 --requirements=python3,kivy --arch arm64-v8a --arch armeabi-v7a --copy-libs --color=always --storage-dir="/home/keu/Dev/kukuk/.buildozer/android/platform/build-arm64-v8a_armeabi-v7a" --ndk-api=21 --ignore-setup-py --debug'
# Cwd /home/keu/Dev/kukuk/.buildozer/android/platform/python-for-android
# Run '/home/keu/.buildozer/android/platform/android-sdk/platform-tools/adb devices'
# Cwd None
List of devices attached
ZY327WP98C	device

# Deploy on ZY327WP98C
# Run '/home/keu/.buildozer/android/platform/android-sdk/platform-tools/adb install -r "/home/keu/Dev/kukuk/bin/kukuk-0.1-arm64-v8a_armeabi-v7a-debug.apk"'
# Cwd /home/keu/.buildozer/android/platform
Performing Streamed Install
Success
# Application pushed.
# Run on ZY327WP98C
# Run '/home/keu/.buildozer/android/platform/android-sdk/platform-tools/adb shell am start -n nl.djkeu.kukuk/org.kivy.android.PythonActivity -a org.kivy.android.PythonActivity'
# Cwd /home/keu/.buildozer/android/platform
Starting: Intent { act=org.kivy.android.PythonActivity cmp=nl.djkeu.kukuk/org.kivy.android.PythonActivity }
# Application started.
# Run 'dpkg --version'
# Cwd None
Programma voor Debian pakketbeheer 'dpkg' versie 1.20.9 (amd64).
Dit is vrije programmatuur; zie de GNU General Public Licentie versie 2
of later voor kopieervoorwaarden. Er is GEEN garantie.
# Search for Git (git)
#  -> found at /usr/bin/git
# Search for Cython (cython)
#  -> found at /home/keu/.local/bin/cython
# Search for Java compiler (javac)
#  -> found at /usr/lib/jvm/java-11-openjdk-amd64/bin/javac
# Search for Java keytool (keytool)
#  -> found at /usr/lib/jvm/java-11-openjdk-amd64/bin/keytool
# Run '/home/keu/.buildozer/android/platform/android-sdk/platform-tools/adb logcat  '
# Cwd /home/keu/.buildozer/android/platform
--------- beginning of system
04-27 21:47:44.506  1968  3216 I chatty  : uid=1000(system) Binder:1968_9 expire 6 lines
04-27 21:47:44.680  1968  2129 I chatty  : uid=1000(system) android.fg expire 3 lines
04-27 21:47:44.692  3149  3149 E ActivityThread: Failed to find provider info for com.google.android.gsf.gservices
04-27 21:47:44.747  2415  2415 I imsrcsd : getAndroidPropValue : vendor.ims.modem.multisub.cap[2]
04-27 21:47:44.747  2415  2415 I imsrcsd : Uce Service HAL  detected modemVersion[2]
04-27 21:47:44.747  2415  2415 I imsrcsd : Uce Service HAL  loading lib-imsrcs-v2
04-27 21:47:44.759  3149  3149 E ActivityThread: Failed to find provider info for com.google.android.gsf.gservices
04-27 21:47:44.760  3149  3149 I chatty  : uid=10173 com.google.android.gms.persistent identical 5 lines
04-27 21:47:44.761  3149  3149 E ActivityThread: Failed to find provider info for com.google.android.gsf.gservices
04-27 21:47:44.795  2415  2415 I Diag_Lib: StartImsService
04-27 21:47:44.795  2415  2415 I imsrcsd : ImsServiceMain startService[1]
04-27 21:47:44.802  2415  3235 I ServiceManagement: Registered vendor.qti.ims.callinfo@1.0::IService/default (start delay of 5082ms)
04-27 21:47:44.802  2415  3235 I imsrcsd : ImsServiceMain Running..
04-27 21:47:44.835  3149  3149 E ActivityThread: Failed to find provider info for com.google.android.gsf.gservices
04-27 21:47:44.879  3149  3149 E ActivityThread: Failed to find provider info for com.google.android.gsf.gservices
04-27 21:47:44.907  3149  3149 E ActivityThread: Failed to find provider info for com.google.android.gsf.gservices
04-27 21:47:44.913  2415  3234 I Diag_Lib: OnServiceStatusReceived iStatus[0]
04-27 21:47:44.914  2415  3234 E Diag_Lib: Modem does not support UCE/IMS-CM, proceed to register HAL's
04-27 21:47:44.914  2415  3234 I Diag_Lib: Starting Service for First Time
04-27 21:47:44.915  2415  3234 I ServiceManagement: Registered com.qualcomm.qti.uceservice@2.1::IUceService/com.qualcomm.qti.uceservice (start delay of 5195ms)
04-27 21:47:44.915  2415  3234 I Diag_Lib: CM_IMSCONNECTIONMANAGER_CREATE_CONNECTION Before Registering Service
04-27 21:47:44.920  2415  3234 I ServiceManagement: Registered com.qualcomm.qti.imscmservice@2.2::IImsCmService/qti.ims.connectionmanagerservice (start delay of 5201ms)
04-27 21:47:44.920  2415  3234 I Diag_Lib: CM_IMSCONNECTIONMANAGER_CREATE_CONNECTION After Registering Service
04-27 21:47:44.923  3149  3149 E ActivityThread: Failed to find provider info for com.google.android.gsf.gservices
04-27 21:47:44.929  3149  3149 E ActivityThread: Failed to find provider info for com.google.android.gsf.gservices
04-27 21:47:44.950  3149  3149 E ActivityThread: Failed to find provider info for com.google.android.gsf.gservices
04-27 21:47:45.046  3149  3149 E ActivityThread: Failed to find provider info for com.google.android.gsf.gservices
04-27 21:47:45.050  3149  3149 E ActivityThread: Failed to find provider info for com.google.android.gsf.gservices
04-27 21:47:45.081  3149  3149 E ActivityThread: Failed to find provider info for com.google.android.gsf.gservices
04-27 21:47:45.087  3149  3149 E ActivityThread: Failed to find provider info for com.google.android.gsf.gservices
04-27 21:47:45.106  2882  2882 E MccTable: Error parsing IMSI: 
04-27 21:47:45.139  3149  3278 E ActivityThread: Failed to find provider info for com.google.android.gsf.gservices
04-27 21:47:45.157  1968  2543 I chatty  : uid=1000(system) NetworkPolicy expire 6 lines
04-27 21:47:45.174  3149  3278 E ActivityThread: Failed to find provider info for com.google.android.gsf.gservices
04-27 21:47:45.174  3149  3278 E ActivityThread: Failed to find provider info for com.google.android.gsf.gservices
04-27 21:47:45.250  3149  3281 E ActivityThread: Failed to find provider info for com.google.android.gsf.gservices
04-27 21:47:45.258  3149  3149 E ActivityThread: Failed to find provider info for com.google.android.gsf.gservices
04-27 21:47:45.263  3149  3288 E ActivityThread: Failed to find provider info for com.google.android.gsf.gservices
04-27 21:47:45.266  3149  3289 E ActivityThread: Failed to find provider info for com.google.android.gsf.gservices
04-27 21:47:45.338  3149  3287 E ActivityThread: Failed to find provider info for com.google.android.gsf.gservices
04-27 21:47:45.342  3149  3287 E ActivityThread: Failed to find provider info for com.google.android.gsf.gservices
04-27 21:47:45.568  1968  2191 I chatty  : uid=1000(system) PowerManagerSer expire 2 lines
04-27 21:47:45.570  1968  2517 I chatty  : uid=1000(system) StorageManagerS expire 2 lines
04-27 21:47:45.571  1968  2017 I chatty  : uid=1000(system) Binder:1968_1 expire 9 lines
04-27 21:47:45.574   781   781 D vold    : Waiting for FUSE to spin up...
04-27 21:47:45.601  3366  3366 W sdcard  : Device explicitly enabled sdcardfs
04-27 21:47:45.922  2882  2882 D MccTable: getMCCFromIccid iccid  = 8931440300733083869
04-27 21:47:46.130  3149  3149 E ActivityThread: Failed to find provider info for com.google.android.gsf.gservices
04-27 21:47:46.131  3149  3149 E ActivityThread: Failed to find provider info for com.google.android.gsf.gservices
04-27 21:47:46.155  1968  2158 I chatty  : uid=1000(system) ActivityManager expire 7 lines
04-27 21:47:46.164  3149  3165 E ActivityThread: Failed to find provider info for com.google.android.gsf.gservices
04-27 21:47:46.177  1968  2159 I chatty  : uid=1000(system) ActivityManager expire 8 lines
04-27 21:47:46.395  1968  2699 I chatty  : uid=1000(system) Binder:1968_4 expire 5 lines
04-27 21:47:46.400  1968  2817 I chatty  : uid=1000(system) Binder:1968_8 expire 15 lines
04-27 21:47:46.540  3502  3558 E ActivityThread: Failed to find provider info for com.google.android.gsf.gservices
04-27 21:47:46.547  1968  2764 I chatty  : uid=1000(system) Binder:1968_5 expire 6 lines
04-27 21:47:46.551  3149  3165 E ActivityThread: Failed to find provider info for com.google.android.gsf.gservices
04-27 21:47:46.555  3149  3165 E ActivityThread: Failed to find provider info for com.google.android.gsf.gservices
04-27 21:47:46.563  1968  2134 I chatty  : uid=1000(system) android.display expire 4 lines
04-27 21:47:46.573  3502  3558 E ActivityThread: Failed to find provider info for com.google.android.gsf.gservices
04-27 21:47:46.574  3401  3482 E ActivityThread: Failed to find provider info for com.google.android.gsf.gservices
04-27 21:47:46.579  3149  3165 E ActivityThread: Failed to find provider info for com.google.android.gsf.gservices
04-27 21:47:46.616  3149  3580 E ActivityThread: Failed to find provider info for com.google.android.gsf.gservices
04-27 21:47:46.624  3149  3580 I chatty  : uid=10173 com.google.android.gms.persistent identical 2 lines
04-27 21:47:46.628  3149  3580 E ActivityThread: Failed to find provider info for com.google.android.gsf.gservices
04-27 21:47:46.800  1291  1291 W wificond: Scan is not started. Ignore abort request
04-27 21:47:46.873  1968  2562 I chatty  : uid=1000(system) ClientModeImpl expire 3 lines
04-27 21:47:46.976  1968  2600 I chatty  : uid=1000(system) ConnectivitySer expire 48 lines
04-27 21:47:46.989  1968  1968 I chatty  : uid=1000 system_server expire 11 lines
04-27 21:47:47.270  3619  3646 E ActivityThread: Failed to find provider info for com.google.android.gsf.gservices
04-27 21:47:47.275  3619  3646 E ActivityThread: Failed to find provider info for com.google.android.gsf.gservices
04-27 21:47:47.446  3649  3649 E ActivityThread: Failed to find provider info for com.google.android.gsf.gservices
04-27 21:47:47.506  3649  3649 I chatty  : uid=10173(com.google.android.gms) identical 5 lines
04-27 21:47:47.508  3649  3649 E ActivityThread: Failed to find provider info for com.google.android.gsf.gservices
04-27 21:47:47.537  3649  3696 E ActivityThread: Failed to find provider info for com.google.android.gsf.gservices
04-27 21:47:47.539  3649  3696 I chatty  : uid=10173(com.google.android.gms) identical 1 line
04-27 21:47:47.541  3649  3696 E ActivityThread: Failed to find provider info for com.google.android.gsf.gservices
04-27 21:47:47.565  3649  3649 E ActivityThread: Failed to find provider info for com.google.android.gsf.gservices
04-27 21:47:47.566  3649  3701 E ActivityThread: Failed to find provider info for com.google.android.gsf.gservices
04-27 21:47:47.568  3649  3649 E ActivityThread: Failed to find provider info for com.google.android.gsf.gservices
04-27 21:47:47.722  3649  3709 E ActivityThread: Failed to find provider info for com.google.android.gsf.gservices
04-27 21:47:47.727  3649  3709 E ActivityThread: Failed to find provider info for com.google.android.gsf.gservices
04-27 21:47:47.757  3649  3709 E ActivityThread: Failed to find provider info for com.google.android.gsf.gservices
04-27 21:47:47.779  3649  3709 I chatty  : uid=10173(com.google.android.gms) identical 5 lines
04-27 21:47:47.781  3649  3709 E ActivityThread: Failed to find provider info for com.google.android.gsf.gservices
04-27 21:47:47.784  3721  3721 W ContextImpl: Calling a method in the system process without a qualified user: android.app.ContextImpl.startService:1591 android.content.ContextWrapper.startService:669 android.content.ContextWrapper.startService:669 com.motorola.systemserver.BootReceiver.onReceive:24 android.app.ActivityThread.handleReceiver:3981 
04-27 21:47:47.800  3649  3709 E ActivityThread: Failed to find provider info for com.google.android.gsf.gservices
04-27 21:47:47.803  3721  3721 W ContextImpl: Calling a method in the system process without a qualified user: android.app.ContextImpl.bindService:1670 android.content.ContextWrapper.bindService:705 com.motorola.systemserver.MotoSystemServer.bindMotoService:323 com.motorola.systemserver.MotoSystemServer.bindMotoServices:283 com.motorola.systemserver.MotoSystemServer$H.handleMessage:235 
04-27 21:47:47.887  3649  3709 E ActivityThread: Failed to find provider info for com.google.android.gsf.gservices
04-27 21:47:47.905  3649  3709 E ActivityThread: Failed to find provider info for com.google.android.gsf.gservices
04-27 21:47:48.001  3649  3709 D SystemConfig: Removed unavailable feature android.hardware.sensor.compass
04-27 21:47:48.002  3649  3709 D SystemConfig: Removed unavailable feature android.hardware.sensor.compass
04-27 21:47:48.016  3649  3709 D SystemConfig: Removed unavailable feature android.hardware.sensor.gyroscope
04-27 21:47:48.017  3649  3709 D SystemConfig: Removed unavailable feature android.hardware.sensor.barometer
04-27 21:47:48.024  3649  3709 W SystemConfig: No directory /oem/etc/sysconfig, skipping
04-27 21:47:48.025  3649  3709 W SystemConfig: No directory /oem/etc/permissions, skipping
04-27 21:47:48.063  3649  3709 D SystemConfig: Removed unavailable feature com.google.android.feature.RU
04-27 21:47:48.186  3649  3709 W SystemConfig: No directory /system/etc/motorola/bgintents, skipping
04-27 21:47:48.186  3649  3709 W SystemConfig: No directory /oem/etc/motorola/bgintents, skipping
04-27 21:47:48.191  3649  3709 W SystemConfig: No directory /product_services/etc/sysconfig, skipping
04-27 21:47:48.191  3649  3709 W SystemConfig: No directory /product_services/etc/permissions, skipping
04-27 21:47:48.191  3649  3709 W SystemConfig: No directory /system/etc/motorola/sysconfig, skipping
04-27 21:47:48.192  3649  3709 W SystemConfig: No directory /oem/etc/motorola/sysconfig, skipping
04-27 21:47:48.192  3649  3709 W SystemConfig: No directory /product/etc/motorola/sysconfig, skipping
04-27 21:47:48.211   924  1542 E NetlinkEvent: NetlinkEvent::FindParam(): Parameter 'INTERFACE' not found
04-27 21:47:48.211   924  1542 E NetlinkEvent: NetlinkEvent::FindParam(): Parameter 'STATE' not found
04-27 21:47:48.211   924  1542 E NetlinkEvent: NetlinkEvent::FindParam(): Parameter 'TIME_NS' not found
04-27 21:47:48.211   924  1542 E NetlinkEvent: NetlinkEvent::FindParam(): Parameter 'UID' not found
04-27 21:47:48.254  1968  2543 I chatty  : uid=1000(system) NetworkPolicy expire 15 lines
04-27 21:47:48.257  1968  2147 I chatty  : uid=1000(system) android.bg expire 2 lines
04-27 21:47:48.320  3649  3709 W PackageParser: Unknown element under <manifest>: queries at /data/user_de/0/com.google.android.gms/app_chimera/m/000001c7/dl-Pay.optional_221215100000.apk Binary XML file line #15
04-27 21:47:48.408  2658  3796 E ActivityThread: Failed to find provider info for com.android.contacts
04-27 21:47:48.423  3649  3709 W PackageParser: Unknown element under <manifest>: queries at /data/user_de/0/com.google.android.gms/app_chimera/m/00000179/dl-AdsFdrDynamite.integ_214106404100000.apk Binary XML file line #11
04-27 21:47:48.567  3649  3709 W PackageParser: Unknown element under <manifest>: queries at /data/user_de/0/com.google.android.gms/app_chimera/m/000001c2/dl-AdsFdrDynamite.integ_221310604100000.apk Binary XML file line #11
04-27 21:47:48.676  3649  3709 W PackageParser: Unknown element under <manifest>: queries at /data/user_de/0/com.google.android.gms/app_chimera/m/000000e8/dl-Payments.integ_212480904100400.apk Binary XML file line #11
04-27 21:47:48.881  3649  3709 W PackageParser: Unknown element under <manifest>: queries at /data/user_de/0/com.google.android.gms/app_chimera/m/000001c7/dl-Pay.optional_221215100000.apk Binary XML file line #15
04-27 21:47:48.947  3649  3709 W PackageParser: Unknown element under <manifest>: queries at /data/user_de/0/com.google.android.gms/app_chimera/m/00000179/dl-AdsFdrDynamite.integ_214106404100000.apk Binary XML file line #11
04-27 21:47:49.039  3649  3709 W PackageParser: Unknown element under <manifest>: queries at /data/user_de/0/com.google.android.gms/app_chimera/m/000001c2/dl-AdsFdrDynamite.integ_221310604100000.apk Binary XML file line #11
04-27 21:47:49.121  3649  3709 W PackageParser: Unknown element under <manifest>: queries at /data/user_de/0/com.google.android.gms/app_chimera/m/000000af/dl-Payments.integ_211890902100400.apk Binary XML file line #5
04-27 21:47:49.304  3649  3709 W PackageParser: Unknown element under <manifest>: queries at /data/user_de/0/com.google.android.gms/app_chimera/m/000001c7/dl-Pay.optional_221215100000.apk Binary XML file line #15
04-27 21:47:49.379  3649  3709 W PackageParser: Unknown element under <manifest>: queries at /data/user_de/0/com.google.android.gms/app_chimera/m/00000179/dl-AdsFdrDynamite.integ_214106404100000.apk Binary XML file line #11
04-27 21:47:49.490  3649  3709 W PackageParser: Unknown element under <manifest>: queries at /data/user_de/0/com.google.android.gms/app_chimera/m/000001c2/dl-AdsFdrDynamite.integ_221310604100000.apk Binary XML file line #11
04-27 21:47:49.597  3649  3709 E ActivityThread: Failed to find provider info for com.google.android.gsf.gservices
04-27 21:47:49.628  3649  3833 E ActivityThread: Failed to find provider info for com.google.android.gsf.gservices
04-27 21:47:49.635  1968  2019 I chatty  : uid=1000(system) Binder:1968_2 expire 13 lines
04-27 21:47:49.661  3149  3149 E ActivityThread: Failed to find provider info for com.google.android.gsf.gservices
04-27 21:47:49.669  3149  3149 I chatty  : uid=10173 com.google.android.gms.persistent identical 11 lines
04-27 21:47:49.679  3149  3149 E ActivityThread: Failed to find provider info for com.google.android.gsf.gservices
04-27 21:47:49.710  3649  3833 W PackageParser: Unknown element under <manifest>: queries at /data/user_de/0/com.google.android.gms/app_chimera/m/000001c2/dl-AdsFdrDynamite.integ_221310604100000.apk Binary XML file line #11
04-27 21:47:49.753  3149  3149 E ActivityThread: Failed to find provider info for com.google.android.gsf.gservices
04-27 21:47:49.809  3149  3149 E ActivityThread: Failed to find provider info for com.google.android.gsf.gservices
04-27 21:47:49.809  3149  3841 E ActivityThread: Failed to find provider info for com.google.android.gsf.gservices
04-27 21:47:49.810  3149  3149 E ActivityThread: Failed to find provider info for com.google.android.gsf.gservices
04-27 21:47:49.810  3149  3149 E ActivityThread: Failed to find provider info for com.google.android.gsf.gservices
04-27 21:47:49.818  3149  3580 E ActivityThread: Failed to find provider info for com.google.android.gsf.gservices
04-27 21:47:49.819  3149  3580 E ActivityThread: Failed to find provider info for com.google.android.gsf.gservices
04-27 21:47:49.825  3649  3833 W PackageParser: Unknown element under <manifest>: queries at /data/user_de/0/com.google.android.gms/app_chimera/m/000001c7/dl-Pay.optional_221215100000.apk Binary XML file line #15
04-27 21:47:49.828  3149  3287 W FileUtils: Failed to chmod(/data/user/0/com.google.android.gms/app_usage_reporting_db): android.system.ErrnoException: chmod failed: ENOENT (No such file or directory)
04-27 21:47:49.831  3149  3287 E ActivityThread: Failed to find provider info for com.google.android.gsf.gservices
04-27 21:47:49.985  3149  3288 E ActivityThread: Failed to find provider info for com.google.android.gsf.gservices
04-27 21:47:49.990  3149  3289 E ActivityThread: Failed to find provider info for com.google.android.gsf.gservices
04-27 21:47:50.045  3149  3289 E ActivityThread: Failed to find provider info for com.google.android.gsf.gservices
04-27 21:47:50.091  3649  3833 W PackageParser: Unknown element under <manifest>: queries at /data/user_de/0/com.google.android.gms/app_chimera/m/000000e8/dl-Payments.integ_212480904100400.apk Binary XML file line #11
04-27 21:47:50.206  3649  3833 W PackageParser: Unknown element under <manifest>: queries at /data/user_de/0/com.google.android.gms/app_chimera/m/00000179/dl-AdsFdrDynamite.integ_214106404100000.apk Binary XML file line #11
04-27 21:47:50.654  3649  3833 W PackageParser: Unknown element under <manifest>: queries at /data/user_de/0/com.google.android.gms/app_chimera/m/000000af/dl-Payments.integ_211890902100400.apk Binary XML file line #5
04-27 21:47:51.016  3649  3833 E ActivityThread: Failed to find provider info for com.google.android.gsf.gservices
04-27 21:47:51.204  3649  3708 E ActivityThread: Failed to find provider info for com.google.android.gsf.gservices
04-27 21:47:51.374  3649  3833 W PackageParser: Unknown element under <manifest>: queries at /data/user_de/0/com.google.android.gms/app_chimera/m/000001c7/dl-Pay.optional_221215100000.apk Binary XML file line #15
04-27 21:47:51.454  3649  3833 W PackageParser: Unknown element under <manifest>: queries at /data/user_de/0/com.google.android.gms/app_chimera/m/00000179/dl-AdsFdrDynamite.integ_214106404100000.apk Binary XML file line #11
04-27 21:47:51.565  3649  3833 W PackageParser: Unknown element under <manifest>: queries at /data/user_de/0/com.google.android.gms/app_chimera/m/000001c2/dl-AdsFdrDynamite.integ_221310604100000.apk Binary XML file line #11
04-27 21:47:51.613  3649  3833 W PackageParser: Unknown element under <manifest>: queries at /data/user_de/0/com.google.android.gms/app_chimera/m/000000e8/dl-Payments.integ_212480904100400.apk Binary XML file line #11
04-27 21:47:51.840  3649  3833 W PackageParser: Unknown element under <manifest>: queries at /data/user_de/0/com.google.android.gms/app_chimera/m/000001c7/dl-Pay.optional_221215100000.apk Binary XML file line #15
04-27 21:47:51.910  3649  3833 W PackageParser: Unknown element under <manifest>: queries at /data/user_de/0/com.google.android.gms/app_chimera/m/00000179/dl-AdsFdrDynamite.integ_214106404100000.apk Binary XML file line #11
04-27 21:47:52.023  3649  3833 W PackageParser: Unknown element under <manifest>: queries at /data/user_de/0/com.google.android.gms/app_chimera/m/000001c2/dl-AdsFdrDynamite.integ_221310604100000.apk Binary XML file line #11
04-27 21:47:52.055  3649  3833 W PackageParser: Unknown element under <manifest>: queries at /data/user_de/0/com.google.android.gms/app_chimera/m/000000af/dl-Payments.integ_211890902100400.apk Binary XML file line #5
04-27 21:47:52.280  3649  3833 W PackageParser: Unknown element under <manifest>: queries at /data/user_de/0/com.google.android.gms/app_chimera/m/000001c7/dl-Pay.optional_221215100000.apk Binary XML file line #15
04-27 21:47:52.349  3649  3833 W PackageParser: Unknown element under <manifest>: queries at /data/user_de/0/com.google.android.gms/app_chimera/m/00000179/dl-AdsFdrDynamite.integ_214106404100000.apk Binary XML file line #11
04-27 21:47:52.420  2658  3852 E ActivityThread: Failed to find provider info for com.android.contacts
04-27 21:47:52.464  3649  3833 W PackageParser: Unknown element under <manifest>: queries at /data/user_de/0/com.google.android.gms/app_chimera/m/000001c2/dl-AdsFdrDynamite.integ_221310604100000.apk Binary XML file line #11
04-27 21:47:53.082  3401  3482 E ActivityThread: Failed to find provider info for com.google.android.gsf.gservices
04-27 21:47:53.083  3401  3482 E ActivityThread: Failed to find provider info for com.google.android.gsf.gservices
04-27 21:47:53.087  3149  3289 E ActivityThread: Failed to find provider info for com.google.android.gsf.gservices
04-27 21:47:53.092  3149  3289 E ActivityThread: Failed to find provider info for com.google.android.gsf.gservices
04-27 21:47:53.253  1968  2796 I chatty  : uid=1000(system) Binder:1968_6 expire 9 lines
04-27 21:47:53.306  1968  2135 I chatty  : uid=1000(system) android.anim expire 6 lines
04-27 21:47:53.490  3502  3558 E ActivityThread: Failed to find provider info for com.google.android.gsf.gservices
04-27 21:47:53.491  3502  3558 E ActivityThread: Failed to find provider info for com.google.android.gsf.gservices
04-27 21:47:53.495  3149  3288 E ActivityThread: Failed to find provider info for com.google.android.gsf.gservices
04-27 21:47:54.423  3619  3643 E ActivityThread: Failed to find provider info for com.google.android.gsf.gservices
04-27 21:47:54.555  1968  2191 I chatty  : uid=1000(system) PowerManagerSer expire 4 lines
04-27 21:47:54.751  1968  2615 I chatty  : uid=1000(system) Binder:1968_3 expire 11 lines
04-27 21:47:55.009  2882  2882 D MccTable: updateMccMncConfiguration mccmnc='20404
04-27 21:47:55.009  2882  2882 D MccTable: updateMccMncConfiguration: mcc=204, mnc=4
04-27 21:47:55.009  2882  2882 D MccTable: updateSIMConfiguration updateConfig config={0.0 204mcc4mnc ?localeList ?layoutDir ?swdp ?wdp ?hdp ?density ?lsize ?long ?ldr ?wideColorGamut ?orien ?uimode ?night ?touch ?keyb/?/? ?nav/? winConfig={ mBounds=Rect(0, 0 - 0, 0) mAppBounds=null mWindowingMode=undefined mDisplayWindowingMode=undefined mActivityType=undefined mAlwaysOnTop=undefined mRotation=undefined} ?spn ?gid}
04-27 21:47:55.638  1968  3750 I chatty  : uid=1000(system) LocationService expire 1 line
04-27 21:47:55.727  1968  3881 I chatty  : uid=1000(system) Binder:1968_B expire 16 lines
04-27 21:47:56.281  2882  2882 D MccTable: updateSIMConfiguration updateConfig config={0.0 204mcc4mnc ?localeList ?layoutDir ?swdp ?wdp ?hdp ?density ?lsize ?long ?ldr ?wideColorGamut ?orien ?uimode ?night ?touch ?keyb/?/? ?nav/? winConfig={ mBounds=Rect(0, 0 - 0, 0) mAppBounds=null mWindowingMode=undefined mDisplayWindowingMode=undefined mActivityType=undefined mAlwaysOnTop=undefined mRotation=undefined} spnnull gid04}
04-27 21:47:56.424  2658  3915 E ActivityThread: Failed to find provider info for com.android.contacts
04-27 21:48:00.432  2658  4005 E ActivityThread: Failed to find provider info for com.android.contacts
04-27 21:48:04.440  2658  4017 E ActivityThread: Failed to find provider info for com.android.contacts
04-27 21:48:05.872  1968  3902 I chatty  : uid=1000(system) Binder:1968_C expire 6 lines
04-27 21:48:06.088   781   781 D vold    : fscrypt_unlock_user_key 0 serial=0 token_present=0
04-27 21:48:06.092   781   781 D vold    : Skipping non-key .
04-27 21:48:06.092   781   781 D vold    : Skipping non-key ..
04-27 21:48:06.092   781   781 D vold    : Trying user CE key /data/misc/vold/user_keys/ce/0/current
04-27 21:48:06.094  1968  1968 I chatty  : uid=1000 system_server expire 1 line
04-27 21:48:06.103   781   781 D vold    : Successfully retrieved key
04-27 21:48:06.110   781   781 D vold    : Added key 26083555 (ext4:f4406941aae7eff0) to keyring 1040627188 in process 781
04-27 21:48:06.110   781   781 D vold    : Added key 308799600 (f2fs:f4406941aae7eff0) to keyring 1040627188 in process 781
04-27 21:48:06.110   781   781 D vold    : Added key 1030413079 (fscrypt:f4406941aae7eff0) to keyring 1040627188 in process 781
04-27 21:48:06.110   781   781 D vold    : Installed ce key for user 0
04-27 21:48:06.112   781   781 D vold    : fscrypt_prepare_user_storage for volume null, user 0, serial 0, flags 2
04-27 21:48:06.112   781   781 D vold    : Preparing: /data/system_ce/0
04-27 21:48:06.112   781   781 D vold    : Preparing: /data/misc_ce/0
04-27 21:48:06.112   781   781 D vold    : Preparing: /data/vendor_ce/0
04-27 21:48:06.113   781   781 D vold    : Preparing: /data/media/0
04-27 21:48:06.113   781   781 D vold    : Preparing: /data/data
04-27 21:48:06.113   781   781 I vold    : Found policy f4406941aae7eff0 at /data/system_ce/0 which matches expected value
04-27 21:48:06.114   781   781 I vold    : Found policy f4406941aae7eff0 at /data/misc_ce/0 which matches expected value
04-27 21:48:06.114   781   781 I vold    : Found policy f4406941aae7eff0 at /data/vendor_ce/0 which matches expected value
04-27 21:48:06.114   781   781 I vold    : Found policy f4406941aae7eff0 at /data/media/0 which matches expected value
04-27 21:48:06.115   781   781 I vold    : Found policy f4406941aae7eff0 at /data/data which matches expected value
04-27 21:48:06.115   781   781 D vold    : Starting restorecon of /data/system_ce/0
04-27 21:48:06.132   781   781 D vold    : Finished restorecon of /data/system_ce/0
04-27 21:48:06.133   781   781 D vold    : Starting restorecon of /data/vendor_ce/0
04-27 21:48:06.143   781   781 D vold    : Finished restorecon of /data/vendor_ce/0
04-27 21:48:06.143   781   781 D vold    : Starting restorecon of /data/misc_ce/0
04-27 21:48:06.155   781   781 D vold    : Finished restorecon of /data/misc_ce/0
04-27 21:48:06.155   781   781 D vold    : /system/bin/vold_prepare_subdirs
04-27 21:48:06.155   781   781 D vold    :     prepare
04-27 21:48:06.155   781   781 D vold    :     
04-27 21:48:06.155   781   781 D vold    :     0
04-27 21:48:06.155   781   781 D vold    :     2
04-27 21:48:06.229  1968  2129 I chatty  : uid=1000(system) android.fg expire 9 lines
04-27 21:48:06.395   781   781 D vold    : /system/bin/sgdisk
04-27 21:48:06.395   781   781 D vold    :     --android-dump
04-27 21:48:06.395   781   781 D vold    :     /dev/block/vold/disk:179,32
04-27 21:48:06.624   781   781 D vold    : DISK mbr
04-27 21:48:06.624   781   781 D vold    : 
04-27 21:48:06.624   781   781 D vold    : PART 1 b
04-27 21:48:06.624   781   781 D vold    : 
04-27 21:48:06.871  1968  3881 I chatty  : uid=1000(system) Binder:1968_B expire 1 line
04-27 21:48:07.031  1968  2129 I chatty  : uid=1000(system) android.fg expire 5 lines
04-27 21:48:07.205  1968  2158 I chatty  : uid=1000(system) ActivityManager expire 6 lines
04-27 21:48:07.206  1968  2133 I chatty  : uid=1000(system) android.io expire 1 line
04-27 21:48:07.207   781   781 D vold    : Linking /storage/emulated/0 to /mnt/user/0/primary
04-27 21:48:07.208   781  4049 D vold    : /system/bin/sgdisk
04-27 21:48:07.208   781  4049 D vold    :     --android-dump
04-27 21:48:07.208   781  4049 D vold    :     /dev/block/vold/disk:179,32
04-27 21:48:07.246   781  4049 D vold    : DISK mbr
04-27 21:48:07.246   781  4049 D vold    : 
04-27 21:48:07.246   781  4049 D vold    : PART 1 b
04-27 21:48:07.246   781  4049 D vold    : 
04-27 21:48:07.248   781  4049 D vold    : /system/bin/sgdisk
04-27 21:48:07.248   781  4049 D vold    :     --android-dump
04-27 21:48:07.248   781  4049 D vold    :     /dev/block/vold/disk:179,32
04-27 21:48:07.261  1968  2629 I chatty  : uid=1000(system) backup expire 58 lines
04-27 21:48:07.262  1968  1968 I chatty  : uid=1000 system_server expire 18 lines
04-27 21:48:07.274   781  4049 D vold    : DISK mbr
04-27 21:48:07.274   781  4049 D vold    : 
04-27 21:48:07.274   781  4049 D vold    : PART 1 b
04-27 21:48:07.274   781  4049 D vold    : 
04-27 21:48:07.314  1968  3902 I chatty  : uid=1000(system) Binder:1968_C expire 2 lines
04-27 21:48:07.322  1968  4054 I chatty  : uid=1000(system) backup-0 expire 5 lines
04-27 21:48:07.343   781   781 D vold    : /system/bin/blkid
04-27 21:48:07.343   781   781 D vold    :     -c
04-27 21:48:07.343   781   781 D vold    :     /dev/null
04-27 21:48:07.343   781   781 D vold    :     -s
04-27 21:48:07.343   781   781 D vold    :     TYPE
04-27 21:48:07.343   781   781 D vold    :     -s
04-27 21:48:07.343   781   781 D vold    :     UUID
04-27 21:48:07.343   781   781 D vold    :     -s
04-27 21:48:07.343   781   781 D vold    :     LABEL
04-27 21:48:07.343   781   781 D vold    :     -o
04-27 21:48:07.343   781   781 D vold    :     utf8
04-27 21:48:07.343   781   781 D vold    :     /dev/block/vold/public:179,33
04-27 21:48:07.369  1968  2159 I chatty  : uid=1000(system) ActivityManager expire 96 lines
04-27 21:48:07.401  1968  2017 I chatty  : uid=1000(system) Binder:1968_1 expire 1 line
04-27 21:48:07.408  3721  3721 W ContextImpl: Calling a method in the system process without a qualified user: android.app.ContextImpl.bindService:1670 android.content.ContextWrapper.bindService:705 com.motorola.systemserver.MotoSystemServer.bindMotoService:323 com.motorola.systemserver.MotoSystemServer.bindMotoServices:283 com.motorola.systemserver.MotoSystemServer$H.handleMessage:235 
04-27 21:48:07.410  1968  2764 I chatty  : uid=1000(system) Binder:1968_5 expire 8 lines
04-27 21:48:07.423   781  4038 E vold    : Failed to find mounted volume for /dev/null/Android/data/com.google.android.gms/files/
04-27 21:48:07.449   781   781 D vold    : /dev/block/vold/public:179,33: UUID="1907-08E3" TYPE="vfat" 
04-27 21:48:07.449   781   781 D vold    : 
04-27 21:48:07.450   781   781 D vold    : /system/bin/fsck_msdos
04-27 21:48:07.450   781   781 D vold    :     -p
04-27 21:48:07.450   781   781 D vold    :     -f
04-27 21:48:07.450   781   781 D vold    :     -y
04-27 21:48:07.450   781   781 D vold    :     /dev/block/vold/public:179,33
04-27 21:48:07.471  1968  2813 I chatty  : uid=1000(system) Binder:1968_7 expire 3 lines
04-27 21:48:07.481  1968  2134 I chatty  : uid=1000(system) android.display expire 2 lines
04-27 21:48:07.483  3721  3721 W ContextImpl: Calling a method in the system process without a qualified user: android.app.ContextImpl.bindService:1670 android.content.ContextWrapper.bindService:705 com.motorola.systemserver.MotoSystemServer.bindMotoService:323 com.motorola.systemserver.MotoSystemServer.bindMotoServices:283 com.motorola.systemserver.MotoSystemServer$H.handleMessage:235 
04-27 21:48:07.505  1968  2132 I chatty  : uid=1000(system) android.ui expire 1 line
04-27 21:48:07.506  1968  2191 I chatty  : uid=1000(system) PowerManagerSer expire 2 lines
04-27 21:48:07.518  3721  3721 W ContextImpl: Calling a method in the system process without a qualified user: android.app.ContextImpl.bindService:1670 android.content.ContextWrapper.bindService:705 com.motorola.systemserver.MotoSystemServer.bindMotoService:323 com.motorola.systemserver.MotoSystemServer.bindMotoServices:283 com.motorola.systemserver.MotoSystemServer$H.handleMessage:235 
04-27 21:48:07.544  3721  3721 W ContextImpl: Calling a method in the system process without a qualified user: android.app.ContextImpl.bindService:1670 android.content.ContextWrapper.bindService:705 com.motorola.systemserver.MotoSystemServer.bindMotoService:323 com.motorola.systemserver.MotoSystemServer.bindMotoServices:283 com.motorola.systemserver.MotoSystemServer$H.handleMessage:235 
04-27 21:48:08.113  1968  2600 I chatty  : uid=1000(system) ConnectivitySer expire 2 lines
04-27 21:48:08.129   781   781 D vold    : /dev/block/vold/public:179,33: 180 files, 3526976 free (241290 clusters)
04-27 21:48:08.129   781   781 D vold    : 
04-27 21:48:08.131   781   781 I vold    : Filesystem check completed OK
04-27 21:48:08.158   781   781 D vold    : Waiting for FUSE to spin up...
04-27 21:48:08.205  4424  4424 W sdcard  : Device explicitly enabled sdcardfs
04-27 21:48:08.209   781   781 D vold    : Waiting for FUSE to spin up...
04-27 21:48:08.233  1968  1968 I chatty  : uid=1000 system_server expire 26 lines
04-27 21:48:08.292  1968  2517 I chatty  : uid=1000(system) StorageManagerS expire 3 lines
04-27 21:48:08.672  1968  2657 I chatty  : uid=1000(system) SyncManager expire 1 line
04-27 21:48:08.808  1968  2133 I chatty  : uid=1000(system) android.io expire 6 lines
04-27 21:48:08.843  1968  2129 I chatty  : uid=1000(system) android.fg expire 5 lines
04-27 21:48:08.845  1968  2159 I chatty  : uid=1000(system) ActivityManager expire 44 lines
04-27 21:48:09.034  1968  2813 I chatty  : uid=1000(system) Binder:1968_7 expire 4 lines
04-27 21:48:09.101  1968  2615 I chatty  : uid=1000(system) Binder:1968_3 expire 4 lines
04-27 21:48:09.125  1968  4126 I chatty  : uid=1000(system) Binder:1968_11 expire 2 lines
04-27 21:48:09.187  1968  2019 I chatty  : uid=1000(system) Binder:1968_2 expire 4 lines
04-27 21:48:09.259  1968  2817 I chatty  : uid=1000(system) Binder:1968_8 expire 3 lines
04-27 21:48:09.410  1968  2135 I chatty  : uid=1000(system) android.anim expire 13 lines
04-27 21:48:09.652  1968  3881 I chatty  : uid=1000(system) Binder:1968_B expire 1 line
04-27 21:48:11.550  4720  4720 W ActivityThread: serviceCreate starts in 2186 ms, CreateServiceData = CreateServiceData{token=android.os.BinderProxy@832b8f4 className=com.google.android.hotword.service.HotwordService packageName=com.google.android.googlequicksearchbox intent=null}
04-27 21:48:11.569  4748  4748 W ActivityThread: serviceCreate starts in 2106 ms, CreateServiceData = CreateServiceData{token=android.os.BinderProxy@ead17e0 className=com.google.android.apps.auto.carservice.service.impl.GearheadCarStartupService packageName=com.google.android.projection.gearhead intent=null}
04-27 21:48:11.623  4611  4611 W ActivityThread: serviceCreate starts in 2465 ms, CreateServiceData = CreateServiceData{token=android.os.BinderProxy@682e0e6 className=com.google.android.apps.messaging.rcsmigration.RcsMigrationService packageName=com.google.android.apps.messaging intent=null}
04-27 21:48:11.654  4720  4720 W ActivityThread: serviceCreate starts in 2289 ms, CreateServiceData = CreateServiceData{token=android.os.BinderProxy@5a356bc className=com.google.android.apps.gsa.publicsearch.PublicSearchService packageName=com.google.android.googlequicksearchbox intent=null}
04-27 21:48:11.749  3149  3149 W ActivityThread: serviceCreate starts in 2850 ms, CreateServiceData = CreateServiceData{token=android.os.BinderProxy@9ebefe3 className=com.google.android.location.fused.FusedLocationService packageName=com.google.android.gms intent=null}
04-27 21:48:11.769  1968  3750 I chatty  : uid=1000(system) LocationService expire 2 lines
04-27 21:48:11.789  3149  3149 W ActivityThread: serviceCreate starts in 2875 ms, CreateServiceData = CreateServiceData{token=android.os.BinderProxy@a0eab6a className=com.google.android.gms.location.geocode.GeocodeService packageName=com.google.android.gms intent=null}
04-27 21:48:11.847  3149  3149 W ActivityThread: serviceCreate starts in 2924 ms, CreateServiceData = CreateServiceData{token=android.os.BinderProxy@f093f37 className=com.google.android.location.internal.GoogleLocationManagerService packageName=com.google.android.gms intent=null}
04-27 21:48:12.158  1968  4054 I chatty  : uid=1000(system) backup-0 expire 378 lines
04-27 21:48:12.223  1968  3216 I chatty  : uid=1000(system) Binder:1968_9 expire 2 lines
04-27 21:48:12.519  3149  3149 W ActivityThread: serviceCreate starts in 3554 ms, CreateServiceData = CreateServiceData{token=android.os.BinderProxy@8c21856 className=com.google.android.location.internal.server.HardwareArProviderService packageName=com.google.android.gms intent=null}
04-27 21:48:12.549  3149  3149 W ActivityThread: serviceCreate starts in 3583 ms, CreateServiceData = CreateServiceData{token=android.os.BinderProxy@9160230 className=com.google.android.gms.trustagent.api.bridge.TrustAgentBridgeService packageName=com.google.android.gms intent=null}
04-27 21:48:12.791  1968  4105 I chatty  : uid=1000(system) Binder:1968_E expire 11 lines
04-27 21:48:12.909  1968  4892 I chatty  : uid=1000(system) Binder:1968_1A expire 9 lines
04-27 21:48:13.623  4062  4062 W KeyphraseEnrollmentInfo: No enrollment application supports the given keyphrase/locale: 'null'/nl_NL
04-27 21:48:13.624  4062  4062 W KeyphraseEnrollmentInfo: No enrollment application supports the given keyphrase/locale: 'Ok Google'/nl_NL
04-27 21:48:13.632  4062  4062 W KeyphraseEnrollmentInfo: No enrollment application supports the given keyphrase/locale: 'X Google'/nl_NL
04-27 21:48:13.632  4062  4062 W KeyphraseEnrollmentInfo: No enrollment application supports the given keyphrase/locale: 'X Google'/nl_NL
04-27 21:48:13.766  1968  4147 I chatty  : uid=1000(system) Binder:1968_15 expire 1 line
04-27 21:48:14.705  1968  4903 I chatty  : uid=1000(system) Binder:1968_1F expire 3 lines
04-27 21:48:14.784  1968  2017 I chatty  : uid=1000(system) Binder:1968_1 expire 4 lines
04-27 21:48:14.894  1968  4896 I chatty  : uid=1000(system) Binder:1968_1D expire 2 lines
04-27 21:48:15.000  1968  4897 I chatty  : uid=1000(system) Binder:1968_1E expire 10 lines
04-27 21:48:15.028  1968  4121 I chatty  : uid=1000(system) Binder:1968_F expire 7 lines
04-27 21:48:15.404  1968  4142 I chatty  : uid=1000(system) Binder:1968_14 expire 1 line
04-27 21:48:15.965  1968  2134 I chatty  : uid=1000(system) android.display expire 2 lines
04-27 21:48:16.207  1968  4895 I chatty  : uid=1000(system) Binder:1968_1C expire 2 lines
04-27 21:48:18.257  1968  5699 I chatty  : uid=1000 system_server expire 13 lines
04-27 21:48:19.577  3149  5303 E ActivityThread: Failed to find provider info for instantapp-dev-manager
04-27 21:48:19.594  1968  2543 I chatty  : uid=1000(system) NetworkPolicy expire 1 line
04-27 21:48:19.618  1968  1968 I chatty  : uid=1000 system_server expire 3 lines
04-27 21:48:19.815  1968  3880 I chatty  : uid=1000(system) Binder:1968_A expire 1 line
04-27 21:48:19.849  1968  2159 I chatty  : uid=1000(system) ActivityManager expire 2 lines
04-27 21:48:20.337  1968  4104 I chatty  : uid=1000(system) Binder:1968_D expire 16 lines
04-27 21:48:20.410  1968  2134 I chatty  : uid=1000(system) android.display expire 1 line
04-27 21:48:20.439  1968  4121 I chatty  : uid=1000(system) Binder:1968_F expire 1 line
04-27 21:48:20.443  1968  4105 I chatty  : uid=1000(system) Binder:1968_E expire 1 line
04-27 21:48:20.459  1968  2135 I chatty  : uid=1000(system) android.anim expire 5 lines
04-27 21:48:20.465  1968  2159 I chatty  : uid=1000(system) ActivityManager expire 36 lines
04-27 21:48:20.525  1968  2817 I chatty  : uid=1000(system) Binder:1968_8 expire 11 lines
04-27 21:48:20.709  1968  2158 I chatty  : uid=1000(system) ActivityManager expire 1 line
04-27 21:48:20.985  1968  2813 I chatty  : uid=1000(system) Binder:1968_7 expire 4 lines
04-27 21:48:21.155  1968  3880 I chatty  : uid=1000(system) Binder:1968_A expire 4 lines
04-27 21:48:21.269  1968  1968 I chatty  : uid=1000 system_server expire 12 lines
04-27 21:48:21.297  1968  4125 I chatty  : uid=1000(system) Binder:1968_10 expire 1 line
04-27 21:48:21.363  1968  3216 I chatty  : uid=1000(system) Binder:1968_9 expire 6 lines
04-27 21:48:21.376  1968  4142 I chatty  : uid=1000(system) Binder:1968_14 expire 3 lines
04-27 21:48:21.620  1968  4885 I chatty  : uid=1000(system) Binder:1968_19 expire 5 lines
04-27 21:48:21.729  1968  2600 I chatty  : uid=1000(system) ConnectivitySer expire 28 lines
04-27 21:48:21.823  1968  4136 I chatty  : uid=1000(system) Binder:1968_12 expire 2 lines
04-27 21:48:22.119  1968  2615 I chatty  : uid=1000(system) Binder:1968_3 expire 26 lines
04-27 21:48:22.411  1968  4897 I chatty  : uid=1000(system) Binder:1968_1E expire 1 line
04-27 21:48:22.932  6282  6336 E ActivityThread: Failed to find provider info for com.facebook.appmanager.nekodirect
04-27 21:48:23.545  1968  2699 I chatty  : uid=1000(system) Binder:1968_4 expire 5 lines
04-27 21:48:24.737  1968  2129 I chatty  : uid=1000(system) android.fg expire 2 lines
04-27 21:48:25.030  6540  6601 D SystemConfig: Removed unavailable feature android.hardware.sensor.compass
04-27 21:48:25.031  6540  6601 D SystemConfig: Removed unavailable feature android.hardware.sensor.compass
04-27 21:48:25.038  6540  6601 D SystemConfig: Removed unavailable feature android.hardware.sensor.gyroscope
04-27 21:48:25.039  6540  6601 D SystemConfig: Removed unavailable feature android.hardware.sensor.barometer
04-27 21:48:25.042  6540  6601 W SystemConfig: No directory /oem/etc/sysconfig, skipping
04-27 21:48:25.042  6540  6601 W SystemConfig: No directory /oem/etc/permissions, skipping
04-27 21:48:25.060  6540  6601 D SystemConfig: Removed unavailable feature com.google.android.feature.RU
04-27 21:48:25.135  6540  6601 W SystemConfig: No directory /system/etc/motorola/bgintents, skipping
04-27 21:48:25.135  6540  6601 W SystemConfig: No directory /oem/etc/motorola/bgintents, skipping
04-27 21:48:25.143  6540  6601 W SystemConfig: No directory /product_services/etc/sysconfig, skipping
04-27 21:48:25.143  6540  6601 W SystemConfig: No directory /product_services/etc/permissions, skipping
04-27 21:48:25.144  6540  6601 W SystemConfig: No directory /system/etc/motorola/sysconfig, skipping
04-27 21:48:25.144  6540  6601 W SystemConfig: No directory /oem/etc/motorola/sysconfig, skipping
04-27 21:48:25.144  6540  6601 W SystemConfig: No directory /product/etc/motorola/sysconfig, skipping
04-27 21:48:25.272  1968  2430 I chatty  : uid=1000(system) UEventObserver expire 1 line
04-27 21:48:25.407  1968  2133 I chatty  : uid=1000(system) android.io expire 2 lines
04-27 21:48:25.591  1968  2147 I chatty  : uid=1000(system) android.bg expire 1 line
04-27 21:48:25.642  1968  2017 I chatty  : uid=1000(system) Binder:1968_1 expire 1 line
04-27 21:48:27.651  1968  4147 I chatty  : uid=1000(system) Binder:1968_15 expire 4 lines
04-27 21:48:28.048  1968  4896 I chatty  : uid=1000(system) Binder:1968_1D expire 5 lines
04-27 21:48:29.070  1968  4903 I chatty  : uid=1000(system) Binder:1968_1F expire 2 lines
04-27 21:48:32.474  1968  4126 I chatty  : uid=1000(system) Binder:1968_11 expire 5 lines
04-27 21:48:35.723  1968  4104 I chatty  : uid=1000(system) Binder:1968_D expire 5 lines
04-27 21:48:36.136  1968  2159 I chatty  : uid=1000(system) ActivityManager expire 22 lines
04-27 21:48:36.197  1968  2600 I chatty  : uid=1000(system) ConnectivitySer expire 41 lines
04-27 21:48:36.202  1968  2817 I chatty  : uid=1000(system) Binder:1968_8 expire 2 lines
04-27 21:48:36.457  1968  4903 I chatty  : uid=1000(system) Binder:1968_1F expire 10 lines
04-27 21:48:36.505  1968  3216 I chatty  : uid=1000(system) Binder:1968_9 expire 2 lines
04-27 21:48:37.585  1968  4892 I chatty  : uid=1000(system) Binder:1968_1A expire 8 lines
04-27 21:48:37.656  1968  4125 I chatty  : uid=1000(system) Binder:1968_10 expire 1 line
04-27 21:48:37.703  1968  2158 I chatty  : uid=1000(system) ActivityManager expire 1 line
04-27 21:48:37.793  1968  4893 I chatty  : uid=1000(system) Binder:1968_1B expire 6 lines
04-27 21:48:37.834  1968  4136 I chatty  : uid=1000(system) Binder:1968_12 expire 7 lines
04-27 21:48:38.574  1968  3881 I chatty  : uid=1000(system) Binder:1968_B expire 2 lines
04-27 21:48:39.057  1968  2019 I chatty  : uid=1000(system) Binder:1968_2 expire 6 lines
04-27 21:48:39.058  1968  4895 I chatty  : uid=1000(system) Binder:1968_1C expire 5 lines
04-27 21:48:39.368  1968  4896 I chatty  : uid=1000(system) Binder:1968_1D expire 2 lines
04-27 21:48:39.369  1968  4147 I chatty  : uid=1000(system) Binder:1968_15 expire 9 lines
04-27 21:48:39.451  1968  2615 I chatty  : uid=1000(system) Binder:1968_3 expire 2 lines
04-27 21:48:40.708  1968  2813 I chatty  : uid=1000(system) Binder:1968_7 expire 2 lines
04-27 21:48:40.848  1968  2796 I chatty  : uid=1000(system) Binder:1968_6 expire 1 line
04-27 21:48:40.948  1968  3880 I chatty  : uid=1000(system) Binder:1968_A expire 3 lines
04-27 21:48:42.448  1968  2133 I chatty  : uid=1000(system) android.io expire 2 lines
04-27 21:48:42.798  1968  4105 I chatty  : uid=1000(system) Binder:1968_E expire 2 lines
04-27 21:48:43.080  1968  4142 I chatty  : uid=1000(system) Binder:1968_14 expire 1 line
04-27 21:48:43.240  1968  4141 I chatty  : uid=1000(system) Binder:1968_13 expire 2 lines
04-27 21:48:44.180  1968  4884 I chatty  : uid=1000(system) Binder:1968_18 expire 1 line
04-27 21:48:44.352  1968  2764 I chatty  : uid=1000(system) Binder:1968_5 expire 5 lines
04-27 21:48:44.373  1968  1968 I chatty  : uid=1000 system_server expire 5 lines
04-27 21:48:44.627  1968  2129 I chatty  : uid=1000(system) android.fg expire 2 lines
04-27 21:48:45.135  1968  2147 I chatty  : uid=1000(system) android.bg expire 1 line
04-27 21:48:45.300  1968  4897 I chatty  : uid=1000(system) Binder:1968_1E expire 1 line
04-27 21:48:45.301  1968  4883 I chatty  : uid=1000(system) Binder:1968_17 expire 1 line
04-27 21:48:47.819  8711  8711 E ActivityThread: Failed to find provider info for com.motorola.motoaudio.provider.moto
04-27 21:48:47.856  8711  8711 E ActivityThread: Failed to find provider info for com.motorola.motoaudio.provider.moto
04-27 21:48:47.884  2945  2945 E ExtAssistant: Error occurred processing removal of StatusBarNotification(pkg=com.motorola.actions user=UserHandle{0} id=22 tag=null key=0|com.motorola.actions|22|null|10179: Notification(channel=RUNNING_SERVICE pri=0 contentView=null vibrate=null sound=null defaults=0x0 flags=0x16a color=0xff707173 vis=PRIVATE))
04-27 21:48:47.884  2945  2945 E ExtAssistant: java.lang.NullPointerException: Attempt to invoke virtual method 'android.app.NotificationChannel android.ext.services.notification.NotificationEntry.getChannel()' on a null object reference
04-27 21:48:47.884  2945  2945 E ExtAssistant: 	at android.ext.services.notification.Assistant.onNotificationRemoved(Assistant.java:323)
