04-28 13:25:07.699  2658  3182 D Avrcp_ext: AudioManager Player: ID:55 -- type:android.media.SoundPool -- u/pid:10144/2678 -- state:idle -- attr:AudioAttributes: usage=USAGE_ASSISTANCE_SONIFICATION content=CONTENT_TYPE_SONIFICATION flags=0x800 tags= bundle=null
04-28 13:25:07.699  2658  3182 D Avrcp_ext: AudioManager Player: ID:407 -- type:android.media.MediaPlayer -- u/pid:10144/2678 -- state:started -- attr:AudioAttributes: usage=USAGE_ASSISTANCE_SONIFICATION content=CONTENT_TYPE_SONIFICATION flags=0x800 tags= bundle=null
04-28 13:25:07.699  2658  3182 D Avrcp_ext: AudioManager isPlaying: true
04-28 13:25:07.699  2658  3182 V Avrcp_ext: updateCurrentMediaState: mMediaController: null
04-28 13:25:07.700  2658  3182 V Avrcp_ext: isMusicActive: false getBluetoothPlayState: 2
04-28 13:25:07.700  2658  3182 V Avrcp_ext: updateCurrentMediaState: isPlaying = false
04-28 13:25:07.700  2658  3182 V Avrcp_ext: Media update: id -1-1? [MediaAttributes: none] : [MediaAttributes: none]
04-28 13:25:07.700  2658  3182 V Avrcp_ext: newPlayStatus:2mReportedPlayStatus:-1
04-28 13:25:07.700  2658  3182 V Avrcp_ext: updatePlaybackState, state: PlaybackState {state=2, position=-1, buffered position=0, speed=0.0, updated=56263500, actions=0, custom actions=[], active item id=-1, error=null} device: null
04-28 13:25:07.700  2658  3182 V Avrcp_ext: Device: no name: 
04-28 13:25:07.700  2658  3182 I chatty  : uid=1002(bluetooth) BluetoothAvrcpH identical 52 lines
04-28 13:25:07.701  1113  2617 I hash_map_utils: key: 'is_hw_dec_session_available' value: 'audio/vorbis'
04-28 13:25:07.702  1276  7086 I MediaCodec: (0xf1c9f000) init name(OMX.google.vorbis.decoder)
04-28 13:25:07.708  1276  7087 I OMXClient: IOmx service obtained
04-28 13:25:07.708  1293  5797 I OMXMaster: makeComponentInstance(OMX.google.vorbis.decoder) in android.hardwar process
04-28 13:25:07.710  1276  7087 I MediaCodec: (0xf1c9f000) Component Allocated (OMX.google.vorbis.decoder)
04-28 13:25:07.711  1276  7086 I MediaCodec: (0xf1c9f000) configure surface(0x0) crypto(0x0) flags(0)
04-28 13:25:07.711  1276  7086 D MediaCodec: (0xf1c9f000) configure format: AMessage(what = 0x00000000) = {
04-28 13:25:07.711  1276  7086 D MediaCodec:       string mime = "audio/vorbis"
04-28 13:25:07.711  1276  7086 D MediaCodec:       int64_t durationUs = 1567551
04-28 13:25:07.711  1276  7086 D MediaCodec:       Buffer csd-0 = {
04-28 13:25:07.711  1276  7086 D MediaCodec:         00000000:  01 76 6f 72 62 69 73 00  00 00 00 01 44 ac 00 00  .vorbis.....D...
04-28 13:25:07.711  1276  7086 D MediaCodec:         00000010:  00 00 00 00 80 38 01 00  00 00 00 00 b8 01        .....8........
04-28 13:25:07.711  1276  7086 D MediaCodec:       }
04-28 13:25:07.711  1276  7086 D MediaCodec:       Buffer *csd-1 = 0xf61181d0
04-28 13:25:07.711  1276  7086 D MediaCodec:       int32_t bitrate = 80000
04-28 13:25:07.711  1276  7086 D MediaCodec:       int32_t channel-count = 1
04-28 13:25:07.711  1276  7086 D MediaCodec:       int32_t sample-rate = 44100
04-28 13:25:07.711  1276  7086 D MediaCodec:       int32_t channel-mask = 1
04-28 13:25:07.711  1276  7086 D MediaCodec:       int32_t priority = 0
04-28 13:25:07.711  1276  7086 D MediaCodec:     }
04-28 13:25:07.711  1293  5797 E OMXNodeInstance: setConfig(0xee820440:google.vorbis.decoder, ConfigPriority(0x6f800002)) ERROR: Undefined(0x80001001)
04-28 13:25:07.712  1276  7087 I ACodec  : codec does not support config priority (err -2147483648)
04-28 13:25:07.712  1293  5797 E OMXNodeInstance: getConfig(0xee820440:google.vorbis.decoder, ConfigAndroidVendorExtension(0x6f100004)) ERROR: Undefined(0x80001001)
04-28 13:25:07.714  1276  7087 I MediaCodec: MediaCodec will operate in async mode
04-28 13:25:07.714  1276  7086 I MediaCodec: (0xf1c9f000) start
04-28 13:25:07.724  1276  7087 I MediaCodec: (0xf1c9f000) kWhatStartCompleted
04-28 13:25:07.738  1276  7087 D MediaCodec: (0xf1c9f000) kWhatOutputBuffersChanged
04-28 13:25:07.744  1113 12437 D AudioFlinger: Client defaulted notificationFrames to 11025 for frameCount 22050
04-28 13:25:07.746  1113 12437 D AF::TrackHandle: OpPlayAudio: track:71 usage:13 not muted
04-28 13:25:07.747  1113 12437 D AudioFlinger: AudioFlinger::registerAudioTrackClient AudioClient uid 10144, pid 2678
04-28 13:25:07.750  1113 25823 D APM_AudioPolicyManager: startOutput() output 13, stream 1, session 537
04-28 13:25:07.753  1029  3811 V msm8974_platform: platform_get_output_snd_device: enter: output devices(0x2)
04-28 13:25:07.754  1029  3811 V msm8974_platform: platform_get_output_snd_device: exit: snd_device(speaker)
04-28 13:25:07.754  1029  3811 V msm8974_platform: platform_get_backend_index:napb: backend port - 0 device - 2 
04-28 13:25:07.754  1029  3811 V msm8974_platform: platform_check_and_set_playback_backend_cfg: usecase->stream.out->config.format (0)
04-28 13:25:07.754  1029  3811 V msm8974_platform: platform_check_and_set_playback_backend_cfg:becf: afe: bitwidth 16, samplerate 48000 channels 2, backend_idx 0 usecase = 1 device (speaker)
04-28 13:25:07.754  1029  3811 V msm8974_platform: platform_check_and_set_playback_backend_cfg: new_snd_devices[0] is 2
04-28 13:25:07.754  1029  3811 V msm8974_platform: platform_get_backend_index:napb: backend port - 0 device - 2 
04-28 13:25:07.754  1029  3811 V msm8974_platform: platform_check_playback_backend_cfg:becf: afe: bitwidth 16, samplerate 48000 channels 2, backend_idx 0 usecase = 1 device (speaker)
04-28 13:25:07.754  1029  3811 V msm8974_platform: platform_check_playback_backend_cfg:becf: afe: Codec selected backend: 0 updated bit width: 16 andsample rate: 48000
04-28 13:25:07.754  1029  3811 V msm8974_platform: platform_send_audio_calibration: sending audio calibration for snd_device(2) acdb_id(14)
04-28 13:25:07.754  1029  3811 D ACDB-LOADER: ACDB -> send_audio_cal, acdb_id = 14, path = 0, app id = 0x11130, sample rate = 48000, afe_sample_rate = 48000
04-28 13:25:07.754  1029  3811 D ACDB-LOADER: ACDB -> send_asm_topology
04-28 13:25:07.754  1029  3811 D ACDB-LOADER: ACDB -> ACDB_CMD_GET_AUDPROC_STREAM_TOPOLOGY_ID
04-28 13:25:07.754  1029  3811 D ACDB-LOADER: ACDB -> send_adm_topology
04-28 13:25:07.754  1029  3811 D ACDB-LOADER: ACDB -> ACDB_CMD_GET_AUDPROC_COMMON_TOPOLOGY_ID
04-28 13:25:07.754  1029  3811 D ACDB-LOADER: ACDB -> send_audtable
04-28 13:25:07.754  1029  3811 D ACDB-LOADER: ACDB -> ACDB_CMD_GET_AUDPROC_INSTANCE_COMMON_TABLE_SIZE
04-28 13:25:07.754  1029  3811 D ACDB-LOADER: ACDB -> ACDB_CMD_GET_AUDPROC_INSTANCE_COMMON_TABLE
04-28 13:25:07.754  1029  3811 D ACDB-LOADER: ACDB -> AUDIO_SET_AUDPROC_CAL cal_type[11] acdb_id[14] app_type[69936]
04-28 13:25:07.754  1029  3811 D ACDB-LOADER: ACDB -> ACDB_CMD_GET_PERSISTENT_AUDPROC_INSTANCE_COMMON_TABLE_SIZE
04-28 13:25:07.754  1029  3811 D         : ACDBFILE_MGR: Property for the pid 000133B7 not found
04-28 13:25:07.754  1029  3811 D         : [Data Manager] -> Failed to fetch the property info for pid 000133B7 
04-28 13:25:07.754  1029  3811 D         : ACDBFILE_MGR: Property for the pid 000133B7 not found
04-28 13:25:07.754  1029  3811 D         : [Data Manager] -> Failed to fetch the property info for pid 000133B7 
04-28 13:25:07.754  1029  3811 D         : ACDBFILE_MGR: Property for the pid 000133B7 not found
04-28 13:25:07.754  1029  3811 D         : [Data Manager] -> Failed to fetch the property info for pid 000133B7 
04-28 13:25:07.754  1029  3811 D         : ACDBFILE_MGR: Property for the pid 000133B7 not found
04-28 13:25:07.754  1029  3811 D         : [Data Manager] -> Failed to fetch the property info for pid 000133B7 
04-28 13:25:07.754  1029  3811 D         : ACDBFILE_MGR: Property for the pid 000133B7 not found
04-28 13:25:07.754  1029  3811 D         : [Data Manager] -> Failed to fetch the property info for pid 000133B7 
04-28 13:25:07.754  1029  3811 D         : ACDBFILE_MGR: Property for the pid 000133B7 not found
04-28 13:25:07.754  1029  3811 D         : [Data Manager] -> Failed to fetch the property info for pid 000133B7 
04-28 13:25:07.754  1029  3811 D         : ACDBFILE_MGR: Property for the pid 000133B7 not found
04-28 13:25:07.755  1029  3811 D         : [Data Manager] -> Failed to fetch the property info for pid 000133B7 
04-28 13:25:07.755  1029  3811 D         : ACDBFILE_MGR: Property for the pid 000133B7 not found
04-28 13:25:07.755  1029  3811 D         : [Data Manager] -> Failed to fetch the property info for pid 000133B7 
04-28 13:25:07.755  1029  3811 D         : ACDBFILE_MGR: Property for the pid 000133B7 not found
04-28 13:25:07.755  1029  3811 D         : [Data Manager] -> Failed to fetch the property info for pid 000133B7 
04-28 13:25:07.755  1029  3811 D         : ACDBFILE_MGR: Property for the pid 000133B7 not found
04-28 13:25:07.755  1029  3811 D         : [Data Manager] -> Failed to fetch the property info for pid 000133B7 
04-28 13:25:07.755  1029  3811 D         : ACDBFILE_MGR: Property for the pid 000133B7 not found
04-28 13:25:07.755  1029  3811 D         : [Data Manager] -> Failed to fetch the property info for pid 000133B7 
04-28 13:25:07.755  1029  3811 D         : ACDBFILE_MGR: Property for the pid 000133B7 not found
04-28 13:25:07.755  1029  3811 D         : [Data Manager] -> Failed to fetch the property info for pid 000133B7 
04-28 13:25:07.755  1029  3811 D         : [Data Manager]-> No data found
04-28 13:25:07.755  1029  3811 D ACDB-LOADER: Error: ACDB_CMD_GET_PERSISTENT_AUDPROC_INSTANCE_COMMON_TABLE_SIZE returned -18
04-28 13:25:07.755  1029  3811 D ACDB-LOADER: ACDB -> send_audproc_persist_table -18 
04-28 13:25:07.755  1029  3811 D ACDB-LOADER: Error: Invalid Audproc persist size = -18
04-28 13:25:07.755  1029  3811 D ACDB-LOADER: ACDB -> send_audvoltable
04-28 13:25:07.755  1029  3811 D ACDB-LOADER: ACDB -> ACDB_CMD_GET_AUDPROC_INSTANCE_GAIN_DEP_STEP_TABLE_SIZE
04-28 13:25:07.755  1029  3811 D         : Failed to fetch the lookup information of the device 0000000E 
04-28 13:25:07.755  1029  3811 D ACDB-LOADER: Error: ACDB_CMD_GET_AUDPROC_INSTANCE_GAIN_DEP_STEP_TABLE_SIZE Returned = -19
04-28 13:25:07.755  1029  3811 D ACDB-LOADER: ACDB -> ACDB_CMD_GET_AUDPROC_INSTANCE_GAIN_DEP_STEP_TABLE, vol index 0
04-28 13:25:07.755  1029  3811 D         : Failed to fetch the lookup information of the device 0000000E 
04-28 13:25:07.755  1029  3811 D ACDB-LOADER: Error: ACDB AudProc vol returned = -19
04-28 13:25:07.755  1029  3811 D ACDB-LOADER: ACDB -> AUDIO_SET_VOL_CAL cal type = 12
04-28 13:25:07.755  1029  3811 D ACDB-LOADER: ACDB -> ACDB_CMD_GET_AUDPROC_INSTANCE_STREAM_TABLE_SIZE
04-28 13:25:07.755  1029  3811 D ACDB-LOADER: ACDB -> send_audstrmtable
04-28 13:25:07.755  1029  3811 D ACDB-LOADER: ACDB -> ACDB_CMD_GET_AUDPROC_INSTANCE_STREAM_TABLE
04-28 13:25:07.755  1029  3811 D ACDB-LOADER: ACDB -> audstrm_cal->cal_type.cal_data.cal_size = 536
04-28 13:25:07.755  1029  3811 D ACDB-LOADER: ACDB -> send_afe_topology
04-28 13:25:07.755  1029  3811 D ACDB-LOADER: ACDB -> ACDB_CMD_GET_AFE_TOPOLOGY_ID
04-28 13:25:07.755  1029  3811 D ACDB-LOADER: ACDB -> GET_AFE_TOPOLOGY_ID for adcd_id 14, Topology Id 1000ff01
04-28 13:25:07.755  1029  3811 D ACDB-LOADER: ACDB -> send_afe_cal
04-28 13:25:07.755  1029  3811 D ACDB-LOADER: ACDB -> ACDB_CMD_GET_AFE_INSTANCE_COMMON_TABLE_SIZE
04-28 13:25:07.755  1029  3811 D ACDB-LOADER: ACDB -> ACDB_CMD_GET_AFE_INSTANCE_COMMON_TABLE
04-28 13:25:07.755  1029  3811 D ACDB-LOADER: ACDB -> AUDIO_SET_AFE_CAL cal_type[16] acdb_id[14]
04-28 13:25:07.755  1029  3811 D ACDB-LOADER: ACDB -> send_hw_delay : acdb_id = 14 path = 0
04-28 13:25:07.755  1029  3811 D ACDB-LOADER: ACDB -> ACDB_AVSYNC_INFO: ACDB_CMD_GET_DEVICE_PROPERTY
04-28 13:25:07.755  1029  3811 V msm8974_platform: platform_send_audio_calibration: sending audio calibration for snd_device(125) acdb_id(102)
04-28 13:25:07.755  1029  3811 D ACDB-LOADER: ACDB -> send_audio_cal, acdb_id = 102, path = 1, app id = 0x11130, sample rate = 48000, afe_sample_rate = 48000
04-28 13:25:07.755  1029  3811 D ACDB-LOADER: ACDB -> send_asm_topology
04-28 13:25:07.755  1029  3811 D ACDB-LOADER: ACDB -> ACDB_CMD_GET_AUDPROC_STREAM_TOPOLOGY_ID
04-28 13:25:07.755  1029  3811 D ACDB-LOADER: ACDB -> send_adm_topology
04-28 13:25:07.755  1029  3811 D ACDB-LOADER: ACDB -> ACDB_CMD_GET_AUDPROC_COMMON_TOPOLOGY_ID
04-28 13:25:07.755  1029  3811 D ACDB-LOADER: ACDB -> send_audtable
04-28 13:25:07.755  1029  3811 D ACDB-LOADER: ACDB -> ACDB_CMD_GET_AUDPROC_INSTANCE_COMMON_TABLE_SIZE
04-28 13:25:07.755  1029  3811 D ACDB-LOADER: ACDB -> ACDB_CMD_GET_AUDPROC_INSTANCE_COMMON_TABLE
04-28 13:25:07.755  1029  3811 D ACDB-LOADER: ACDB -> AUDIO_SET_AUDPROC_CAL cal_type[11] acdb_id[102] app_type[69936]
04-28 13:25:07.755  1029  3811 D ACDB-LOADER: ACDB -> ACDB_CMD_GET_PERSISTENT_AUDPROC_INSTANCE_COMMON_TABLE_SIZE
04-28 13:25:07.755  1029  3811 D         : ACDBFILE_MGR: Property for the pid 000133B7 not found
04-28 13:25:07.755  1029  3811 D         : [Data Manager] -> Failed to fetch the property info for pid 000133B7 
04-28 13:25:07.755  1029  3811 D         : ACDBFILE_MGR: Property for the pid 000133B7 not found
04-28 13:25:07.755  1029  3811 D         : [Data Manager] -> Failed to fetch the property info for pid 000133B7 
04-28 13:25:07.755  1029  3811 D         : ACDBFILE_MGR: Property for the pid 000133B7 not found
04-28 13:25:07.755  1029  3811 D         : [Data Manager] -> Failed to fetch the property info for pid 000133B7 
04-28 13:25:07.755  1029  3811 D         : ACDBFILE_MGR: Property for the pid 000133B7 not found
04-28 13:25:07.755  1029  3811 D         : [Data Manager] -> Failed to fetch the property info for pid 000133B7 
04-28 13:25:07.755  1029  3811 D         : ACDBFILE_MGR: Property for the pid 000133B7 not found
04-28 13:25:07.755  1029  3811 D         : [Data Manager] -> Failed to fetch the property info for pid 000133B7 
04-28 13:25:07.755  1029  3811 D         : ACDBFILE_MGR: Property for the pid 000133B7 not found
04-28 13:25:07.755  1029  3811 D         : [Data Manager] -> Failed to fetch the property info for pid 000133B7 
04-28 13:25:07.755  1029  3811 D         : ACDBFILE_MGR: Property for the pid 000133B7 not found
04-28 13:25:07.756  1029  3811 D         : [Data Manager] -> Failed to fetch the property info for pid 000133B7 
04-28 13:25:07.756  1029  3811 D         : ACDBFILE_MGR: Property for the pid 000133B7 not found
04-28 13:25:07.756  1029  3811 D         : [Data Manager] -> Failed to fetch the property info for pid 000133B7 
04-28 13:25:07.756  1029  3811 D         : ACDBFILE_MGR: Property for the pid 000133B7 not found
04-28 13:25:07.756  1029  3811 D         : [Data Manager] -> Failed to fetch the property info for pid 000133B7 
04-28 13:25:07.756  1029  3811 D         : ACDBFILE_MGR: Property for the pid 000133B7 not found
04-28 13:25:07.756  1029  3811 D         : [Data Manager] -> Failed to fetch the property info for pid 000133B7 
04-28 13:25:07.756  1029  3811 D         : ACDBFILE_MGR: Property for the pid 000133B7 not found
04-28 13:25:07.756  1029  3811 D         : [Data Manager] -> Failed to fetch the property info for pid 000133B7 
04-28 13:25:07.756  1029  3811 D         : ACDBFILE_MGR: Property for the pid 000133B7 not found
04-28 13:25:07.756  1029  3811 D         : [Data Manager] -> Failed to fetch the property info for pid 000133B7 
04-28 13:25:07.756  1029  3811 D         : [Data Manager]-> No data found
04-28 13:25:07.756  1029  3811 D ACDB-LOADER: Error: ACDB_CMD_GET_PERSISTENT_AUDPROC_INSTANCE_COMMON_TABLE_SIZE returned -18
04-28 13:25:07.756  1029  3811 D ACDB-LOADER: ACDB -> send_audproc_persist_table -18 
04-28 13:25:07.756  1029  3811 D ACDB-LOADER: Error: Invalid Audproc persist size = -18
04-28 13:25:07.756  1029  3811 D ACDB-LOADER: ACDB -> ACDB_CMD_GET_AUDPROC_INSTANCE_STREAM_TABLE_SIZE
04-28 13:25:07.756  1029  3811 D ACDB-LOADER: ACDB -> send_audstrmtable
04-28 13:25:07.756  1029  3811 D ACDB-LOADER: ACDB -> ACDB_CMD_GET_AUDPROC_INSTANCE_STREAM_TABLE
04-28 13:25:07.756  1029  3811 D ACDB-LOADER: ACDB -> audstrm_cal->cal_type.cal_data.cal_size = 536
04-28 13:25:07.756  1029  3811 D ACDB-LOADER: ACDB -> send_afe_topology
04-28 13:25:07.756  1029  3811 D ACDB-LOADER: ACDB -> ACDB_CMD_GET_AFE_TOPOLOGY_ID
04-28 13:25:07.756  1029  3811 D ACDB-LOADER: ACDB -> GET_AFE_TOPOLOGY_ID for adcd_id 102, Topology Id 1000ff00
04-28 13:25:07.756  1029  3811 D ACDB-LOADER: ACDB -> send_afe_cal
04-28 13:25:07.756  1029  3811 D ACDB-LOADER: ACDB -> ACDB_CMD_GET_AFE_INSTANCE_COMMON_TABLE_SIZE
04-28 13:25:07.756  1029  3811 D ACDB-LOADER: ACDB -> ACDB_CMD_GET_AFE_INSTANCE_COMMON_TABLE
04-28 13:25:07.756  1029  3811 D ACDB-LOADER: ACDB -> AUDIO_SET_AFE_CAL cal_type[17] acdb_id[102]
04-28 13:25:07.756  1029  3811 D ACDB-LOADER: ACDB -> send_hw_delay : acdb_id = 102 path = 1
04-28 13:25:07.756  1029  3811 D ACDB-LOADER: ACDB -> ACDB_AVSYNC_INFO: ACDB_CMD_GET_DEVICE_PROPERTY
04-28 13:25:07.756  1029  3811 D audio_hw_primary: enable_snd_device: snd_device(125: vi-feedback)
04-28 13:25:07.756  1029  3811 D audio_route: Apply path: vi-feedback
04-28 13:25:07.756  1029  3811 D audio_hw_primary: enable_audio_route: usecase(26) apply and update mixer path: spkr-vi-record
04-28 13:25:07.756  1029  3811 D audio_route: Apply path: spkr-vi-record
04-28 13:25:07.778  1029  3811 D audio_hw_primary: enable_snd_device: snd_device(2: speaker)
04-28 13:25:07.778  1029  3811 D audio_route: Apply path: speaker
04-28 13:25:07.779  1029  3811 V msm8974_platform: platform_get_snd_device_backend_index: enter with device 2
04-28 13:25:07.779  1029  3811 V msm8974_platform: platform_get_backend_index:napb: backend port - 0 device - 2 
04-28 13:25:07.779  1029  3811 I audio_hw_utils: Set Audio Stream 9 App Type Cfg: app_type 69936, acdb_dev_id 14, sample_rate 48000, snd_device_be_idx 43
04-28 13:25:07.780  1029  3811 D audio_hw_primary: enable_audio_route: usecase(1) apply and update mixer path: low-latency-playback speaker
04-28 13:25:07.780  1029  3811 D audio_route: Apply path: low-latency-playback speaker
04-28 13:25:07.780 31168 31168 I MotoDisplay: Acquiring partial wakelock MotoDisplayWakeLock for 500ms.
04-28 13:25:07.781  1029  1631 D MotSpeakerHelper: Speaker ON: volume 0.500000 (step 12), usecase SAFE
04-28 13:25:07.784 31168 31168 I MotoDisplay: Releasing wakelock: MotoDisplayWakeLock
04-28 13:25:07.787 31168 31168 I MotoDisplay: Acquiring partial wakelock MotoDisplayWakeLock for 500ms.
04-28 13:25:07.788 31168 31168 I MotoDisplay: Releasing wakelock: MotoDisplayWakeLock
04-28 13:25:07.789 31168 31168 I MotoDisplay: Acquiring partial wakelock MotoDisplayWakeLock for 500ms.
04-28 13:25:07.790 31168 31168 E MotoDisplay: Notification not found: [Key:  1479692316, groupKey: 1479692316]
04-28 13:25:07.791 31168 31168 I MotoDisplay: Acquiring partial wakelock MotoDisplayWakeLock for 500ms.
04-28 13:25:07.792 31168 31168 E MotoDisplay: Notification not found: [Key:  -1542228543, groupKey: -1542228543]
04-28 13:25:07.821  1029  3811 D audio_hw_primary: out_write: retry previous failed cal level set
04-28 13:25:07.825  1708  7062 I adbd    : USB event: FUNCTIONFS_ENABLE
04-28 13:25:07.961  2643  2821 I WifiHAL : event received NL80211_CMD_VENDOR, vendor_id = 0x1374, subcmd = 0xd
04-28 13:25:08.529  6606  6626 I Finsky  : [2569] gno.run(17): Stats for Executor: BlockingExecutor iuv@2171b99[Running, pool size = 4, active threads = 0, queued tasks = 0, completed tasks = 21]
04-28 13:25:08.532  6606  6626 I Finsky  : [2569] gno.run(17): Stats for Executor: LightweightExecutor iuv@f958e5e[Running, pool size = 4, active threads = 0, queued tasks = 0, completed tasks = 105]
04-28 13:25:08.621  6606  6626 I Finsky  : [2569] gno.run(17): Stats for Executor: bgExecutor iuv@ec2723f[Running, pool size = 4, active threads = 0, queued tasks = 0, completed tasks = 396]
04-28 13:25:08.634  1033  3136 I chatty  : uid=1002(bluetooth) POSIX timer 3 expire 2 lines
04-28 13:25:08.785  1033  2965 I chatty  : uid=1002(bluetooth) POSIX timer 0 expire 1 line
04-28 13:25:09.015  1708  1708 I adbd    : UsbFfs: already offline
04-28 13:25:09.016  1708  1708 I adbd    : Calling send_auth_request...
04-28 13:25:09.033  1708  1708 I adbd    : Loading keys from /data/misc/adb/adb_keys
04-28 13:25:09.037  1708  1708 I adbd    : adb client authorized
04-28 13:25:09.038  1968  3381 D AdbDebuggingManager: Received connected key message: QAAAAPfVupc5hMUWX3SjJt1/+67yqs+UiWkQt1ihE/8xmI+YuaNa96V8424Ye3KpHjHJGcKf37tvMHEwO197bXNaPU28rJoIrbeh66/RR/ENos+upQk9DeSk5poPgbMjFRERtZ4Gjfx1cxSHfxz5UXZXif7TtstWODd/A4b6j8THObPVOlzUpYYsi1oVdI0WwNq8HpntPtaR9p8CCueWe8XTp6oc0x24RjwuALEWMLrjZ8Fte3BjRd0z3pKNZtRfLY7/c9uCkumDh3rXobnbIxi0bj3RpfkiEyMVsHCJGKO+DyWQ8A/d0IyXZGFO1U9MBpdywZxMuwZJBTiAW9YJVQJSNYkNeFe89MwjOzPZOA+TwBI5JnJ4TR8pFXw6EZaSHjeL3aW8s74gSGGk+QcBBK6xzHy1Zob0ok+nRRUfjaDeipDL86lz86LYto98NOJ28u7PIW1YsK3mDHfQ3jHzpd1l2eYsjVqV8mX2/PbSPfGjWnLKg0O4f7hAH68H4Fc+k7qSlEcpo3Cp1P+ifC5wmSNvTYrHNMUnQ7cISKTjSoXHyJDWoylKkAvV7Xqo660J61ONsVNr/bpvh1fittoGyvGcNDUgymzei+Ac4cAuPntFD/OTlEuTfBd0G3mssok9Tn8uevGBv99SAfSBOuCkJlcqDLDogN8U9Z0hFpDUPURr0rs0+SFEAQEAAQA= keu@keuMsi
04-28 13:25:09.039  1968  2129 D AdbDebuggingManager: Logging key QAAAAPfVupc5hMUWX3SjJt1/+67yqs+UiWkQt1ihE/8xmI+YuaNa96V8424Ye3KpHjHJGcKf37tvMHEwO197bXNaPU28rJoIrbeh66/RR/ENos+upQk9DeSk5poPgbMjFRERtZ4Gjfx1cxSHfxz5UXZXif7TtstWODd/A4b6j8THObPVOlzUpYYsi1oVdI0WwNq8HpntPtaR9p8CCueWe8XTp6oc0x24RjwuALEWMLrjZ8Fte3BjRd0z3pKNZtRfLY7/c9uCkumDh3rXobnbIxi0bj3RpfkiEyMVsHCJGKO+DyWQ8A/d0IyXZGFO1U9MBpdywZxMuwZJBTiAW9YJVQJSNYkNeFe89MwjOzPZOA+TwBI5JnJ4TR8pFXw6EZaSHjeL3aW8s74gSGGk+QcBBK6xzHy1Zob0ok+nRRUfjaDeipDL86lz86LYto98NOJ28u7PIW1YsK3mDHfQ3jHzpd1l2eYsjVqV8mX2/PbSPfGjWnLKg0O4f7hAH68H4Fc+k7qSlEcpo3Cp1P+ifC5wmSNvTYrHNMUnQ7cISKTjSoXHyJDWoylKkAvV7Xqo660J61ONsVNr/bpvh1fittoGyvGcNDUgymzei+Ac4cAuPntFD/OTlEuTfBd0G3mssok9Tn8uevGBv99SAfSBOuCkJlcqDLDogN8U9Z0hFpDUPURr0rs0+SFEAQEAAQA= keu@keuMsi, state = 4, alwaysAllow = true, lastConnectionTime = 1651145109039, authWindow = 604800000
04-28 13:25:09.120  1276  7085 D AudioTrack: stop(37): called with 69129 frames delivered
04-28 13:25:09.374  6692  6717 I Finsky:background: [2578] gno.run(17): Stats for Executor: bgExecutor iuv@dfbd20c[Running, pool size = 0, active threads = 0, queued tasks = 0, completed tasks = 0]
04-28 13:25:09.476  2658  3182 D Avrcp_ext: AudioManager Player: ID:55 -- type:android.media.SoundPool -- u/pid:10144/2678 -- state:idle -- attr:AudioAttributes: usage=USAGE_ASSISTANCE_SONIFICATION content=CONTENT_TYPE_SONIFICATION flags=0x800 tags= bundle=null
04-28 13:25:09.477  2658  3182 D Avrcp_ext: AudioManager Player: ID:407 -- type:android.media.MediaPlayer -- u/pid:10144/2678 -- state:stopped -- attr:AudioAttributes: usage=USAGE_ASSISTANCE_SONIFICATION content=CONTENT_TYPE_SONIFICATION flags=0x800 tags= bundle=null
04-28 13:25:09.477  2658  3182 D Avrcp_ext: AudioManager isPlaying: false
04-28 13:25:09.477  2658  3182 V Avrcp_ext: updateCurrentMediaState: mMediaController: null
04-28 13:25:09.478  4265  4420 D DynamicVolume-DynamicVolumeService: onPlaybackConfigChanged configs size=3
04-28 13:25:09.478  2658  3182 V Avrcp_ext: isMusicActive: false getBluetoothPlayState: 2
04-28 13:25:09.478  2658  3182 V Avrcp_ext: updateCurrentMediaState: isPlaying = false
04-28 13:25:09.478  2658  3182 V Avrcp_ext: Media update: id -1-1? [MediaAttributes: none] : [MediaAttributes: none]
04-28 13:25:09.478  2658  3182 V Avrcp_ext: newPlayStatus:2mReportedPlayStatus:-1
04-28 13:25:09.478  2658  3182 V Avrcp_ext: updatePlaybackState, state: PlaybackState {state=2, position=-1, buffered position=0, speed=0.0, updated=56265278, actions=0, custom actions=[], active item id=-1, error=null} device: null
04-28 13:25:09.478  2658  3182 V Avrcp_ext: Device: no name: 
04-28 13:25:09.478  2658  3182 V Avrcp_ext: Device: no name: 
04-28 13:25:09.479  2658  3182 V Avrcp_ext: updatePlayerStateAndPosition, old=PlaybackState {state=2, position=-1, buffered position=0, speed=0.0, updated=56263500, actions=0, custom actions=[], active item id=-1, error=null}, state=PlaybackState {state=2, position=-1, buffered position=0, speed=0.0, updated=56265278, actions=0, custom actions=[], active item id=-1, error=null}
04-28 13:25:09.479  2658  3182 V Avrcp_ext: old state = PlaybackState {state=2, position=-1, buffered position=0, speed=0.0, updated=56263500, actions=0, custom actions=[], active item id=-1, error=null}, new state= PlaybackState {state=2, position=-1, buffered position=0, speed=0.0, updated=56265278, actions=0, custom actions=[], active item id=-1, error=null}
04-28 13:25:09.479  2658  3182 D HeadsetService: getHeadsetService(): returning com.android.bluetooth.hfp.HeadsetService@dc839dc
04-28 13:25:09.480  2658  3182 D HeadsetService:  isAudioOn: The number of audio connected devices 0
04-28 13:25:09.480  2658  3182 D HeadsetService: isScoOrCallActive(): Call Active:falseCall is Ringing:falseSCO is Active:false
04-28 13:25:09.481  2658  3182 D HeadsetService:  isAudioOn: The number of audio connected devices 0
04-28 13:25:09.481  2658  3182 I Avrcp_ext: updatePlayStatusForDevice: device: null
04-28 13:25:09.481  2658  3182 V Avrcp_ext: updatePlaybackState (1): old=PlaybackState {state=2, position=-1, buffered position=0, speed=0.0, updated=56263500, actions=0, custom actions=[], active item id=-1, error=null}(2), new=PlaybackState {state=2, position=-1, buffered position=0, speed=0.0, updated=56265278, actions=0, custom actions=[], active item id=-1, error=null}(2)
04-28 13:25:09.481  2658  3182 I Avrcp_ext: Exit updatePlayStatusForDevice
04-28 13:25:09.482  2658  3182 D HeadsetService:  isAudioOn: The number of audio connected devices 0
04-28 13:25:09.482  2658  3182 D HeadsetService: isScoOrCallActive(): Call Active:falseCall is Ringing:falseSCO is Active:false
04-28 13:25:09.483  2658  3182 D HeadsetService:  isAudioOn: The number of audio connected devices 0
04-28 13:25:09.483  2658  3182 I Avrcp_ext: updatePlayStatusForDevice: device: null
04-28 13:25:09.483  2658  3182 V Avrcp_ext: updatePlaybackState (1): old=PlaybackState {state=2, position=-1, buffered position=0, speed=0.0, updated=56263500, actions=0, custom actions=[], active item id=-1, error=null}(2), new=PlaybackState {state=2, position=-1, buffered position=0, speed=0.0, updated=56265278, actions=0, custom actions=[], active item id=-1, error=null}(2)
04-28 13:25:09.483  2658  3182 I Avrcp_ext: Exit updatePlayStatusForDevice
04-28 13:25:09.484  2658  3182 D HeadsetService:  isAudioOn: The number of audio connected devices 0
04-28 13:25:09.484  2658  3182 D HeadsetService: isScoOrCallActive(): Call Active:falseCall is Ringing:falseSCO is Active:false
04-28 13:25:09.485  2658  3182 D HeadsetService:  isAudioOn: The number of audio connected devices 0
04-28 13:25:09.485  2658  3182 I Avrcp_ext: updatePlayStatusForDevice: device: null
04-28 13:25:09.485  2658  3182 V Avrcp_ext: updatePlaybackState (1): old=PlaybackState {state=2, position=-1, buffered position=0, speed=0.0, updated=56263500, actions=0, custom actions=[], active item id=-1, error=null}(2), new=PlaybackState {state=2, position=-1, buffered position=0, speed=0.0, updated=56265278, actions=0, custom actions=[], active item id=-1, error=null}(2)
04-28 13:25:09.485  2658  3182 I Avrcp_ext: Exit updatePlayStatusForDevice
04-28 13:25:09.486  2658  3182 D HeadsetService:  isAudioOn: The number of audio connected devices 0
04-28 13:25:09.486  2658  3182 D HeadsetService: isScoOrCallActive(): Call Active:falseCall is Ringing:falseSCO is Active:false
04-28 13:25:09.487  2658  3182 D HeadsetService:  isAudioOn: The number of audio connected devices 0
04-28 13:25:09.487  2658  3182 I Avrcp_ext: updatePlayStatusForDevice: device: null
04-28 13:25:09.487  2658  3182 V Avrcp_ext: updatePlaybackState (1): old=PlaybackState {state=2, position=-1, buffered position=0, speed=0.0, updated=56263500, actions=0, custom actions=[], active item id=-1, error=null}(2), new=PlaybackState {state=2, position=-1, buffered position=0, speed=0.0, updated=56265278, actions=0, custom actions=[], active item id=-1, error=null}(2)
04-28 13:25:09.487  2658  3182 I Avrcp_ext: Exit updatePlayStatusForDevice
04-28 13:25:09.487  2658  3182 D HeadsetService:  isAudioOn: The number of audio connected devices 0
04-28 13:25:09.487  2658  3182 D HeadsetService: isScoOrCallActive(): Call Active:falseCall is Ringing:falseSCO is Active:false
04-28 13:25:09.488  2658  3182 D HeadsetService:  isAudioOn: The number of audio connected devices 0
04-28 13:25:09.488  2658  3182 I Avrcp_ext: updatePlayStatusForDevice: device: null
04-28 13:25:09.489  2658  3182 V Avrcp_ext: updatePlaybackState (1): old=PlaybackState {state=2, position=-1, buffered position=0, speed=0.0, updated=56263500, actions=0, custom actions=[], active item id=-1, error=null}(2), new=PlaybackState {state=2, position=-1, buffered position=0, speed=0.0, updated=56265278, actions=0, custom actions=[], active item id=-1, error=null}(2)
04-28 13:25:09.489  2658  3182 I Avrcp_ext: Exit updatePlayStatusForDevice
04-28 13:25:09.489  2658  3182 D Avrcp_ext: Enter sendPlayPosNotificationRsp
04-28 13:25:09.489  2658  3182 D Avrcp_ext: sendPlayPosNotificationRsp: Not registered or requesting.
04-28 13:25:09.489  2658  3182 D Avrcp_ext: Enter sendPlayPosNotificationRsp
04-28 13:25:09.489  2658  3182 D Avrcp_ext: sendPlayPosNotificationRsp: Not registered or requesting.
04-28 13:25:09.489  2658  3182 D Avrcp_ext: Enter sendPlayPosNotificationRsp
04-28 13:25:09.489  2658  3182 D Avrcp_ext: sendPlayPosNotificationRsp: Not registered or requesting.
04-28 13:25:09.489  2658  3182 D Avrcp_ext: Enter sendPlayPosNotificationRsp
04-28 13:25:09.489  2658  3182 D Avrcp_ext: sendPlayPosNotificationRsp: Not registered or requesting.
04-28 13:25:09.489  2658  3182 D Avrcp_ext: Enter sendPlayPosNotificationRsp
04-28 13:25:09.489  2658  3182 D Avrcp_ext: sendPlayPosNotificationRsp: Not registered or requesting.
04-28 13:25:09.489  2658  3182 V Avrcp_ext: Exit updatePlayerStateAndPosition
04-28 13:25:09.491  1113  1222 D APM_AudioPolicyManager: stopOutput() output 13, stream 1, session 537
04-28 13:25:09.964  2643  2821 I WifiHAL : event received NL80211_CMD_VENDOR, vendor_id = 0x1374, subcmd = 0xd
04-28 13:25:09.965  1384  1384 I chatty  : uid=1000(system) /system/vendor/bin/cnss-daemon expire 5 lines
04-28 13:25:11.968  2643  2821 I WifiHAL : event received NL80211_CMD_VENDOR, vendor_id = 0x1374, subcmd = 0xd
04-28 13:25:12.463  1029  1920 D audio_hw_primary: disable_audio_route: usecase(1) reset and update mixer path: low-latency-playback speaker
04-28 13:25:12.477  1029  1920 D audio_hw_primary: disable_snd_device: snd_device(125: vi-feedback)
04-28 13:25:12.478  1029  1920 D audio_hw_primary: disable_audio_route: usecase(26) reset and update mixer path: spkr-vi-record
04-28 13:25:12.479  1029  1920 D audio_hw_primary: disable_snd_device: snd_device(2: speaker)
04-28 13:25:12.642  1276  1924 D NuPlayerDriver: reset(0xf615d040) at state 6
04-28 13:25:12.644  1276  7086 I MediaCodec: (0xf1c9f000) flush
04-28 13:25:12.647  1276  7086 I MediaCodec: (0xf1c9f000) release
04-28 13:25:12.655  1276  7081 D NuPlayerDriver: notifyResetComplete(0xf615d040)
04-28 13:25:12.656  1276  1924 D NuPlayerDriver: reset(0xf615d040) at state 0
04-28 13:25:12.658  1276  1924 W AMessage: failed to post message as target looper for handler 0 is gone.
04-28 13:25:12.659  2678 18421 V MediaPlayer: resetDrmState:  mDrmInfo=null mDrmProvisioningThread=null mPrepareDrmInProgress=false mActiveDrmScheme=false
04-28 13:25:12.659  2678 18421 V MediaPlayer: cleanDrmObj: mDrmObj=null mDrmSessionId=null
04-28 13:25:12.659  2678 18421 V MediaPlayer: resetDrmState:  mDrmInfo=null mDrmProvisioningThread=null mPrepareDrmInProgress=false mActiveDrmScheme=false
04-28 13:25:12.659  2678 18421 V MediaPlayer: cleanDrmObj: mDrmObj=null mDrmSessionId=null
04-28 13:25:12.661  4265  4420 D DynamicVolume-DynamicVolumeService: onPlaybackConfigChanged configs size=2
04-28 13:25:12.661  2658  3182 D Avrcp_ext: AudioManager Player: ID:23 -- type:android.media.SoundPool -- u/pid:1000/1968 -- state:idle -- attr:AudioAttributes: usage=USAGE_ASSISTANCE_SONIFICATION content=CONTENT_TYPE_SONIFICATION flags=0x800 tags= bundle=null
04-28 13:25:12.661  2658  3182 D Avrcp_ext: AudioManager Player: ID:55 -- type:android.media.SoundPool -- u/pid:10144/2678 -- state:idle -- attr:AudioAttributes: usage=USAGE_ASSISTANCE_SONIFICATION content=CONTENT_TYPE_SONIFICATION flags=0x800 tags= bundle=null
04-28 13:25:12.661  2658  3182 D Avrcp_ext: AudioManager isPlaying: false
04-28 13:25:12.662  1113  1228 D AudioFlinger: AudioFlinger::unRegisterAudioTrackClient AudioClient uid 10144, pid 2678, clientId 17
04-28 13:25:12.662  1113  1228 D AudioFlinger: AudioFlinger::TrackClient::~TrackClient() pid: 2678, clientId: 17
04-28 13:25:12.662  1113  1228 D AudioFlinger: AudioFlinger::TrackClientMap::removeItem, after removing, mClientPid is 2678, mClients size is 1
04-28 13:25:13.946  1968  2430 D BatteryService: uevent={POWER_SUPPLY_DP_DM=0, POWER_SUPPLY_VOLTAGE_QNOVO=-22, POWER_SUPPLY_VOLTAGE_NOW=4362009, POWER_SUPPLY_SW_JEITA_ENABLED=0, POWER_SUPPLY_FORCE_RECHARGE=0, POWER_SUPPLY_CHARGE_CONTROL_LIMIT_MAX=8, POWER_SUPPLY_RECHARGE_SOC=99, POWER_SUPPLY_HEALTH=Good, POWER_SUPPLY_TECHNOLOGY=Li-ion, POWER_SUPPLY_CHARGER_TEMP_MAX=160, POWER_SUPPLY_FCC_STEPPER_ENABLE=0, SEQNUM=27477, POWER_SUPPLY_INPUT_CURRENT_LIMITED=1, POWER_SUPPLY_CHARGE_CONTROL_LIMIT=0, POWER_SUPPLY_STATUS=Charging, POWER_SUPPLY_CYCLE_COUNT=42, POWER_SUPPLY_BATTERY_CHARGING_ENABLED=1, POWER_SUPPLY_CURRENT_MAX=2200000, POWER_SUPPLY_CHARGE_TERM_CURRENT=-102, POWER_SUPPLY_CAPACITY=98, DEVPATH=/devices/platform/soc/1c40000.qcom,spmi/spmi-0/spmi0-02/1c40000.qcom,spmi:qcom,pmi632@2:qcom,qpnp-smb5/power_supply/battery, POWER_SUPPLY_CHARGE_DONE=0, POWER_SUPPLY_CHARGE_TYPE=Fast, POWER_SUPPLY_CHARGER_TEMP=224, POWER_SUPPLY_CHARGE_RATE=Normal, POWER_SUPPLY_CURRENT_QNOVO=-22, POWER_SUPPLY_CURRENT_NOW=293426, POWER_SUPPLY_SYSTEM_TEMP_LEVEL=0, POWER_SUPPLY_PRESENT=1, POWER_SUPPLY_PARALLEL_DISABLE=0, POWER_SUPPLY_CHARGE_FULL=5029000, POWER_SUPPLY_CONSTANT_CHARGE_CURRENT=2200000, SUBSYSTEM=power_supply, POWER_SUPPLY_SET_SHIP_MODE=0, POWER_SUPPLY_TEMP=218, ACTION=change, POWER_SUPPLY_RERUN_AICL=0, POWER_SUPPLY_AGE=100, POWER_SUPPLY_NAME=battery, POWER_SUPPLY_VOLTAGE_MAX=-22, POWER_SUPPLY_CONSTANT_CHARGE_CURRENT_MAX=2200000, POWER_SUPPLY_CHARGE_COUNTER=4777550, POWER_SUPPLY_STEP_CHARGING_ENABLED=0, POWER_SUPPLY_NUM_SYSTEM_TEMP_LEVELS=8, POWER_SUPPLY_DIE_HEALTH=Cool, POWER_SUPPLY_INPUT_SUSPEND=0}
04-28 13:25:13.972  2643  2821 I WifiHAL : event received NL80211_CMD_VENDOR, vendor_id = 0x1374, subcmd = 0xd
04-28 13:25:13.972  1384  1384 I cnss-daemon: nl80211_response_handler: cmd 103, vendorID 4980, subcmd 13  received
04-28 13:25:13.977  4243  4442 D CmdCenter: - RowBase2: sPrevModStatus: 1, modStatus: 1
04-28 13:25:13.978  4243  4442 D CmdCenter: - RowBase2: sPrevPlugType: 2 plugType: 2
04-28 13:25:15.144  1968  2699 D ConnectivityService: requestNetwork for uid/pid:10201/5905 NetworkRequest [ TRACK_DEFAULT id=327, [ Capabilities: INTERNET&NOT_RESTRICTED&TRUSTED Uid: 10201] ]
04-28 13:25:15.149  1968  2645 I chatty  : uid=1000(system) EthernetService expire 1 line
04-28 13:25:15.150  2882  2882 D PhoneSwitcherNetworkRequstListener: got request NetworkRequest [ TRACK_DEFAULT id=327, [ Capabilities: INTERNET&NOT_RESTRICTED&TRUSTED Uid: 10201] ] with score 60 and serial -1
04-28 13:25:15.152  1968  2562 I chatty  : uid=1000(system) ClientModeImpl expire 2 lines
04-28 13:25:15.979  2643  2821 I WifiHAL : event received NL80211_CMD_VENDOR, vendor_id = 0x1374, subcmd = 0xd
04-28 13:25:15.979  1384  1384 I cnss-daemon: nl80211 response handler invoked
04-28 13:25:15.979  1384  1384 I cnss-daemon: nl80211_response_handler: cmd 103, vendorID 4980, subcmd 13  received
04-28 13:25:16.031  3721  3721 W Settings: Setting data_roaming has moved from android.provider.Settings.Secure to android.provider.Settings.Global.
04-28 13:25:16.032  1968  1968 V SettingsProvider: Notifying for 0: content://settings/system/screen_brightness
04-28 13:25:16.033  8957  8957 W Settings: Setting data_roaming has moved from android.provider.Settings.Secure to android.provider.Settings.Global.
04-28 13:25:16.134  9526  9645 D Checkin : publish the event [tag = MOT_DEVICE_STATS_L1 event name = SettingLogs]
04-28 13:25:17.420  1030  2431 I chatty  : uid=1000(system) 26_see expire 18 lines
04-28 13:25:17.981  1384  1384 I cnss-daemon: nl80211 response handler invoked
04-28 13:25:17.981  1384  1384 I cnss-daemon: nl80211_response_handler: cmd 103, vendorID 4980, subcmd 13  received
04-28 13:25:17.982  2643  2821 I WifiHAL : event received NL80211_CMD_VENDOR, vendor_id = 0x1374, subcmd = 0xd
04-28 13:25:19.984  2643  2821 I WifiHAL : event received NL80211_CMD_VENDOR, vendor_id = 0x1374, subcmd = 0xd
04-28 13:25:19.985  1384  1384 I cnss-daemon: nl80211 response handler invoked
04-28 13:25:19.985  1384  1384 I cnss-daemon: nl80211_response_handler: cmd 103, vendorID 4980, subcmd 13  received
04-28 13:25:21.476  3721  3721 W Settings: Setting data_roaming has moved from android.provider.Settings.Secure to android.provider.Settings.Global.
04-28 13:25:21.476  8957  8957 W Settings: Setting data_roaming has moved from android.provider.Settings.Secure to android.provider.Settings.Global.
04-28 13:25:21.476  1968  1968 V SettingsProvider: Notifying for 0: content://settings/system/screen_brightness
04-28 13:25:21.587  9526  9645 D Checkin : publish the event [tag = MOT_DEVICE_STATS_L1 event name = SettingLogs]
04-28 13:25:21.990  1384  1384 I cnss-daemon: nl80211 response handler invoked
04-28 13:25:21.990  1384  1384 I cnss-daemon: nl80211_response_handler: cmd 103, vendorID 4980, subcmd 13  received
04-28 13:25:21.991  2643  2821 I WifiHAL : event received NL80211_CMD_VENDOR, vendor_id = 0x1374, subcmd = 0xd
04-28 13:25:22.107  1968  2430 D BatteryService: uevent={POWER_SUPPLY_DP_DM=0, POWER_SUPPLY_VOLTAGE_QNOVO=-22, POWER_SUPPLY_VOLTAGE_NOW=4366097, POWER_SUPPLY_SW_JEITA_ENABLED=0, POWER_SUPPLY_FORCE_RECHARGE=0, POWER_SUPPLY_CHARGE_CONTROL_LIMIT_MAX=8, POWER_SUPPLY_RECHARGE_SOC=99, POWER_SUPPLY_HEALTH=Good, POWER_SUPPLY_TECHNOLOGY=Li-ion, POWER_SUPPLY_CHARGER_TEMP_MAX=160, POWER_SUPPLY_FCC_STEPPER_ENABLE=0, SEQNUM=27656, POWER_SUPPLY_INPUT_CURRENT_LIMITED=1, POWER_SUPPLY_CHARGE_CONTROL_LIMIT=0, POWER_SUPPLY_STATUS=Charging, POWER_SUPPLY_CYCLE_COUNT=42, POWER_SUPPLY_BATTERY_CHARGING_ENABLED=1, POWER_SUPPLY_CURRENT_MAX=2200000, POWER_SUPPLY_CHARGE_TERM_CURRENT=-102, POWER_SUPPLY_CAPACITY=98, DEVPATH=/devices/platform/soc/1c40000.qcom,spmi/spmi-0/spmi0-02/1c40000.qcom,spmi:qcom,pmi632@2:qcom,qpnp-smb5/power_supply/battery, POWER_SUPPLY_CHARGE_DONE=0, POWER_SUPPLY_CHARGE_TYPE=Fast, POWER_SUPPLY_CHARGER_TEMP=224, POWER_SUPPLY_CHARGE_RATE=Normal, POWER_SUPPLY_CURRENT_QNOVO=-22, POWER_SUPPLY_CURRENT_NOW=300598, POWER_SUPPLY_SYSTEM_TEMP_LEVEL=0, POWER_SUPPLY_PRESENT=1, POWER_SUPPLY_PARALLEL_DISABLE=0, POWER_SUPPLY_CHARGE_FULL=5029000, POWER_SUPPLY_CONSTANT_CHARGE_CURRENT=2200000, SUBSYSTEM=power_supply, POWER_SUPPLY_SET_SHIP_MODE=0, POWER_SUPPLY_TEMP=218, ACTION=change, POWER_SUPPLY_RERUN_AICL=0, POWER_SUPPLY_AGE=100, POWER_SUPPLY_NAME=battery, POWER_SUPPLY_VOLTAGE_MAX=-22, POWER_SUPPLY_CONSTANT_CHARGE_CURRENT_MAX=2200000, POWER_SUPPLY_CHARGE_COUNTER=4777550, POWER_SUPPLY_STEP_CHARGING_ENABLED=0, POWER_SUPPLY_NUM_SYSTEM_TEMP_LEVELS=8, POWER_SUPPLY_DIE_HEALTH=Cool, POWER_SUPPLY_INPUT_SUSPEND=0}
04-28 13:25:22.152  4243  4442 D CmdCenter: - RowBase2: sPrevModStatus: 1, modStatus: 1
04-28 13:25:22.153  4243  4442 D CmdCenter: - RowBase2: sPrevPlugType: 2 plugType: 2
04-28 13:25:22.592  3149  3149 D BoundBrokerSvc: onUnbind: Intent { act=com.google.android.gms.clearcut.bootcount.service.START dat=chimera-action:com.google.android.gms.clearcut.bootcount.service.START cmp=com.google.android.gms/.chimera.PersistentBoundBrokerService }
04-28 13:25:23.994  2643  2821 I WifiHAL : event received NL80211_CMD_VENDOR, vendor_id = 0x1374, subcmd = 0xd
04-28 13:25:23.994  1384  1384 I cnss-daemon: nl80211 response handler invoked
04-28 13:25:23.994  1384  1384 I cnss-daemon: nl80211_response_handler: cmd 103, vendorID 4980, subcmd 13  received
04-28 13:25:25.277 15790 15790 I abb     : StartCommandInProcess(73657474696e67730067657400656e61 settings.get.ena [truncated])
04-28 13:25:25.281  1968  1968 I chatty  : uid=1000 system_server expire 5 lines
04-28 13:25:25.284  1708  1708 W adbd    : type=1400 audit(0.0:1781): avc: denied { shutdown } for scontext=u:r:adbd:s0 tcontext=u:r:shell:s0 tclass=unix_stream_socket permissive=0
04-28 13:25:25.291 15790 15790 I abb     : StartCommandInProcess(7061636b61676500696e7374616c6c00 package.install. [truncated])
04-28 13:25:25.323   924  3778 I netd    : firewallSetUidRule(2, 10201, 1) <0.06ms>
04-28 13:25:25.325  1968  2600 D ConnectivityService: Blocked status changed to false for 10201(309) on netId 112
04-28 13:25:25.327  1968  2600 D ConnectivityService: Blocked status changed to false for 10201(312) on netId 112
04-28 13:25:25.328  1968  2600 D ConnectivityService: Blocked status changed to false for 10201(313) on netId 112
04-28 13:25:25.329  1968  2600 D ConnectivityService: Blocked status changed to false for 10201(314) on netId 112
04-28 13:25:25.330  1968  2600 D ConnectivityService: Blocked status changed to false for 10201(316) on netId 112
04-28 13:25:25.331  1968  2600 D ConnectivityService: Blocked status changed to false for 10201(327) on netId 112
04-28 13:25:25.382  1968  4125 D ConnectivityService: Returning UNBLOCKED NetworkInfo to uid=10201
04-28 13:25:25.389  1968  2600 D ConnectivityService: releasing NetworkRequest [ TRACK_DEFAULT id=327, [ Capabilities: INTERNET&NOT_RESTRICTED&TRUSTED Uid: 10201] ] (release request)
04-28 13:25:25.389   924  3778 I netd    : firewallSetUidRule(2, 10201, 2) <0.07ms>
04-28 13:25:25.392  1968  2600 D ConnectivityService: Blocked status changed to true for 10201(309) on netId 112
04-28 13:25:25.397  1968  2600 D ConnectivityService: Blocked status changed to true for 10201(312) on netId 112
04-28 13:25:25.399  1968  2600 D ConnectivityService: Blocked status changed to true for 10201(313) on netId 112
04-28 13:25:25.403  1968  2600 D ConnectivityService: Blocked status changed to true for 10201(314) on netId 112
04-28 13:25:25.404  1968  2600 D ConnectivityService: Blocked status changed to true for 10201(316) on netId 112
04-28 13:25:25.411   924  1552 D NetdFwmarkServer: Cmd 2: 112, 10201: UserP=0, fwmark=10070
04-28 13:25:25.412   924  1552 D NetdFwmarkServer: Cmd 1: 0, 10201: UserP=0, fwmark=10070
04-28 13:25:25.413   924  1552 D NetdFwmarkServer: Cmd 6: 0, 10201: UserP=0, fwmark=10070
04-28 13:25:25.998  2643  2821 I WifiHAL : event received NL80211_CMD_VENDOR, vendor_id = 0x1374, subcmd = 0xd
04-28 13:25:25.999  1384  1384 I cnss-daemon: nl80211 response handler invoked
04-28 13:25:25.999  1384  1384 I cnss-daemon: nl80211_response_handler: cmd 103, vendorID 4980, subcmd 13  received
04-28 13:25:27.586  6606  6606 I Finsky  : [2] xys.c(8): VerifyApps:, Install-time verification requested for package nl.djkeu.kukuk, id = 6
04-28 13:25:27.609  6606  6606 E Finsky  : [2] VerifyPerSourceInstallationConsentInstallTask.d(2): Package name null is not an installed package
04-28 13:25:27.623  6606  7098 I Finsky  : [2655] ygr.a(7): Single user settings service is not running, bind it now
04-28 13:25:27.635  6606  6606 I Finsky  : [2] krh.onServiceConnected(5): Single user settings service is connected
04-28 13:25:27.651  6606  7098 W Settings: Setting install_non_market_apps has moved from android.provider.Settings.Global to android.provider.Settings.Secure, returning read-only value.
04-28 13:25:28.001  2643  2821 I WifiHAL : event received NL80211_CMD_VENDOR, vendor_id = 0x1374, subcmd = 0xd
04-28 13:25:28.001  1384  1384 I cnss-daemon: nl80211 response handler invoked
04-28 13:25:28.001  1384  1384 I cnss-daemon: nl80211_response_handler: cmd 103, vendorID 4980, subcmd 13  received
04-28 13:25:28.101  6606  7098 I Finsky  : [2655] jhw.e(3): Task 7 requested foreground
04-28 13:25:28.103  6606  7098 I Finsky  : [2655] jhw.e(8): Not entering foreground
04-28 13:25:28.200  6606  7101 I Finsky  : [2658] ybq.c(3): VerifyApps: Verification package=nl.djkeu.kukuk, id=6 response=0
04-28 13:25:28.333  6606  7098 I Finsky  : [2655] VerifyPerSourceInstallationConsentInstallTask.adG(2): PSIC verification started with installer uid: 2000 package name: null, originating uid: -1
04-28 13:25:28.337  6606  6606 I Finsky  : [2] VerifyInstallTask.j(2): VerifyApps: Returning package verification result id=6, result=ALLOW
04-28 13:25:28.423  1968  2158 I ActivityManager: Force stopping nl.djkeu.kukuk appid=10294 user=-1: installPackageLI
04-28 13:25:28.423  1968  2221 I PackageManager: Update package nl.djkeu.kukuk code path from /data/app/nl.djkeu.kukuk-kUj-SMrIebDRkBogtvKR6A== to /data/app/nl.djkeu.kukuk-Cg7SjlDaCVjedRPtwBBdSg==; Retain data and using new
04-28 13:25:28.423  1968  2221 I PackageManager: Update package nl.djkeu.kukuk resource path from /data/app/nl.djkeu.kukuk-kUj-SMrIebDRkBogtvKR6A== to /data/app/nl.djkeu.kukuk-Cg7SjlDaCVjedRPtwBBdSg==; Retain data and using new
04-28 13:25:28.540  1968  2221 I PackageManager: Un-granting permission android.permission.MANAGE_DOCUMENTS from package com.google.android.youtube (protectionLevel=262146 flags=0x30dbbec5)
04-28 13:25:28.541  1968  2221 I PackageManager: Un-granting permission android.permission.SUBSTITUTE_SHARE_TARGET_APP_NAME_AND_ICON from package com.google.android.googlequicksearchbox (protectionLevel=18 flags=0xa8dbbec5)
04-28 13:25:28.541  1968  2221 I PackageManager: Un-granting permission com.google.android.googleapps.permission.GOOGLE_AUTH from package com.android.providers.calendar (protectionLevel=2 flags=0x30883e45)
04-28 13:25:28.541  1968  2221 I PackageManager: Un-granting permission com.google.android.googleapps.permission.GOOGLE_AUTH.cl from package com.android.providers.calendar (protectionLevel=2 flags=0x30883e45)
04-28 13:25:28.541  1968  2221 I PackageManager: Un-granting permission android.permission.REQUEST_INSTALL_PACKAGES from package com.facebook.mlite (protectionLevel=66 flags=0x30c83e44)
04-28 13:25:28.541  1968  2221 I PackageManager: Un-granting permission android.permission.BATTERY_STATS from package com.facebook.mlite (protectionLevel=50 flags=0x30c83e44)
04-28 13:25:28.541  1968  2221 I PackageManager: Un-granting permission com.google.android.gm.permission.READ_GMAIL from package com.google.android.apps.docs.editors.docs (protectionLevel=2 flags=0x38dbbe44)
04-28 13:25:28.541  1968  2221 I PackageManager: Un-granting permission com.google.android.googleapps.permission.GOOGLE_AUTH from package com.google.android.apps.docs.editors.docs (protectionLevel=2 flags=0x38dbbe44)
04-28 13:25:28.541  1968  2221 I PackageManager: Un-granting permission com.google.android.googleapps.permission.GOOGLE_AUTH.OTHER_SERVICES from package com.google.android.apps.docs.editors.docs (protectionLevel=2 flags=0x38dbbe44)
04-28 13:25:28.542  1968  2221 I PackageManager: Un-granting permission com.google.android.googleapps.permission.GOOGLE_AUTH.ALL_SERVICES from package com.google.android.apps.docs.editors.docs (protectionLevel=2 flags=0x38dbbe44)
04-28 13:25:28.542  1968  2221 I PackageManager: Un-granting permission com.google.android.googleapps.permission.GOOGLE_AUTH.writely from package com.google.android.apps.docs.editors.docs (protectionLevel=2 flags=0x38dbbe44)
04-28 13:25:28.542  1968  2221 I PackageManager: Un-granting permission com.google.android.googleapps.permission.GOOGLE_AUTH.wise from package com.google.android.apps.docs.editors.docs (protectionLevel=2 flags=0x38dbbe44)
04-28 13:25:28.542  1968  2221 I PackageManager: Un-granting permission android.permission.REQUEST_INSTALL_PACKAGES from package com.motorola.brapps (protectionLevel=66 flags=0x38483e45)
04-28 13:25:28.542  1968  2221 I PackageManager: Un-granting permission android.permission.REQUEST_INSTALL_PACKAGES from package com.whatsapp (protectionLevel=66 flags=0x30cbbe44)
04-28 13:25:28.543  1968  2221 I PackageManager: Un-granting permission android.permission.HIDE_NON_SYSTEM_OVERLAY_WINDOWS from package com.android.companiondevicemanager (protectionLevel=258 flags=0x30c83e45)
04-28 13:25:28.543  1968  2221 I PackageManager: Un-granting permission com.google.android.gm.permission.READ_GMAIL from package com.google.android.apps.docs.editors.sheets (protectionLevel=2 flags=0x38dbbe44)
04-28 13:25:28.543  1968  2221 I PackageManager: Un-granting permission com.google.android.googleapps.permission.GOOGLE_AUTH from package com.google.android.apps.docs.editors.sheets (protectionLevel=2 flags=0x38dbbe44)
04-28 13:25:28.543  1968  2221 I PackageManager: Un-granting permission com.google.android.googleapps.permission.GOOGLE_AUTH.OTHER_SERVICES from package com.google.android.apps.docs.editors.sheets (protectionLevel=2 flags=0x38dbbe44)
04-28 13:25:28.543  1968  2221 I PackageManager: Un-granting permission com.google.android.googleapps.permission.GOOGLE_AUTH.ALL_SERVICES from package com.google.android.apps.docs.editors.sheets (protectionLevel=2 flags=0x38dbbe44)
04-28 13:25:28.543  1968  2221 I PackageManager: Un-granting permission com.google.android.googleapps.permission.GOOGLE_AUTH.writely from package com.google.android.apps.docs.editors.sheets (protectionLevel=2 flags=0x38dbbe44)
04-28 13:25:28.543  1968  2221 I PackageManager: Un-granting permission com.google.android.googleapps.permission.GOOGLE_AUTH.wise from package com.google.android.apps.docs.editors.sheets (protectionLevel=2 flags=0x38dbbe44)
04-28 13:25:28.543  1968  2221 I PackageManager: Un-granting permission android.permission.READ_PRIVILEGED_PHONE_STATE from package com.google.android.apps.messaging (protectionLevel=18 flags=0x28cbbec5)
