04-28 05:18:54.186  1968  2600 I chatty  : uid=1000(system) ConnectivitySer expire 7 lines
04-28 05:18:54.781  1968  4895 I chatty  : uid=1000(system) Binder:1968_1C expire 1 line
04-28 05:18:54.786  1968  2158 I chatty  : uid=1000(system) ActivityManager expire 4 lines
04-28 05:18:54.881  1968  4885 I chatty  : uid=1000(system) Binder:1968_19 expire 1 line
04-28 05:18:57.223  1968  2796 I chatty  : uid=1000(system) Binder:1968_6 expire 1 line
04-28 05:18:57.532  1968  4880 I chatty  : uid=1000(system) Binder:1968_16 expire 2 lines
04-28 05:18:57.875  1968  2019 I chatty  : uid=1000(system) Binder:1968_2 expire 3 lines
04-28 05:19:17.256  1968  4141 I chatty  : uid=1000(system) Binder:1968_13 expire 5 lines
04-28 05:24:55.158  1968  2543 I chatty  : uid=1000(system) NetworkPolicy expire 5 lines
04-28 06:33:12.108  1968  2132 I chatty  : uid=1000(system) android.ui expire 3 lines
04-28 07:00:01.628  1968  1968 I chatty  : uid=1000 system_server expire 4 lines
04-28 07:00:01.645  1968  2134 I chatty  : uid=1000(system) android.display expire 1 line
04-28 07:01:31.185  1968  2129 I chatty  : uid=1000(system) android.fg expire 5 lines
04-28 07:43:10.437  1968  2430 I chatty  : uid=1000(system) UEventObserver expire 15 lines
04-28 07:47:43.066  1968  2543 I chatty  : uid=1000(system) NetworkPolicy expire 3 lines
04-28 07:49:33.214  1968  2170 I chatty  : uid=1000(system) batterystats-wo expire 18 lines
04-28 07:49:33.308  1968  2147 I chatty  : uid=1000(system) android.bg expire 16 lines
04-28 08:00:01.056  1968  1968 I chatty  : uid=1000 system_server expire 9 lines
04-28 09:08:44.113  1968  2600 I chatty  : uid=1000(system) ConnectivitySer expire 29 lines
04-28 09:08:44.499  1968  2159 I chatty  : uid=1000(system) ActivityManager expire 10 lines
04-28 09:08:45.431  1968  2019 I chatty  : uid=1000(system) Binder:1968_2 expire 1 line
04-28 09:08:45.493  1968  4104 I chatty  : uid=1000(system) Binder:1968_D expire 4 lines
04-28 09:08:45.540  1968  4895 I chatty  : uid=1000(system) Binder:1968_1C expire 3 lines
04-28 09:08:46.379  3649 18106 W PackageParser: Unknown element under <manifest>: queries at /data/user_de/0/com.google.android.gms/app_chimera/m/000001c7/dl-Pay.optional_221215100000.apk Binary XML file line #15
04-28 09:08:46.482  3649 18106 W PackageParser: Unknown element under <manifest>: queries at /data/user_de/0/com.google.android.gms/app_chimera/m/00000179/dl-AdsFdrDynamite.integ_214106404100000.apk Binary XML file line #11
04-28 09:08:46.497  1968  4892 I chatty  : uid=1000(system) Binder:1968_1A expire 1 line
04-28 09:08:46.499  1968  2158 I chatty  : uid=1000(system) ActivityManager expire 8 lines
04-28 09:08:46.612  3649 18106 W PackageParser: Unknown element under <manifest>: queries at /data/user_de/0/com.google.android.gms/app_chimera/m/000001c2/dl-AdsFdrDynamite.integ_221310604100000.apk Binary XML file line #11
04-28 09:08:46.737  3649 18106 W PackageParser: Unknown element under <manifest>: queries at /data/user_de/0/com.google.android.gms/app_chimera/m/000000e8/dl-Payments.integ_212480904100400.apk Binary XML file line #11
04-28 09:08:46.747  1968  4884 I chatty  : uid=1000(system) Binder:1968_18 expire 3 lines
04-28 09:08:46.937  3649 18106 W PackageParser: Unknown element under <manifest>: queries at /data/user_de/0/com.google.android.gms/app_chimera/m/000001c7/dl-Pay.optional_221215100000.apk Binary XML file line #15
04-28 09:08:46.990  3649 18106 W PackageParser: Unknown element under <manifest>: queries at /data/user_de/0/com.google.android.gms/app_chimera/m/00000179/dl-AdsFdrDynamite.integ_214106404100000.apk Binary XML file line #11
04-28 09:08:47.072  3649 18106 W PackageParser: Unknown element under <manifest>: queries at /data/user_de/0/com.google.android.gms/app_chimera/m/000001c2/dl-AdsFdrDynamite.integ_221310604100000.apk Binary XML file line #11
04-28 09:08:47.122  3649 18106 W PackageParser: Unknown element under <manifest>: queries at /data/user_de/0/com.google.android.gms/app_chimera/m/000000af/dl-Payments.integ_211890902100400.apk Binary XML file line #5
04-28 09:08:47.135  1968  3216 I chatty  : uid=1000(system) Binder:1968_9 expire 2 lines
04-28 09:08:47.369  3649 18106 W PackageParser: Unknown element under <manifest>: queries at /data/user_de/0/com.google.android.gms/app_chimera/m/000001c7/dl-Pay.optional_221215100000.apk Binary XML file line #15
04-28 09:08:47.511  3649 18106 W PackageParser: Unknown element under <manifest>: queries at /data/user_de/0/com.google.android.gms/app_chimera/m/00000179/dl-AdsFdrDynamite.integ_214106404100000.apk Binary XML file line #11
04-28 09:08:47.613  3649 18106 W PackageParser: Unknown element under <manifest>: queries at /data/user_de/0/com.google.android.gms/app_chimera/m/000001c2/dl-AdsFdrDynamite.integ_221310604100000.apk Binary XML file line #11
04-28 09:08:48.139 26164 26263 E ActivityThread: Failed to find provider info for com.facebook.appmanager.nekodirect
04-28 09:08:48.289  1968  3880 I chatty  : uid=1000(system) Binder:1968_A expire 3 lines
04-28 09:08:49.055  1968  2170 I chatty  : uid=1000(system) batterystats-wo expire 2 lines
04-28 09:08:49.185  1968  2147 I chatty  : uid=1000(system) android.bg expire 2 lines
04-28 09:08:49.406  1968  2615 I chatty  : uid=1000(system) Binder:1968_3 expire 2 lines
04-28 09:08:50.616  1968  4125 I chatty  : uid=1000(system) Binder:1968_10 expire 1 line
04-28 09:08:51.551  1968  2657 I chatty  : uid=1000(system) SyncManager expire 1 line
04-28 09:08:51.639  1968  4880 I chatty  : uid=1000(system) Binder:1968_16 expire 2 lines
04-28 09:08:51.775  1968  4141 I chatty  : uid=1000(system) Binder:1968_13 expire 1 line
04-28 09:08:51.775  1968  2796 I chatty  : uid=1000(system) Binder:1968_6 expire 6 lines
04-28 09:08:51.776  1968  2600 I chatty  : uid=1000(system) ConnectivitySer expire 57 lines
04-28 09:08:51.879  1968  1968 I chatty  : uid=1000 system_server expire 5 lines
04-28 09:08:51.924  1968  2159 I chatty  : uid=1000(system) ActivityManager expire 5 lines
04-28 09:08:52.136  1968  2129 I chatty  : uid=1000(system) android.fg expire 3 lines
04-28 09:08:52.255 26812 26835 D SystemConfig: Removed unavailable feature android.hardware.sensor.compass
04-28 09:08:52.256 26812 26835 D SystemConfig: Removed unavailable feature android.hardware.sensor.compass
04-28 09:08:52.288 26812 26835 D SystemConfig: Removed unavailable feature android.hardware.sensor.gyroscope
04-28 09:08:52.289 26812 26835 D SystemConfig: Removed unavailable feature android.hardware.sensor.barometer
04-28 09:08:52.295 26812 26835 W SystemConfig: No directory /oem/etc/sysconfig, skipping
04-28 09:08:52.295 26812 26835 W SystemConfig: No directory /oem/etc/permissions, skipping
04-28 09:08:52.308  1968  4104 I chatty  : uid=1000(system) Binder:1968_D expire 3 lines
04-28 09:08:52.339 26812 26835 D SystemConfig: Removed unavailable feature com.google.android.feature.RU
04-28 09:08:52.448 26812 26835 W SystemConfig: No directory /system/etc/motorola/bgintents, skipping
04-28 09:08:52.448 26812 26835 W SystemConfig: No directory /oem/etc/motorola/bgintents, skipping
04-28 09:08:52.455 26812 26835 W SystemConfig: No directory /product_services/etc/sysconfig, skipping
04-28 09:08:52.455 26812 26835 W SystemConfig: No directory /product_services/etc/permissions, skipping
04-28 09:08:52.455 26812 26835 W SystemConfig: No directory /system/etc/motorola/sysconfig, skipping
04-28 09:08:52.455 26812 26835 W SystemConfig: No directory /oem/etc/motorola/sysconfig, skipping
04-28 09:08:52.456 26812 26835 W SystemConfig: No directory /product/etc/motorola/sysconfig, skipping
04-28 09:08:52.785  1968  2147 I chatty  : uid=1000(system) android.bg expire 10 lines
04-28 09:08:54.092  1968  4903 I chatty  : uid=1000(system) Binder:1968_1F expire 2 lines
04-28 09:08:54.207  1968  2170 I chatty  : uid=1000(system) batterystats-wo expire 16 lines
04-28 09:08:55.035  1968  4136 I chatty  : uid=1000(system) Binder:1968_12 expire 2 lines
04-28 09:08:55.108  1968  2543 I chatty  : uid=1000(system) NetworkPolicy expire 6 lines
04-28 09:08:57.759  1968  2017 I chatty  : uid=1000(system) Binder:1968_1 expire 1 line
04-28 09:08:58.705  3649 21484 W PackageParser: Unknown element under <manifest>: queries at /data/user_de/0/com.google.android.gms/app_chimera/m/000001c7/dl-Pay.optional_221215100000.apk Binary XML file line #15
04-28 09:08:58.730  3649 21484 W PackageParser: Unknown element under <manifest>: queries at /data/user_de/0/com.google.android.gms/app_chimera/m/00000179/dl-AdsFdrDynamite.integ_214106404100000.apk Binary XML file line #11
04-28 09:08:58.769  3649 21484 W PackageParser: Unknown element under <manifest>: queries at /data/user_de/0/com.google.android.gms/app_chimera/m/000001c2/dl-AdsFdrDynamite.integ_221310604100000.apk Binary XML file line #11
04-28 09:08:58.788  3649 21484 W PackageParser: Unknown element under <manifest>: queries at /data/user_de/0/com.google.android.gms/app_chimera/m/000000e8/dl-Payments.integ_212480904100400.apk Binary XML file line #11
04-28 09:08:58.900  3649 21484 W PackageParser: Unknown element under <manifest>: queries at /data/user_de/0/com.google.android.gms/app_chimera/m/000001c7/dl-Pay.optional_221215100000.apk Binary XML file line #15
04-28 09:08:58.928  3649 21484 W PackageParser: Unknown element under <manifest>: queries at /data/user_de/0/com.google.android.gms/app_chimera/m/00000179/dl-AdsFdrDynamite.integ_214106404100000.apk Binary XML file line #11
04-28 09:08:58.975  3649 21484 W PackageParser: Unknown element under <manifest>: queries at /data/user_de/0/com.google.android.gms/app_chimera/m/000001c2/dl-AdsFdrDynamite.integ_221310604100000.apk Binary XML file line #11
04-28 09:08:58.990  3649 21484 W PackageParser: Unknown element under <manifest>: queries at /data/user_de/0/com.google.android.gms/app_chimera/m/000000af/dl-Payments.integ_211890902100400.apk Binary XML file line #5
04-28 09:08:59.075  3649 21484 W PackageParser: Unknown element under <manifest>: queries at /data/user_de/0/com.google.android.gms/app_chimera/m/000001c7/dl-Pay.optional_221215100000.apk Binary XML file line #15
04-28 09:08:59.101  3649 21484 W PackageParser: Unknown element under <manifest>: queries at /data/user_de/0/com.google.android.gms/app_chimera/m/00000179/dl-AdsFdrDynamite.integ_214106404100000.apk Binary XML file line #11
04-28 09:08:59.141  3649 21484 W PackageParser: Unknown element under <manifest>: queries at /data/user_de/0/com.google.android.gms/app_chimera/m/000001c2/dl-AdsFdrDynamite.integ_221310604100000.apk Binary XML file line #11
04-28 09:09:02.493  1968  4895 I chatty  : uid=1000(system) Binder:1968_1C expire 5 lines
04-28 09:09:02.725  1968  2817 I chatty  : uid=1000(system) Binder:1968_8 expire 1 line
04-28 09:09:04.550  1968  4897 I chatty  : uid=1000(system) Binder:1968_1E expire 3 lines
04-28 09:09:04.614  1968  3216 I chatty  : uid=1000(system) Binder:1968_9 expire 1 line
04-28 09:09:04.615  1968  4884 I chatty  : uid=1000(system) Binder:1968_18 expire 3 lines
04-28 09:09:09.739  1968  4105 I chatty  : uid=1000(system) Binder:1968_E expire 4 lines
04-28 09:09:09.799  1968  4126 I chatty  : uid=1000(system) Binder:1968_11 expire 2 lines
04-28 09:09:13.037  1968  3902 I chatty  : uid=1000(system) Binder:1968_C expire 1 line
04-28 09:09:32.455  1968  4883 I chatty  : uid=1000(system) Binder:1968_17 expire 2 lines
04-28 09:12:19.989  1968  2430 I chatty  : uid=1000(system) UEventObserver expire 10 lines
04-28 09:36:45.178  1968  2600 I chatty  : uid=1000(system) ConnectivitySer expire 18 lines
04-28 09:36:45.484  1968  4884 I chatty  : uid=1000(system) Binder:1968_18 expire 8 lines
04-28 09:36:45.491  1968  2158 I chatty  : uid=1000(system) ActivityManager expire 10 lines
04-28 09:36:45.565  1968  2615 I chatty  : uid=1000(system) Binder:1968_3 expire 1 line
04-28 09:36:47.841  1968  2170 I chatty  : uid=1000(system) batterystats-wo expire 11 lines
04-28 09:36:47.932  1968  2147 I chatty  : uid=1000(system) android.bg expire 6 lines
04-28 09:36:48.404  1968  2159 I chatty  : uid=1000(system) ActivityManager expire 10 lines
04-28 09:36:49.321  1968  3902 I chatty  : uid=1000(system) Binder:1968_C expire 5 lines
04-28 09:36:52.334 27240 27363 E ActivityThread: Failed to find provider info for com.google.android.instantapps.supervisor.SupervisorArchiveProvider
04-28 09:36:55.643  1968  1968 I chatty  : uid=1000 system_server expire 6 lines
04-28 09:36:55.673  1968  4883 I chatty  : uid=1000(system) Binder:1968_17 expire 10 lines
04-28 09:36:55.852  3649 27388 W PackageParser: Unknown element under <manifest>: queries at /data/user_de/0/com.google.android.gms/app_chimera/m/000001c7/dl-Pay.optional_221215100000.apk Binary XML file line #15
04-28 09:36:55.890  3649 27388 W PackageParser: Unknown element under <manifest>: queries at /data/user_de/0/com.google.android.gms/app_chimera/m/00000179/dl-AdsFdrDynamite.integ_214106404100000.apk Binary XML file line #11
04-28 09:36:55.959  3649 27388 W PackageParser: Unknown element under <manifest>: queries at /data/user_de/0/com.google.android.gms/app_chimera/m/000001c2/dl-AdsFdrDynamite.integ_221310604100000.apk Binary XML file line #11
04-28 09:36:55.987  3649 27388 W PackageParser: Unknown element under <manifest>: queries at /data/user_de/0/com.google.android.gms/app_chimera/m/000000e8/dl-Payments.integ_212480904100400.apk Binary XML file line #11
04-28 09:36:56.012  1968  2817 I chatty  : uid=1000(system) Binder:1968_8 expire 3 lines
04-28 09:36:56.144  3649 27388 W PackageParser: Unknown element under <manifest>: queries at /data/user_de/0/com.google.android.gms/app_chimera/m/000001c7/dl-Pay.optional_221215100000.apk Binary XML file line #15
04-28 09:36:56.183  3649 27388 W PackageParser: Unknown element under <manifest>: queries at /data/user_de/0/com.google.android.gms/app_chimera/m/00000179/dl-AdsFdrDynamite.integ_214106404100000.apk Binary XML file line #11
04-28 09:36:56.237  3649 27388 W PackageParser: Unknown element under <manifest>: queries at /data/user_de/0/com.google.android.gms/app_chimera/m/000001c2/dl-AdsFdrDynamite.integ_221310604100000.apk Binary XML file line #11
04-28 09:36:56.254  3649 27388 W PackageParser: Unknown element under <manifest>: queries at /data/user_de/0/com.google.android.gms/app_chimera/m/000000af/dl-Payments.integ_211890902100400.apk Binary XML file line #5
04-28 09:36:56.408  1968  4121 I chatty  : uid=1000(system) Binder:1968_F expire 3 lines
04-28 09:36:56.422  3649 27388 W PackageParser: Unknown element under <manifest>: queries at /data/user_de/0/com.google.android.gms/app_chimera/m/000001c7/dl-Pay.optional_221215100000.apk Binary XML file line #15
04-28 09:36:56.454  1968  2813 I chatty  : uid=1000(system) Binder:1968_7 expire 1 line
04-28 09:36:56.484  3649 27388 W PackageParser: Unknown element under <manifest>: queries at /data/user_de/0/com.google.android.gms/app_chimera/m/00000179/dl-AdsFdrDynamite.integ_214106404100000.apk Binary XML file line #11
04-28 09:36:56.549  3649 27388 W PackageParser: Unknown element under <manifest>: queries at /data/user_de/0/com.google.android.gms/app_chimera/m/000001c2/dl-AdsFdrDynamite.integ_221310604100000.apk Binary XML file line #11
04-28 09:36:56.942  1968  4105 I chatty  : uid=1000(system) Binder:1968_E expire 2 lines
04-28 09:36:57.129  3649 16055 W PackageParser: Unknown element under <manifest>: queries at /data/user_de/0/com.google.android.gms/app_chimera/m/000001c7/dl-Pay.optional_221215100000.apk Binary XML file line #15
04-28 09:36:57.187  3649 16055 W PackageParser: Unknown element under <manifest>: queries at /data/user_de/0/com.google.android.gms/app_chimera/m/00000179/dl-AdsFdrDynamite.integ_214106404100000.apk Binary XML file line #11
04-28 09:36:57.290  3649 16055 W PackageParser: Unknown element under <manifest>: queries at /data/user_de/0/com.google.android.gms/app_chimera/m/000001c2/dl-AdsFdrDynamite.integ_221310604100000.apk Binary XML file line #11
04-28 09:36:57.378  3649 16055 W PackageParser: Unknown element under <manifest>: queries at /data/user_de/0/com.google.android.gms/app_chimera/m/000000e8/dl-Payments.integ_212480904100400.apk Binary XML file line #11
04-28 09:36:57.571  3649 16055 W PackageParser: Unknown element under <manifest>: queries at /data/user_de/0/com.google.android.gms/app_chimera/m/000001c7/dl-Pay.optional_221215100000.apk Binary XML file line #15
04-28 09:36:57.606  3649 16055 W PackageParser: Unknown element under <manifest>: queries at /data/user_de/0/com.google.android.gms/app_chimera/m/00000179/dl-AdsFdrDynamite.integ_214106404100000.apk Binary XML file line #11
04-28 09:36:57.659  3649 16055 W PackageParser: Unknown element under <manifest>: queries at /data/user_de/0/com.google.android.gms/app_chimera/m/000001c2/dl-AdsFdrDynamite.integ_221310604100000.apk Binary XML file line #11
04-28 09:36:57.677  3649 16055 W PackageParser: Unknown element under <manifest>: queries at /data/user_de/0/com.google.android.gms/app_chimera/m/000000af/dl-Payments.integ_211890902100400.apk Binary XML file line #5
04-28 09:36:57.801  3649 16055 W PackageParser: Unknown element under <manifest>: queries at /data/user_de/0/com.google.android.gms/app_chimera/m/000001c7/dl-Pay.optional_221215100000.apk Binary XML file line #15
04-28 09:36:57.844  3649 16055 W PackageParser: Unknown element under <manifest>: queries at /data/user_de/0/com.google.android.gms/app_chimera/m/00000179/dl-AdsFdrDynamite.integ_214106404100000.apk Binary XML file line #11
04-28 09:36:57.942  3649 16055 W PackageParser: Unknown element under <manifest>: queries at /data/user_de/0/com.google.android.gms/app_chimera/m/000001c2/dl-AdsFdrDynamite.integ_221310604100000.apk Binary XML file line #11
04-28 09:36:58.286  1968  2543 I chatty  : uid=1000(system) NetworkPolicy expire 2 lines
04-28 09:37:06.667  1968  3881 I chatty  : uid=1000(system) Binder:1968_B expire 1 line
04-28 09:37:06.668  1968  4126 I chatty  : uid=1000(system) Binder:1968_11 expire 2 lines
04-28 09:37:06.994  1968  2796 I chatty  : uid=1000(system) Binder:1968_6 expire 2 lines
04-28 09:38:09.480 27748 27748 D ActivityThread: Loading provider contacts;com.android.contacts: com.android.providers.contacts.ContactsProvider2
04-28 09:38:09.489  1968  2430 I chatty  : uid=1000(system) UEventObserver expire 2 lines
04-28 09:38:48.570  3149  3149 W ActivityThread: serviceCreate lasts for 32703 ms, CreateServiceData = CreateServiceData{token=android.os.BinderProxy@bbef79b className=com.google.android.gms.wearable.service.WearableService packageName=com.google.android.gms intent=null}
04-28 09:38:49.449  1968  2191 I chatty  : uid=1000(system) PowerManagerSer expire 7 lines
04-28 09:38:49.452  1968  2132 I chatty  : uid=1000(system) android.ui expire 2 lines
04-28 09:38:49.471  1968  2134 I chatty  : uid=1000(system) android.display expire 3 lines
04-28 09:38:50.307  1968  2129 I chatty  : uid=1000(system) android.fg expire 5 lines
04-28 09:38:50.310  1968  4897 I chatty  : uid=1000(system) Binder:1968_1E expire 4 lines
04-28 09:38:50.311  2678  2678 D StatusBarKeyguardViewManager: requestUnlock collapse=true
04-28 09:38:50.374  1968  2135 I chatty  : uid=1000(system) android.anim expire 7 lines
04-28 09:38:50.426  1968  4895 I chatty  : uid=1000(system) Binder:1968_1C expire 1 line
04-28 09:38:52.572  1968  2170 I chatty  : uid=1000(system) batterystats-wo expire 2 lines
04-28 09:38:58.101  1968  4125 I chatty  : uid=1000(system) Binder:1968_10 expire 4 lines
04-28 09:38:58.177  1968  2600 I chatty  : uid=1000(system) ConnectivitySer expire 2 lines
04-28 09:39:02.273  1968  4104 I chatty  : uid=1000(system) Binder:1968_D expire 3 lines
04-28 09:39:03.273  1968  4906 I chatty  : uid=1000(system) Binder:1968_20 expire 1 line
04-28 09:39:03.789  1968  2132 I chatty  : uid=1000(system) android.ui expire 5 lines
04-28 09:39:10.334  1968  1968 I chatty  : uid=1000 system_server expire 9 lines
04-28 09:39:12.682  1968  3880 I chatty  : uid=1000(system) Binder:1968_A expire 4 lines
04-28 09:39:12.743  1968  4883 I chatty  : uid=1000(system) Binder:1968_17 expire 4 lines
04-28 09:39:12.743  1968  4897 I chatty  : uid=1000(system) Binder:1968_1E expire 1 line
04-28 09:39:12.743  1968  2600 I chatty  : uid=1000(system) ConnectivitySer expire 24 lines
04-28 09:39:17.971  1968  2158 I chatty  : uid=1000(system) ActivityManager expire 1 line
04-28 09:39:47.069  1968  4121 I chatty  : uid=1000(system) Binder:1968_F expire 11 lines
04-28 09:39:50.880  1968  2430 I chatty  : uid=1000(system) UEventObserver expire 10 lines
04-28 09:40:48.150  1968  4903 I chatty  : uid=1000(system) Binder:1968_1F expire 5 lines
04-28 09:41:03.789  1968  2191 I chatty  : uid=1000(system) PowerManagerSer expire 11 lines
04-28 09:41:04.301  1968  2170 I chatty  : uid=1000(system) batterystats-wo expire 10 lines
04-28 09:41:04.320  1968 27963 I chatty  : uid=1000 system_server expire 1 line
04-28 09:41:04.326  1968  2134 I chatty  : uid=1000(system) android.display expire 4 lines
04-28 09:41:10.010  1968  2129 I chatty  : uid=1000(system) android.fg expire 7 lines
04-28 09:41:10.291  1968  2135 I chatty  : uid=1000(system) android.anim expire 4 lines
04-28 09:42:24.370  1968  2017 I chatty  : uid=1000(system) Binder:1968_1 expire 3 lines
04-28 09:42:24.677  1968  2543 I chatty  : uid=1000(system) NetworkPolicy expire 3 lines
04-28 09:42:25.188  1968  2147 I chatty  : uid=1000(system) android.bg expire 4 lines
04-28 09:47:49.388  3149  3167 W Binder  : reply too large data on java level: InterfaceDescriptor = null, code = 1
04-28 09:47:49.400  1968  4121 I chatty  : uid=1000(system) Binder:1968_F expire 3 lines
04-28 09:47:49.402  1968  2600 I chatty  : uid=1000(system) ConnectivitySer expire 10 lines
04-28 09:47:51.619  1968  2170 I chatty  : uid=1000(system) batterystats-wo expire 6 lines
04-28 09:48:10.385  1968  2817 I chatty  : uid=1000(system) Binder:1968_8 expire 2 lines
04-28 09:48:10.386  2678  2678 D StatusBarKeyguardViewManager: requestUnlock collapse=true
04-28 09:48:10.388  1968  2191 I chatty  : uid=1000(system) PowerManagerSer expire 3 lines
04-28 09:48:10.498  1968  2600 I chatty  : uid=1000(system) ConnectivitySer expire 19 lines
04-28 09:48:12.875  1968  4883 I chatty  : uid=1000(system) Binder:1968_17 expire 11 lines
04-28 09:48:12.879  1968  1968 I chatty  : uid=1000 system_server expire 11 lines
04-28 09:48:13.126  1968  2135 I chatty  : uid=1000(system) android.anim expire 18 lines
04-28 09:48:13.188  1968  2134 I chatty  : uid=1000(system) android.display expire 6 lines
04-28 09:48:13.196  1968  2129 I chatty  : uid=1000(system) android.fg expire 9 lines
04-28 09:48:13.200  1968  4136 I chatty  : uid=1000(system) Binder:1968_12 expire 3 lines
04-28 09:48:13.201  1968  2158 I chatty  : uid=1000(system) ActivityManager expire 4 lines
04-28 09:48:13.537  1968  4884 I chatty  : uid=1000(system) Binder:1968_18 expire 8 lines
04-28 09:48:41.049  1968  2017 I chatty  : uid=1000(system) Binder:1968_1 expire 10 lines
04-28 09:49:09.552  1968  2430 I chatty  : uid=1000(system) UEventObserver expire 6 lines
04-28 09:49:15.556  1968  2159 I chatty  : uid=1000(system) ActivityManager expire 2 lines
04-28 09:49:15.997  1968  4121 I chatty  : uid=1000(system) Binder:1968_F expire 1 line
04-28 09:49:16.311  1968  4906 I chatty  : uid=1000(system) Binder:1968_20 expire 1 line
04-28 09:49:20.020  1968  2817 I chatty  : uid=1000(system) Binder:1968_8 expire 6 lines
04-28 09:49:20.117  1968  2699 I chatty  : uid=1000(system) Binder:1968_4 expire 1 line
04-28 09:51:24.457  1968  2191 I chatty  : uid=1000(system) PowerManagerSer expire 11 lines
04-28 09:51:25.004  1968  2170 I chatty  : uid=1000(system) batterystats-wo expire 8 lines
04-28 09:51:25.028  1968 28319 I chatty  : uid=1000 system_server expire 1 line
04-28 09:51:31.036  1968  4104 I chatty  : uid=1000(system) Binder:1968_D expire 9 lines
04-28 09:51:31.066  1968  4126 I chatty  : uid=1000(system) Binder:1968_11 expire 3 lines
04-28 09:51:31.387  1968  4897 I chatty  : uid=1000(system) Binder:1968_1E expire 3 lines
04-28 09:53:53.791  1968  4125 I chatty  : uid=1000(system) Binder:1968_10 expire 2 lines
04-28 09:53:53.791  1968  2132 I chatty  : uid=1000(system) android.ui expire 2 lines
04-28 09:53:54.800  1968  3902 I chatty  : uid=1000(system) Binder:1968_C expire 3 lines
04-28 09:53:54.826  2678  2678 D StatusBarKeyguardViewManager: requestUnlock collapse=true
04-28 09:53:54.830  1968  2191 I chatty  : uid=1000(system) PowerManagerSer expire 3 lines
04-28 09:53:54.891  1968  2135 I chatty  : uid=1000(system) android.anim expire 8 lines
04-28 09:53:57.172  1968  2134 I chatty  : uid=1000(system) android.display expire 3 lines
04-28 09:53:57.177  1968  2129 I chatty  : uid=1000(system) android.fg expire 6 lines
04-28 09:53:57.184  1968  2158 I chatty  : uid=1000(system) ActivityManager expire 10 lines
04-28 09:53:57.188  1968  4126 I chatty  : uid=1000(system) Binder:1968_11 expire 3 lines
04-28 09:53:57.516  1968  3902 I chatty  : uid=1000(system) Binder:1968_C expire 2 lines
04-28 09:53:59.916  1968  2132 I chatty  : uid=1000(system) android.ui expire 3 lines
04-28 09:54:09.229  1968  1968 I chatty  : uid=1000 system_server expire 5 lines
04-28 09:54:28.025  1968  2147 I chatty  : uid=1000(system) android.bg expire 11 lines
04-28 09:54:54.560  1968  2430 I chatty  : uid=1000(system) UEventObserver expire 11 lines
04-28 09:55:59.916  1968  2191 I chatty  : uid=1000(system) PowerManagerSer expire 7 lines
04-28 09:56:00.448  1968  2170 I chatty  : uid=1000(system) batterystats-wo expire 14 lines
04-28 09:56:00.468  1968 28444 I chatty  : uid=1000 system_server expire 1 line
04-28 09:56:06.052  1968  2017 I chatty  : uid=1000(system) Binder:1968_1 expire 8 lines
04-28 09:56:06.709  1968  4884 I chatty  : uid=1000(system) Binder:1968_18 expire 2 lines
04-28 09:59:08.020  1968  2600 I chatty  : uid=1000(system) ConnectivitySer expire 39 lines
04-28 09:59:08.066  1968  2159 I chatty  : uid=1000(system) ActivityManager expire 6 lines
04-28 09:59:20.536  1968  3216 I chatty  : uid=1000(system) Binder:1968_9 expire 1 line
04-28 10:09:19.343  1968  2817 I chatty  : uid=1000(system) Binder:1968_8 expire 1 line
04-28 10:09:19.344  1968  2699 I chatty  : uid=1000(system) Binder:1968_4 expire 4 lines
04-28 10:09:31.503  1968  3880 I chatty  : uid=1000(system) Binder:1968_A expire 4 lines
04-28 10:09:31.518  1968  4125 I chatty  : uid=1000(system) Binder:1968_10 expire 2 lines
04-28 10:17:43.078  1968  2543 I chatty  : uid=1000(system) NetworkPolicy expire 6 lines
04-28 10:17:47.805  1968  2699 I chatty  : uid=1000(system) Binder:1968_4 expire 6 lines
04-28 10:17:47.831  1968  3880 I chatty  : uid=1000(system) Binder:1968_A expire 6 lines
04-28 10:17:48.058  1968  2600 I chatty  : uid=1000(system) ConnectivitySer expire 44 lines
04-28 10:18:10.591  1968  2170 I chatty  : uid=1000(system) batterystats-wo expire 21 lines
04-28 10:18:23.302  1968  2147 I chatty  : uid=1000(system) android.bg expire 18 lines
04-28 10:18:23.374  1968  4897 I chatty  : uid=1000(system) Binder:1968_1E expire 5 lines
04-28 10:18:23.624  1968  4884 I chatty  : uid=1000(system) Binder:1968_18 expire 3 lines
04-28 10:18:23.721  1968  2430 I chatty  : uid=1000(system) UEventObserver expire 16 lines
04-28 10:32:52.026  1968  1968 I chatty  : uid=1000 system_server expire 1 line
04-28 10:32:52.059  1968  2159 I chatty  : uid=1000(system) ActivityManager expire 4 lines
04-28 10:32:52.136  1968  4136 I chatty  : uid=1000(system) Binder:1968_12 expire 3 lines
04-28 10:32:52.138  1968  2019 I chatty  : uid=1000(system) Binder:1968_2 expire 2 lines
04-28 10:36:23.243  1968  2132 I chatty  : uid=1000(system) android.ui expire 2 lines
04-28 10:36:23.248  1968  2129 I chatty  : uid=1000(system) android.fg expire 2 lines
04-28 10:37:16.507  1968  4105 I chatty  : uid=1000(system) Binder:1968_E expire 1 line
04-28 10:37:17.331  1968  4883 I chatty  : uid=1000(system) Binder:1968_17 expire 3 lines
04-28 10:37:19.345  1968  2158 I chatty  : uid=1000(system) ActivityManager expire 8 lines
04-28 10:37:28.187  1968  4885 I chatty  : uid=1000(system) Binder:1968_19 expire 1 line
04-28 10:52:39.306  1968  4104 I chatty  : uid=1000(system) Binder:1968_D expire 3 lines
04-28 10:56:41.808  1968  2813 I chatty  : uid=1000(system) Binder:1968_7 expire 1 line
04-28 11:02:36.189  1968  2170 I chatty  : uid=1000(system) batterystats-wo expire 20 lines
04-28 11:03:27.433  1968  2430 I chatty  : uid=1000(system) UEventObserver expire 15 lines
04-28 11:09:19.978  1968  2600 I chatty  : uid=1000(system) ConnectivitySer expire 16 lines
04-28 11:09:23.046  1968  2504 I chatty  : uid=1000(system) NetworkWatchlis expire 2 lines
04-28 11:09:23.083  1968  2159 I chatty  : uid=1000(system) ActivityManager expire 4 lines
04-28 11:09:23.431  1968  4892 I chatty  : uid=1000(system) Binder:1968_1A expire 2 lines
04-28 11:09:23.641 29344 29344 D ActivityThread: Loading provider contacts;com.android.contacts: com.android.providers.contacts.ContactsProvider2
04-28 11:09:23.907  1968  2699 I chatty  : uid=1000(system) Binder:1968_4 expire 3 lines
04-28 11:09:23.972  1968  2147 I chatty  : uid=1000(system) android.bg expire 7 lines
04-28 11:09:24.324  1968  4147 I chatty  : uid=1000(system) Binder:1968_15 expire 1 line
04-28 11:09:24.764  1968  1968 I chatty  : uid=1000 system_server expire 12 lines
04-28 11:09:25.002  1968  2129 I chatty  : uid=1000(system) android.fg expire 8 lines
04-28 11:09:25.058 29403 29432 D SystemConfig: Removed unavailable feature android.hardware.sensor.compass
04-28 11:09:25.058 29403 29432 D SystemConfig: Removed unavailable feature android.hardware.sensor.compass
04-28 11:09:25.062 29403 29432 D SystemConfig: Removed unavailable feature android.hardware.sensor.gyroscope
04-28 11:09:25.062 29403 29432 D SystemConfig: Removed unavailable feature android.hardware.sensor.barometer
04-28 11:09:25.064 29403 29432 W SystemConfig: No directory /oem/etc/sysconfig, skipping
04-28 11:09:25.064 29403 29432 W SystemConfig: No directory /oem/etc/permissions, skipping
04-28 11:09:25.075 29403 29432 D SystemConfig: Removed unavailable feature com.google.android.feature.RU
04-28 11:09:25.115 29403 29432 W SystemConfig: No directory /system/etc/motorola/bgintents, skipping
04-28 11:09:25.115 29403 29432 W SystemConfig: No directory /oem/etc/motorola/bgintents, skipping
04-28 11:09:25.117 29403 29432 W SystemConfig: No directory /product_services/etc/sysconfig, skipping
04-28 11:09:25.117 29403 29432 W SystemConfig: No directory /product_services/etc/permissions, skipping
04-28 11:09:25.117 29403 29432 W SystemConfig: No directory /system/etc/motorola/sysconfig, skipping
04-28 11:09:25.117 29403 29432 W SystemConfig: No directory /oem/etc/motorola/sysconfig, skipping
04-28 11:09:25.118 29403 29432 W SystemConfig: No directory /product/etc/motorola/sysconfig, skipping
04-28 11:09:51.405  1968  2194 I chatty  : uid=1000(system) HwBinder:1968_1 expire 1 line
04-28 11:13:26.089  1968  4906 I chatty  : uid=1000(system) Binder:1968_20 expire 1 line
04-28 11:13:26.116  1968  4121 I chatty  : uid=1000(system) Binder:1968_F expire 1 line
04-28 11:27:51.948  1968  4142 I chatty  : uid=1000(system) Binder:1968_14 expire 3 lines
04-28 11:32:49.987  1968  2543 I chatty  : uid=1000(system) NetworkPolicy expire 2 lines
04-28 11:48:28.988  1968  4893 I chatty  : uid=1000(system) Binder:1968_1B expire 1 line
04-28 11:48:28.989  1968  2615 I chatty  : uid=1000(system) Binder:1968_3 expire 3 lines
04-28 11:58:20.825  1968  2191 I chatty  : uid=1000(system) PowerManagerSer expire 7 lines
04-28 11:58:20.832  1968  2134 I chatty  : uid=1000(system) android.display expire 3 lines
04-28 11:58:20.841  1968  2019 I chatty  : uid=1000(system) Binder:1968_2 expire 1 line
04-28 11:58:20.842  1968  2132 I chatty  : uid=1000(system) android.ui expire 2 lines
04-28 11:58:21.592  1968  3902 I chatty  : uid=1000(system) Binder:1968_C expire 3 lines
04-28 11:58:21.599  1968  2817 I chatty  : uid=1000(system) Binder:1968_8 expire 2 lines
04-28 11:58:21.636  2678  2678 D StatusBarKeyguardViewManager: requestUnlock collapse=true
04-28 11:58:21.700  1968  2135 I chatty  : uid=1000(system) android.anim expire 5 lines
04-28 11:58:21.754  1968  2796 I chatty  : uid=1000(system) Binder:1968_6 expire 1 line
04-28 11:58:21.831  1968  2764 I chatty  : uid=1000(system) Binder:1968_5 expire 2 lines
04-28 11:58:23.504  1968  2600 I chatty  : uid=1000(system) ConnectivitySer expire 6 lines
04-28 11:58:23.801  1968  2187 I chatty  : uid=1000(system) CpuTracker expire 2 lines
04-28 11:58:23.824  1968  2170 I chatty  : uid=1000(system) batterystats-wo expire 4 lines
04-28 11:58:23.851  1968  4880 I chatty  : uid=1000(system) Binder:1968_16 expire 3 lines
04-28 11:58:24.078  1968  4884 I chatty  : uid=1000(system) Binder:1968_18 expire 7 lines
04-28 11:58:24.243  1968  2158 I chatty  : uid=1000(system) ActivityManager expire 19 lines
04-28 11:58:24.277  1968  2159 I chatty  : uid=1000(system) ActivityManager expire 10 lines
04-28 11:58:24.457  1968  2135 I chatty  : uid=1000(system) android.anim expire 35 lines
04-28 11:58:24.547  1968  2764 I chatty  : uid=1000(system) Binder:1968_5 expire 1 line
04-28 11:58:25.081  1968  4903 I chatty  : uid=1000(system) Binder:1968_1F expire 5 lines
04-28 11:58:25.152  1968  2817 I chatty  : uid=1000(system) Binder:1968_8 expire 13 lines
04-28 11:58:25.554  1968  2133 I chatty  : uid=1000(system) android.io expire 1 line
04-28 11:58:25.651  1968  4906 I chatty  : uid=1000(system) Binder:1968_20 expire 4 lines
04-28 11:58:25.762  1968  2170 I chatty  : uid=1000(system) batterystats-wo expire 8 lines
04-28 11:58:25.838  1968  2019 I chatty  : uid=1000(system) Binder:1968_2 expire 6 lines
04-28 11:58:26.763  1968  4880 I chatty  : uid=1000(system) Binder:1968_16 expire 1 line
04-28 11:58:26.836  1968  4136 I chatty  : uid=1000(system) Binder:1968_12 expire 8 lines
04-28 11:58:27.260  1968  4893 I chatty  : uid=1000(system) Binder:1968_1B expire 3 lines
04-28 11:58:27.690  1968  2600 I chatty  : uid=1000(system) ConnectivitySer expire 1 line
04-28 11:58:27.809  1968  3902 I chatty  : uid=1000(system) Binder:1968_C expire 4 lines
04-28 11:58:30.392  1968  4883 I chatty  : uid=1000(system) Binder:1968_17 expire 14 lines
04-28 11:58:30.433  1968  2187 I chatty  : uid=1000(system) CpuTracker expire 4 lines
04-28 11:58:30.714  1968  2543 I chatty  : uid=1000(system) NetworkPolicy expire 5 lines
04-28 11:58:31.164  1968  3216 I chatty  : uid=1000(system) Binder:1968_9 expire 2 lines
04-28 11:58:32.898  1968  2017 I chatty  : uid=1000(system) Binder:1968_1 expire 10 lines
04-28 11:58:37.115  1968  2221 I chatty  : uid=1000(system) PackageManager expire 2 lines
04-28 11:58:37.140  1968  1968 I chatty  : uid=1000 system_server expire 6 lines
04-28 11:58:37.188  1968  4896 I chatty  : uid=1000(system) Binder:1968_1D expire 2 lines
04-28 11:58:37.196  1968  2129 I chatty  : uid=1000(system) android.fg expire 4 lines
04-28 11:58:37.449  1968  4121 I chatty  : uid=1000(system) Binder:1968_F expire 1 line
04-28 11:58:37.654  1968  2134 I chatty  : uid=1000(system) android.display expire 1 line
04-28 11:58:37.716  1968  4892 I chatty  : uid=1000(system) Binder:1968_1A expire 1 line
04-28 11:58:37.828  1968  4142 I chatty  : uid=1000(system) Binder:1968_14 expire 1 line
04-28 11:58:38.016  1968  2817 I chatty  : uid=1000(system) Binder:1968_8 expire 4 lines
04-28 11:58:38.182  1968  3216 I chatty  : uid=1000(system) Binder:1968_9 expire 3 lines
04-28 11:58:38.424  1968  2147 I chatty  : uid=1000(system) android.bg expire 5 lines
04-28 11:58:38.451  1968  2159 I chatty  : uid=1000(system) ActivityManager expire 13 lines
04-28 11:58:38.512  1968  4892 I chatty  : uid=1000(system) Binder:1968_1A expire 2 lines
04-28 11:58:38.925 30246 30317 E ActivityThread: Failed to find provider info for com.facebook.appmanager.nekodirect
04-28 11:58:39.013  1968  4906 I chatty  : uid=1000(system) Binder:1968_20 expire 7 lines
04-28 11:58:39.034  1968  2699 I chatty  : uid=1000(system) Binder:1968_4 expire 2 lines
04-28 11:58:39.121  1968  2133 I chatty  : uid=1000(system) android.io expire 2 lines
04-28 11:58:39.470  1968  4883 I chatty  : uid=1000(system) Binder:1968_17 expire 2 lines
04-28 11:58:39.470  1968  2600 I chatty  : uid=1000(system) ConnectivitySer expire 11 lines
04-28 11:58:39.483  1968  3902 I chatty  : uid=1000(system) Binder:1968_C expire 13 lines
04-28 11:58:39.506  1968  4896 I chatty  : uid=1000(system) Binder:1968_1D expire 1 line
04-28 11:58:40.236  2678  2678 V DeadZone: consuming errant click: (590.0,16.0)
04-28 11:58:40.236  2678  2678 V DeadZone: consuming errant click: (590.0,16.0)
04-28 11:58:40.396  1968  2134 I chatty  : uid=1000(system) android.display expire 11 lines
04-28 11:58:40.859  1968  1968 I chatty  : uid=1000 system_server expire 5 lines
04-28 11:58:41.013  1968  2129 I chatty  : uid=1000(system) android.fg expire 2 lines
04-28 11:58:41.506  1968  4126 I chatty  : uid=1000(system) Binder:1968_11 expire 5 lines
04-28 11:58:41.531  1968  2187 I chatty  : uid=1000(system) CpuTracker expire 2 lines
04-28 11:58:41.540  1968  2135 I chatty  : uid=1000(system) android.anim expire 18 lines
04-28 11:58:42.258  1968  2796 I chatty  : uid=1000(system) Binder:1968_6 expire 2 lines
04-28 11:58:42.262  1968  4141 I chatty  : uid=1000(system) Binder:1968_13 expire 9 lines
04-28 11:58:43.676  1968  4105 I chatty  : uid=1000(system) Binder:1968_E expire 7 lines
04-28 11:58:44.046  1968  4121 I chatty  : uid=1000(system) Binder:1968_F expire 6 lines
04-28 11:58:46.532  1968  2158 I chatty  : uid=1000(system) ActivityManager expire 2 lines
04-28 11:58:48.045  1968  4125 I chatty  : uid=1000(system) Binder:1968_10 expire 12 lines
04-28 11:58:48.069  1968  2813 I chatty  : uid=1000(system) Binder:1968_7 expire 2 lines
04-28 11:58:48.817  1968  3881 I chatty  : uid=1000(system) Binder:1968_B expire 3 lines
04-28 11:58:48.823  1968  2170 I chatty  : uid=1000(system) batterystats-wo expire 2 lines
04-28 11:58:48.829  1968  4136 I chatty  : uid=1000(system) Binder:1968_12 expire 3 lines
04-28 11:58:48.882  1968  4885 I chatty  : uid=1000(system) Binder:1968_19 expire 5 lines
04-28 11:58:49.355  1968  4895 I chatty  : uid=1000(system) Binder:1968_1C expire 4 lines
04-28 11:58:49.356  1968  4880 I chatty  : uid=1000(system) Binder:1968_16 expire 1 line
04-28 11:58:49.365  1968  4147 I chatty  : uid=1000(system) Binder:1968_15 expire 4 lines
04-28 11:59:06.435  1968  4893 I chatty  : uid=1000(system) Binder:1968_1B expire 3 lines
04-28 11:59:10.594  1968  4104 I chatty  : uid=1000(system) Binder:1968_D expire 3 lines
04-28 11:59:21.309  1968  2430 I chatty  : uid=1000(system) UEventObserver expire 11 lines
04-28 11:59:24.657  1968  2170 I chatty  : uid=1000(system) batterystats-wo expire 20 lines
04-28 11:59:24.704  1968  2159 I chatty  : uid=1000(system) ActivityManager expire 8 lines
04-28 11:59:25.688  1968  4906 I chatty  : uid=1000(system) Binder:1968_20 expire 1 line
04-28 11:59:25.729  1968  3881 I chatty  : uid=1000(system) Binder:1968_B expire 3 lines
04-28 11:59:39.675  1968  4880 I chatty  : uid=1000(system) Binder:1968_16 expire 8 lines
04-28 12:00:22.946  1968  1968 I chatty  : uid=1000 system_server expire 8 lines
04-28 12:00:33.962  1968  2147 I chatty  : uid=1000(system) android.bg expire 9 lines
04-28 12:00:37.402  1968  4125 I chatty  : uid=1000(system) Binder:1968_10 expire 4 lines
04-28 12:00:37.590 31136 31136 D ActivityThread: Loading provider contacts;com.android.contacts: com.android.providers.contacts.ContactsProvider2
04-28 12:00:39.954  1968  4884 I chatty  : uid=1000(system) Binder:1968_18 expire 3 lines
04-28 12:00:48.506  1968  2191 I chatty  : uid=1000(system) PowerManagerSer expire 7 lines
04-28 12:00:49.019  1968 31161 I chatty  : uid=1000 system_server expire 1 line
04-28 12:00:49.035  1968  2134 I chatty  : uid=1000(system) android.display expire 2 lines
04-28 12:00:54.928  1968  2129 I chatty  : uid=1000(system) android.fg expire 4 lines
04-28 12:00:54.969  1968  2699 I chatty  : uid=1000(system) Binder:1968_4 expire 1 line
04-28 12:00:55.142  1968  2135 I chatty  : uid=1000(system) android.anim expire 2 lines
04-28 12:01:27.070 31168 31168 W ActivityThread: serviceCreate starts in 31423 ms, CreateServiceData = CreateServiceData{token=android.os.BinderProxy@c6747a1 className=com.motorola.motodisplay.MotoDisplayService packageName=com.motorola.motodisplay intent=null}
04-28 12:01:40.079 31168 31168 W ActivityThread: serviceCreate starts in 12946 ms, CreateServiceData = CreateServiceData{token=android.os.BinderProxy@fbd2a81 className=com.motorola.motodisplay.analytics.AnalyticsIntentService packageName=com.motorola.motodisplay intent=null}
04-28 12:03:56.088  1968  2600 I chatty  : uid=1000(system) ConnectivitySer expire 51 lines
04-28 12:03:56.213  1968  2796 I chatty  : uid=1000(system) Binder:1968_6 expire 1 line
04-28 12:03:56.215  1968  4142 I chatty  : uid=1000(system) Binder:1968_14 expire 8 lines
04-28 12:07:36.022  1968  4121 I chatty  : uid=1000(system) Binder:1968_F expire 3 lines
04-28 12:07:36.103  1968  2543 I chatty  : uid=1000(system) NetworkPolicy expire 5 lines
04-28 12:07:36.187  1968  4126 I chatty  : uid=1000(system) Binder:1968_11 expire 4 lines
04-28 12:09:24.096  1968  3880 I chatty  : uid=1000(system) Binder:1968_A expire 1 line
04-28 12:11:10.100  1968  2543 I chatty  : uid=1000(system) NetworkPolicy expire 10 lines
04-28 12:11:10.105  1968  4142 I chatty  : uid=1000(system) Binder:1968_14 expire 4 lines
04-28 12:11:10.108  1291  1291 I wificond: Pno scan started for frequencies: 2412, 2417, 2422, 2427, 2432, 2437, 2447, 2452, 2457, 2462, 5180, 5200, 5220, 5240, 5745, 5765, 5785, 5805, 
04-28 12:11:10.115  1968  2600 I chatty  : uid=1000(system) ConnectivitySer expire 31 lines
04-28 12:11:10.146  1968  2159 I chatty  : uid=1000(system) ActivityManager expire 1 line
04-28 12:11:10.242  1968  2430 I chatty  : uid=1000(system) UEventObserver expire 11 lines
04-28 12:11:10.541  1968  4893 I chatty  : uid=1000(system) Binder:1968_1B expire 1 line
04-28 12:11:10.629   924  1542 E NetlinkEvent: NetlinkEvent::FindParam(): Parameter 'INTERFACE' not found
04-28 12:11:10.629   924  1542 E NetlinkEvent: NetlinkEvent::FindParam(): Parameter 'STATE' not found
04-28 12:11:10.629   924  1542 E NetlinkEvent: NetlinkEvent::FindParam(): Parameter 'TIME_NS' not found
04-28 12:11:10.629   924  1542 E NetlinkEvent: NetlinkEvent::FindParam(): Parameter 'UID' not found
04-28 12:11:13.849  1968  2170 I chatty  : uid=1000(system) batterystats-wo expire 12 lines
04-28 12:11:13.897  1968  3902 I chatty  : uid=1000(system) Binder:1968_C expire 3 lines
04-28 12:11:13.960  1968  4897 I chatty  : uid=1000(system) Binder:1968_1E expire 1 line
04-28 12:11:13.964  1968  2147 I chatty  : uid=1000(system) android.bg expire 10 lines
04-28 12:11:14.031  1968  4104 I chatty  : uid=1000(system) Binder:1968_D expire 1 line
04-28 12:23:14.880 31552 31552 W ActivityThread: serviceCreate starts in 34621 ms, CreateServiceData = CreateServiceData{token=android.os.BinderProxy@9f3b0ed className=com.google.android.apps.messaging.shared.datamodel.action.execution.ActionExecutorImpl$EmptyService packageName=com.google.android.apps.messaging intent=null}
04-28 12:23:14.881 31552 31552 W ActivityThread: serviceStart starts in 34621 ms, ServiceArgsData = ServiceArgsData{token=android.os.BinderProxy@9f3b0ed startId=1 args=Intent { cmp=com.google.android.apps.messaging/.shared.datamodel.action.execution.ActionExecutorImpl$EmptyService (has extras) }}
04-28 12:25:42.955  1968  2600 I chatty  : uid=1000(system) ConnectivitySer expire 14 lines
04-28 12:25:42.964  1968  4884 I chatty  : uid=1000(system) Binder:1968_18 expire 1 line
04-28 12:26:11.260  1968  4141 I chatty  : uid=1000(system) Binder:1968_13 expire 3 lines
04-28 12:26:11.266  1968  2158 I chatty  : uid=1000(system) ActivityManager expire 6 lines
04-28 12:26:11.360  1968  4136 I chatty  : uid=1000(system) Binder:1968_12 expire 1 line
04-28 12:31:40.739  1291  1291 I wificond: Pno scan result ready event
04-28 12:31:40.775  3149  4491 W Binder  : reply too large data on java level: InterfaceDescriptor = null, code = 1
04-28 12:31:40.780  1291  1291 W wificond: Scan is not started. Ignore abort request
04-28 12:31:40.899  1968  4896 I chatty  : uid=1000(system) Binder:1968_1D expire 3 lines
04-28 12:31:41.063  1291  1291 I wificond: Pno scan stopped
04-28 12:31:41.075  1968  2562 I chatty  : uid=1000(system) ClientModeImpl expire 1 line
04-28 12:31:41.087  1968  2813 I chatty  : uid=1000(system) Binder:1968_7 expire 2 lines
04-28 12:31:41.093  1968  2600 I chatty  : uid=1000(system) ConnectivitySer expire 31 lines
04-28 12:31:41.182  1968  2543 I chatty  : uid=1000(system) NetworkPolicy expire 7 lines
04-28 12:31:41.235  1968  2430 I chatty  : uid=1000(system) UEventObserver expire 1 line
04-28 12:31:42.005  1968  2170 I chatty  : uid=1000(system) batterystats-wo expire 2 lines
04-28 12:31:42.098  1968  2147 I chatty  : uid=1000(system) android.bg expire 16 lines
04-28 12:31:42.299  3149  3165 W Binder  : reply too large data on java level: InterfaceDescriptor = null, code = 1
04-28 12:31:42.318  3149  3165 W Binder  : reply too large data on java level: InterfaceDescriptor = null, code = 1
04-28 12:31:42.519   924  1542 E NetlinkEvent: NetlinkEvent::FindParam(): Parameter 'INTERFACE' not found
04-28 12:31:42.519   924  1542 E NetlinkEvent: NetlinkEvent::FindParam(): Parameter 'STATE' not found
04-28 12:31:42.519   924  1542 E NetlinkEvent: NetlinkEvent::FindParam(): Parameter 'TIME_NS' not found
04-28 12:31:42.519   924  1542 E NetlinkEvent: NetlinkEvent::FindParam(): Parameter 'UID' not found
04-28 12:31:44.676  1968  2600 I chatty  : uid=1000(system) ConnectivitySer expire 66 lines
04-28 12:31:45.950  1968  4142 I chatty  : uid=1000(system) Binder:1968_14 expire 4 lines
04-28 12:31:46.174  1968  4141 I chatty  : uid=1000(system) Binder:1968_13 expire 7 lines
04-28 12:31:46.223  1968  2543 I chatty  : uid=1000(system) NetworkPolicy expire 6 lines
04-28 12:31:47.923  1968  2170 I chatty  : uid=1000(system) batterystats-wo expire 24 lines
04-28 12:31:51.737  1968  2430 I chatty  : uid=1000(system) UEventObserver expire 12 lines
04-28 12:31:52.532  1968  4896 I chatty  : uid=1000(system) Binder:1968_1D expire 1 line
04-28 12:35:47.683  1968  2158 I chatty  : uid=1000(system) ActivityManager expire 2 lines
04-28 12:35:47.692  1968  4897 I chatty  : uid=1000(system) Binder:1968_1E expire 4 lines
04-28 12:35:49.133  1968  2132 I chatty  : uid=1000(system) android.ui expire 7 lines
04-28 12:52:58.007  1968  2159 I chatty  : uid=1000(system) ActivityManager expire 1 line
04-28 12:53:00.041  1968  3880 I chatty  : uid=1000(system) Binder:1968_A expire 1 line
04-28 13:06:57.873  1968  2191 I chatty  : uid=1000(system) PowerManagerSer expire 10 lines
04-28 13:06:57.877  1968  4895 I chatty  : uid=1000(system) Binder:1968_1C expire 2 lines
04-28 13:06:57.907  1968  2134 I chatty  : uid=1000(system) android.display expire 8 lines
04-28 13:07:04.647  1968  2170 I chatty  : uid=1000(system) batterystats-wo expire 12 lines
04-28 13:07:04.662  1968  2191 I chatty  : uid=1000(system) PowerManagerSer expire 14 lines
04-28 13:07:04.714  1968  2132 I chatty  : uid=1000(system) android.ui expire 3 lines
04-28 13:07:04.771  1968  2600 I chatty  : uid=1000(system) ConnectivitySer expire 17 lines
04-28 13:07:05.013  1968  2430 I chatty  : uid=1000(system) UEventObserver expire 5 lines
04-28 13:07:07.342  1968  2158 I chatty  : uid=1000(system) ActivityManager expire 11 lines
04-28 13:07:13.399  1968  2133 I chatty  : uid=1000(system) android.io expire 2 lines
04-28 13:07:13.451  1968 25609 I chatty  : uid=1000(system) HwBinder:1968_5 expire 1 line
04-28 13:07:13.451  1968  2129 I chatty  : uid=1000(system) android.fg expire 4 lines
04-28 13:07:13.472  1968  4895 I chatty  : uid=1000(system) Binder:1968_1C expire 4 lines
04-28 13:07:13.472  1968  1968 I chatty  : uid=1000 system_server expire 10 lines
04-28 13:07:13.554  1968  3902 I chatty  : uid=1000(system) Binder:1968_C expire 4 lines
04-28 13:07:13.692  1968  2147 I chatty  : uid=1000(system) android.bg expire 2 lines
04-28 13:07:13.784  1968  4883 I chatty  : uid=1000(system) Binder:1968_17 expire 1 line
04-28 13:07:13.804  1968  2135 I chatty  : uid=1000(system) android.anim expire 1 line
04-28 13:07:16.067  1968  2159 I chatty  : uid=1000(system) ActivityManager expire 8 lines
04-28 13:07:16.991  1968  4054 I chatty  : uid=1000(system) backup-0 expire 2 lines
04-28 13:07:16.997  1968  4104 I chatty  : uid=1000(system) Binder:1968_D expire 5 lines
04-28 13:07:16.998  1968 32360 I chatty  : uid=1000 system_server expire 37 lines
04-28 13:07:17.411  1968  4885 I chatty  : uid=1000(system) Binder:1968_19 expire 2 lines
04-28 13:07:17.419  1968  4880 I chatty  : uid=1000(system) Binder:1968_16 expire 2 lines
04-28 13:07:17.969  1968  4906 I chatty  : uid=1000(system) Binder:1968_20 expire 5 lines
04-28 13:07:18.015  1968  3216 I chatty  : uid=1000(system) Binder:1968_9 expire 1 line
04-28 13:07:18.071  1968  3880 I chatty  : uid=1000(system) Binder:1968_A expire 3 lines
04-28 13:07:19.134  1968  2699 I chatty  : uid=1000(system) Binder:1968_4 expire 1 line
04-28 13:07:19.687  1968  4897 I chatty  : uid=1000(system) Binder:1968_1E expire 4 lines
04-28 13:07:19.748  1968 32360 I chatty  : uid=1000 system_server expire 47 lines
04-28 13:07:19.781  1968  2159 I chatty  : uid=1000(system) ActivityManager expire 8 lines
04-28 13:07:20.020  1968  2158 I chatty  : uid=1000(system) ActivityManager expire 4 lines
04-28 13:07:20.056  1968  4895 I chatty  : uid=1000(system) Binder:1968_1C expire 3 lines
04-28 13:07:20.365  1968  2430 I chatty  : uid=1000(system) UEventObserver expire 2 lines
04-28 13:07:20.394  1968  2600 I chatty  : uid=1000(system) ConnectivitySer expire 47 lines
04-28 13:07:20.395  1968  3902 I chatty  : uid=1000(system) Binder:1968_C expire 3 lines
