04-28 13:25:28.543  1968  2221 I PackageManager: Un-granting permission android.permission.MODIFY_PHONE_STATE from package com.google.android.apps.messaging (protectionLevel=18 flags=0x28cbbec5)
04-28 13:25:28.543  1968  2221 I PackageManager: Un-granting permission android.permission.READ_PRECISE_PHONE_STATE from package com.google.android.apps.messaging (protectionLevel=18 flags=0x28cbbec5)
04-28 13:25:28.543  1968  2221 I PackageManager: Un-granting permission android.permission.CONNECTIVITY_USE_RESTRICTED_NETWORKS from package com.google.android.apps.messaging (protectionLevel=18 flags=0x28cbbec5)
04-28 13:25:28.544  1968  2221 I PackageManager: Un-granting permission com.google.android.setupwizard.READ_DEVICE_ORIGIN from package com.google.android.apps.messaging (protectionLevel=18 flags=0x28cbbec5)
04-28 13:25:28.545  1968  2221 I PackageManager: Un-granting permission android.permission.HIDE_NON_SYSTEM_OVERLAY_WINDOWS from package com.android.vending (protectionLevel=258 flags=0x28cabec5)
04-28 13:25:28.545  1968  2221 I PackageManager: Un-granting permission android.permission.SEND_DOWNLOAD_COMPLETED_INTENTS from package com.android.vending (protectionLevel=2 flags=0x28cabec5)
04-28 13:25:28.546  1968  2221 I PackageManager: Un-granting permission android.permission.SYSTEM_ALERT_WINDOW from package us.zoom.videomeetings (protectionLevel=1250 flags=0x20983e44)
04-28 13:25:28.546  1968  2221 I PackageManager: Un-granting permission android.permission.REQUEST_INSTALL_PACKAGES from package us.zoom.videomeetings (protectionLevel=66 flags=0x20983e44)
04-28 13:25:28.548  1968  2221 I PackageManager: Un-granting permission android.permission.INTERACT_ACROSS_PROFILES from package com.google.android.deskclock (protectionLevel=18 flags=0x30cbbec5)
04-28 13:25:28.548  1968  2221 I PackageManager: Un-granting permission android.permission.REQUEST_INSTALL_PACKAGES from package com.google.android.gm (protectionLevel=66 flags=0x28dbbec5)
04-28 13:25:28.548  1968  2221 I PackageManager: Un-granting permission android.permission.STATUS_BAR from package com.google.android.apps.tachyon (protectionLevel=18 flags=0x30c9bec5)
04-28 13:25:28.548  1968  2221 I PackageManager: Un-granting permission android.permission.STOP_APP_SWITCHES from package com.google.android.apps.tachyon (protectionLevel=18 flags=0x30c9bec5)
04-28 13:25:28.550  1968  2221 I PackageManager: Un-granting permission android.permission.MANAGE_ROLE_HOLDERS from package com.google.android.apps.wellbeing (protectionLevel=258 flags=0x20cbbec5)
04-28 13:25:28.550  1968  2221 I PackageManager: Un-granting permission android.permission.REAL_GET_TASKS from package com.google.android.apps.wellbeing (protectionLevel=18 flags=0x20cbbec5)
04-28 13:25:28.550  1968  2221 I PackageManager: Un-granting permission android.permission.START_TASKS_FROM_RECENTS from package com.google.android.apps.wellbeing (protectionLevel=18 flags=0x20cbbec5)
04-28 13:25:28.550  1968  2221 I PackageManager: Un-granting permission android.permission.MODIFY_DAY_NIGHT_MODE from package com.google.android.apps.wellbeing (protectionLevel=18 flags=0x20cbbec5)
04-28 13:25:28.550  1968  2221 I PackageManager: Un-granting permission android.permission.REQUEST_INSTALL_PACKAGES from package com.google.android.apps.nbu.files (protectionLevel=66 flags=0x20cbbec5)
04-28 13:25:28.551  1968  2221 I PackageManager: Un-granting permission android.permission.REQUEST_INSTALL_PACKAGES from package com.google.android.apps.docs (protectionLevel=66 flags=0x28cbbec5)
04-28 13:25:28.551  1968  2221 I PackageManager: Un-granting permission android.permission.INTERACT_ACROSS_USERS from package com.google.android.syncadapters.contacts (protectionLevel=50 flags=0x20883e45)
04-28 13:25:28.552  1968  2221 I PackageManager: Un-granting permission android.permission.REQUEST_INSTALL_PACKAGES from package com.android.chrome (protectionLevel=66 flags=0xa04bbe45)
04-28 13:25:28.552  1968  2221 I PackageManager: Un-granting permission android.permission.CAPTURE_VIDEO_OUTPUT from package com.google.android.gms (protectionLevel=2 flags=0xa0cabec5)
04-28 13:25:28.552  1968  2221 I PackageManager: Un-granting permission android.permission.MANAGE_DEVICE_ADMINS from package com.google.android.gms (protectionLevel=2 flags=0xa0cabec5)
04-28 13:25:28.552  1968  2221 I PackageManager: Un-granting permission android.permission.MANAGE_ACTIVITY_STACKS from package com.google.android.gms (protectionLevel=2 flags=0xa0cabec5)
04-28 13:25:28.552  1968  2221 I PackageManager: Un-granting permission android.permission.CAPTURE_SECURE_VIDEO_OUTPUT from package com.google.android.gms (protectionLevel=2 flags=0xa0cabec5)
04-28 13:25:28.552  1968  2221 I PackageManager: Un-granting permission android.permission.MANAGE_ROLLBACKS from package com.google.android.gms (protectionLevel=514 flags=0xa0cabec5)
04-28 13:25:28.553  1968  2221 I PackageManager: Un-granting permission android.permission.MEDIA_CONTENT_CONTROL from package com.google.android.gms (protectionLevel=18 flags=0xa0cabec5)
04-28 13:25:28.553  1968  2221 I PackageManager: Un-granting permission android.permission.HIDE_NON_SYSTEM_OVERLAY_WINDOWS from package com.google.android.gms (protectionLevel=258 flags=0xa0cabec5)
04-28 13:25:28.553  1968  2221 I PackageManager: Un-granting permission android.permission.UPDATE_APP_OPS_STATS from package com.google.android.tts (protectionLevel=274 flags=0x20cbbec5)
04-28 13:25:28.554  1968  2221 I PackageManager: Un-granting permission android.permission.PACKAGE_USAGE_STATS from package com.motorola.genie (protectionLevel=114 flags=0x30d83ec5)
04-28 13:25:28.554  1968  2221 I PackageManager: Un-granting permission com.google.android.googleapps.permission.GOOGLE_AUTH from package com.google.android.videos (protectionLevel=2 flags=0x20dbbec5)
04-28 13:25:28.554  1968  2221 I PackageManager: Un-granting permission android.permission.WRITE_MEDIA_STORAGE from package com.google.android.apps.photos (protectionLevel=18 flags=0x38d9bec5)
04-28 13:25:28.555  1968  2221 I PackageManager: Un-granting permission android.permission.SYSTEM_ALERT_WINDOW from package com.lgi.ziggotv (protectionLevel=1250 flags=0x20c83e44)
04-28 13:25:28.555  1968  2221 I PackageManager: Un-granting permission android.permission.INTERACT_ACROSS_PROFILES from package com.google.android.calendar (protectionLevel=18 flags=0x30cbbec5)
04-28 13:25:28.555  1968  2221 I PackageManager: Un-granting permission android.permission.INTERACT_ACROSS_USERS from package com.google.android.documentsui (protectionLevel=50 flags=0x30c9bec5)
04-28 13:25:28.555  1968  2221 I PackageManager: Un-granting permission android.permission.MODIFY_QUIET_MODE from package com.google.android.documentsui (protectionLevel=18 flags=0x30c9bec5)
04-28 13:25:28.556  1968  2221 I PackageManager: Un-granting permission android.permission.REQUEST_INSTALL_PACKAGES from package org.mozilla.firefox (protectionLevel=66 flags=0x38c83e44)
04-28 13:25:28.556  1968  2221 I PackageManager: Un-granting permission android.permission.CAPTURE_AUDIO_OUTPUT from package com.motorola.fmplayer (protectionLevel=18 flags=0x20c8bcc5)
04-28 13:25:28.557  1968  2221 I PackageManager: Un-granting permission android.permission.READ_LOGS from package com.google.android.wfcactivation (protectionLevel=50 flags=0x38883e45)
04-28 13:25:28.557  1968  2221 I PackageManager: Un-granting permission android.permission.WRITE_APN_SETTINGS from package com.google.android.wfcactivation (protectionLevel=18 flags=0x38883e45)
04-28 13:25:28.557  1968  2221 I PackageManager: Un-granting permission com.google.android.finsky.permission.GEARHEAD_SERVICE from package com.google.android.projection.gearhead (protectionLevel=18 flags=0x388bbec5)
04-28 13:25:28.557  1968  2221 I PackageManager: Un-granting permission android.permission.CHANGE_COMPONENT_ENABLED_STATE from package com.google.android.projection.gearhead (protectionLevel=18 flags=0x388bbec5)
04-28 13:25:28.557  1968  2221 I PackageManager: Un-granting permission android.permission.UPDATE_APP_OPS_STATS from package com.google.android.projection.gearhead (protectionLevel=274 flags=0x388bbec5)
04-28 13:25:28.558  1968  2221 I PackageManager: Un-granting permission android.permission.INTERACT_ACROSS_PROFILES from package com.google.android.projection.gearhead (protectionLevel=18 flags=0x388bbec5)
04-28 13:25:28.558  1968  2221 I PackageManager: Un-granting permission android.permission.START_ACTIVITIES_FROM_BACKGROUND from package com.motorola.actions (protectionLevel=49682 flags=0x20c9be85)
04-28 13:25:28.559  1968  2221 I PackageManager: Un-granting permission android.permission.READ_WALLPAPER_INTERNAL from package com.google.android.apps.wallpaper (protectionLevel=18 flags=0x20cbbec5)
04-28 13:25:28.559  1968  2221 I PackageManager: Un-granting permission android.permission.SET_WALLPAPER_COMPONENT from package com.google.android.apps.wallpaper (protectionLevel=18 flags=0x20cbbec5)
04-28 13:25:28.559  1968  2221 I PackageManager: Un-granting permission android.permission.BIND_WALLPAPER from package com.google.android.apps.wallpaper (protectionLevel=18 flags=0x20cbbec5)
04-28 13:25:28.559  1968  2221 I PackageManager: Un-granting permission android.permission.CHANGE_OVERLAY_PACKAGES from package com.google.android.apps.wallpaper (protectionLevel=18 flags=0x20cbbec5)
04-28 13:25:28.559  1968  2221 I PackageManager: Un-granting permission android.permission.WRITE_SECURE_SETTINGS from package com.google.android.apps.wallpaper (protectionLevel=50 flags=0x20cbbec5)
04-28 13:25:28.561  1968  2221 I PackageManager: Un-granting permission android.permission.STOP_APP_SWITCHES from package com.motorola.motodisplay (protectionLevel=18 flags=0x20d9bec5)
04-28 13:25:28.562  1968  2221 I PackageManager: Un-granting permission android.permission.WRITE_SETTINGS from package com.media.bestrecorder.audiorecorder (protectionLevel=1218 flags=0x3098be44)
04-28 13:25:28.562  1968  2221 I PackageManager: Un-granting permission android.permission.INTERACT_ACROSS_PROFILES from package com.google.android.inputmethod.latin (protectionLevel=18 flags=0x20cabec5)
04-28 13:25:28.666  1968  2129 W Looper  : Slow dispatch took 103ms android.fg h=android.os.Handler c=<recycled PooledLambda@a11c3b5> m=0
04-28 13:25:28.672   924  3778 I netd    : trafficSetNetPermForUids(0, [10294]) <0.02ms>
04-28 13:25:28.681  1267  2404 E         : Couldn't opendir /data/app/vmdl1918362750.tmp: No such file or directory
04-28 13:25:28.681  1267  2404 E installd: Failed to delete /data/app/vmdl1918362750.tmp: No such file or directory
04-28 13:25:28.681  1968  2221 I ActivityManager: Force stopping nl.djkeu.kukuk appid=10294 user=0: pkg removed
04-28 13:25:28.691  1708  1708 W adbd    : type=1400 audit(0.0:1786): avc: denied { shutdown } for scontext=u:r:adbd:s0 tcontext=u:r:shell:s0 tclass=unix_stream_socket permissive=0
04-28 13:25:28.695  2658  2658 D Avrcp_ext: AvrcpServiceBroadcastReceiver-> Action: android.intent.action.PACKAGE_REMOVED
04-28 13:25:28.696  2658  2658 D BluetoothMapAppObserver: onReceive
04-28 13:25:28.696  2658  2658 D BluetoothMapAppObserver: The removed package is: nl.djkeu.kukuk
04-28 13:25:28.697  4265  4265 D DynamicVolume-DynamicVolumeService: ACTION_PACKAGE_REMOVED: messageWhat=300010294 packageName=nl.djkeu.kukuk uid=10294
04-28 13:25:28.697  3721  3721 D MotoSystemServer: receive intent :package:nl.djkeu.kukuk#Intent;action=android.intent.action.PACKAGE_REMOVED;launchFlags=0x4000010;B.android.intent.extra.REMOVED_FOR_ALL_USERS=true;B.android.intent.extra.DONT_KILL_APP=false;i.android.intent.extra.UID=10294;B.android.intent.extra.DATA_REMOVED=false;B.android.intent.extra.REPLACING=true;i.android.intent.extra.user_handle=0;end
04-28 13:25:28.697  3721  3721 D MotoSystemServer:  packageName = nl.djkeu.kukuk
04-28 13:25:28.697  3721  3721 D MotoSystemServer: mRemovedPackages add: nl.djkeu.kukuk
04-28 13:25:28.705  1968  2501 I chatty  : uid=1000(system) InputReader expire 3 lines
04-28 13:25:28.706  4062  4062 I GsaVoiceInteractionSrv: O received Intent { act=android.intent.action.PACKAGE_REMOVED dat=package:nl.djkeu.kukuk flg=0x4000010 (has extras) }
04-28 13:25:28.708  1968  2158 W BroadcastQueue: Background execution not allowed: receiving Intent { act=android.intent.action.PACKAGE_REMOVED dat=package:nl.djkeu.kukuk flg=0x4000010 (has extras) } to com.android.vending/com.google.android.finsky.packagemanager.impl.PackageMonitorReceiverImpl$RegisteredReceiver
04-28 13:25:28.708  1968  2158 W BroadcastQueue: Background execution not allowed: receiving Intent { act=android.intent.action.PACKAGE_REMOVED dat=package:nl.djkeu.kukuk flg=0x4000010 (has extras) } to com.android.vending/com.google.android.finsky.instantapps.appmanagement.InstantAppRemoveMonitor
04-28 13:25:28.714  6606  6606 I Finsky  : [2] oyv.i(0): PackageMonitorReceiverImpl - Received: android.intent.action.PACKAGE_REMOVED, [4vI1s66N3Wfg9e3NEkYutwHlt2HVLXy-pf4iv1k770I]
04-28 13:25:28.715  6606  6606 I Finsky  : [2] ozk.n(8): Invalidating cached PackageState for nl.djkeu.kukuk
04-28 13:25:28.753  1968  2442 W AccountManagerService: User 10294 does not exist. It might be removed already.
04-28 13:25:28.762  2658  2658 D Avrcp_ext: AvrcpServiceBroadcastReceiver-> Action: android.intent.action.PACKAGE_ADDED
04-28 13:25:28.762  2658  2658 D Avrcp_ext: AvrcpServiceBroadcastReceiver-> packageName: nl.djkeu.kukuk
04-28 13:25:28.762  2658  2658 D Avrcp_ext: packageName: nl.djkeu.kukuk removed: false
04-28 13:25:28.763  3721  3721 D MotoSystemServer: receive intent :package:nl.djkeu.kukuk#Intent;action=android.intent.action.PACKAGE_ADDED;launchFlags=0x4000010;i.android.intent.extra.UID=10294;B.android.intent.extra.REPLACING=true;i.android.intent.extra.user_handle=0;end
04-28 13:25:28.763  2658  2658 D Avrcp_ext: isBrowsableListUpdated: false
04-28 13:25:28.763  3721  3721 D MotoSystemServer:  packageName = nl.djkeu.kukuk
04-28 13:25:28.763  2658  2658 D Avrcp_ext: Exit handlePackageModified
04-28 13:25:28.763  2658  2658 D BluetoothMapAppObserver: onReceive
04-28 13:25:28.763  2658  2658 D BluetoothMapAppObserver: The installed package is: nl.djkeu.kukuk
04-28 13:25:28.763  3721  3721 D MotoSystemServer: #1 mRemovedPackages remove: nl.djkeu.kukuk
04-28 13:25:28.770  6606  7107 I Finsky  : [2659] jgt.run(19): Wrote row to frosting DB: 29805
04-28 13:25:28.775  6606  6636 I Finsky  : [2579] ffm.a(5): AIM: AppInfoManager-Perf > OnDeviceAppInfo > cacheHitCount=1, cacheMissCount=0. Missed  in cache (limit 10) : []
04-28 13:25:28.777  4062  4062 I GsaVoiceInteractionSrv: O received Intent { act=android.intent.action.PACKAGE_ADDED dat=package:nl.djkeu.kukuk flg=0x4000010 (has extras) }
04-28 13:25:28.778  2658  2658 D BluetoothMapAppObserver: Found 0 application(s) with intent android.bluetooth.action.BLUETOOTH_MAP_PROVIDER
04-28 13:25:28.781  3721  3721 D MotoSystemServer: Finding service package:com.motorola.actions and service:com.motorola.actions.motoservice.MotoService
04-28 13:25:28.781  3721  3721 D MotoSystemServer: Finding service package:com.motorola.audiofx and service:com.motorola.audiofx.service.MotoService
04-28 13:25:28.785  5798  5847 I Bugle   : BroadcastReceiverAsyncWorkTracker: Acknowledging broadcast of aluw@c09dae5
04-28 13:25:28.786  3721  3721 D MotoSystemServer: Finding service package:com.motorola.dynamicvolume and service:com.motorola.dynamicvolume.service.DynamicVolumeService
04-28 13:25:28.788  3721  3721 D MotoSystemServer: Finding service package:com.motorola.moto and service:com.motorola.mya.MayaManagerService
04-28 13:25:28.788  6606  6636 I Finsky  : [2579] ffm.a(5): AIM: AppInfoManager-Perf > OnDeviceAppInfo > cacheHitCount=0, cacheMissCount=1. Missed  in cache (limit 10) : [nl.djkeu.kukuk]
04-28 13:25:28.789  2658  2658 D BluetoothMapAppObserver: Found 0 application(s) with intent android.bluetooth.action.BLUETOOTH_MAP_IM_PROVIDER
04-28 13:25:28.790  3721  3721 D MotoSystemServer: Finding service package:com.motorola.msimsettings and service:com.motorola.msimsettings.services.PersistentService
04-28 13:25:28.791  3721  3721 D MotoSystemServer: Finding service package:com.motorola.timeweatherwidget and service:com.motorola.commandcenter.weather.KeepLiveService
04-28 13:25:28.792  3721  3721 W MotoSystemServer: Moto service : com.motorola.timeweatherwidget/com.motorola.commandcenter.weather.KeepLiveService has been already binded
04-28 13:25:28.793  4265  4265 D DynamicVolume-DynamicVolumeService: ACTION_PACKAGE_REPLACED: messageWhat=300010294 packageName=nl.djkeu.kukuk uid=10294
04-28 13:25:28.798  1968  2158 W BroadcastQueue: Background execution not allowed: receiving Intent { act=android.intent.action.PACKAGE_REMOVED dat=package:nl.djkeu.kukuk flg=0x4000010 (has extras) } to com.facebook.services/com.facebook.oxygen.services.fbns.RegisteredMqttSystemBroadcastReceiver
04-28 13:25:28.799  6606  6606 I Finsky  : [2] oyv.i(0): PackageMonitorReceiverImpl - Received: android.intent.action.PACKAGE_ADDED, [4vI1s66N3Wfg9e3NEkYutwHlt2HVLXy-pf4iv1k770I]
04-28 13:25:28.800  6606  6606 I Finsky  : [2] ozk.n(8): Invalidating cached PackageState for nl.djkeu.kukuk
04-28 13:25:28.801  5798  5850 I Bugle   : BroadcastReceiverAsyncWorkTracker: Acknowledging broadcast of aluw@c09dae5
04-28 13:25:28.804  3721  3721 D MotoSystemServer: Component ComponentInfo{com.motorola.moto/com.motorola.mya.MayaManagerService} is Disabled
04-28 13:25:28.804  1968  2158 W BroadcastQueue: Background execution not allowed: receiving Intent { act=android.intent.action.PACKAGE_REMOVED dat=package:nl.djkeu.kukuk flg=0x4000010 (has extras) } to com.google.android.apps.maps/com.google.android.libraries.social.peoplekit.thirdparty.viewcontrollers.ThirdPartyReceiver
04-28 13:25:28.804  4062  4062 I GsaVoiceInteractionSrv: O received Intent { act=android.intent.action.PACKAGE_REPLACED dat=package:nl.djkeu.kukuk flg=0x4000010 (has extras) }
04-28 13:25:28.805  1968  2158 W BroadcastQueue: Background execution not allowed: receiving Intent { act=android.intent.action.PACKAGE_REMOVED dat=package:nl.djkeu.kukuk flg=0x4000010 (has extras) } to com.google.android.apps.photos/com.google.android.libraries.social.peoplekit.thirdparty.viewcontrollers.ThirdPartyReceiver
04-28 13:25:28.805  1968  2158 W BroadcastQueue: Background execution not allowed: receiving Intent { act=android.intent.action.PACKAGE_REMOVED dat=package:nl.djkeu.kukuk flg=0x4000010 (has extras) } to com.google.android.gms/.games.chimera.GamesSystemBroadcastReceiverProxy
04-28 13:25:28.811  1968  2158 W BroadcastQueue: Background execution not allowed: receiving Intent { act=android.intent.action.PACKAGE_REMOVED dat=package:nl.djkeu.kukuk flg=0x4000010 (has extras) } to com.google.android.gms/.chimera.GmsIntentOperationService$PersistentTrustedReceiver
04-28 13:25:28.813  6606  6636 I Finsky  : [2579] ffi.a(11): AIM: AppInfoManager-Perf > ItemModel > CacheSize=65, cacheHitCount=0, cacheMissCount=0, total appsWithNoServerDataCount=3. Missed  in cache (limit 10) : []
04-28 13:25:28.814  1968  1968 I TelecomService: DefaultDialerCache: Refreshing default dialer for user 0: now com.google.android.dialer: DDC.oR@Ask
04-28 13:25:28.815  3721  3721 W MotoSystemServer: Moto service : com.motorola.dynamicvolume/com.motorola.dynamicvolume.service.DynamicVolumeService has been already binded
04-28 13:25:28.816 30945 30993 W SearchServiceCore: Abort, client detached.
04-28 13:25:28.816 30945 30993 W SearchServiceCore: Abort, client detached.
04-28 13:25:28.819  6606  6641 I Finsky  : [2584] ffm.a(5): AIM: AppInfoManager-Perf > OnDeviceAppInfo > cacheHitCount=0, cacheMissCount=1. Missed  in cache (limit 10) : [nl.djkeu.kukuk]
04-28 13:25:28.820  6606  6641 I Finsky  : [2584] ffm.a(5): AIM: AppInfoManager-Perf > OnDeviceAppInfo > cacheHitCount=1, cacheMissCount=0. Missed  in cache (limit 10) : []
04-28 13:25:28.822  6606  7112 I Finsky  : [2663] kjg.accept(5): IQ: handled package removed
04-28 13:25:28.825  6606  7107 I Finsky  : [2659] jgt.run(19): Wrote row to frosting DB: 29806
04-28 13:25:28.827  1968  2158 W BroadcastQueue: Background execution not allowed: receiving Intent { act=android.intent.action.PACKAGE_REMOVED dat=package:nl.djkeu.kukuk flg=0x4000010 (has extras) } to com.google.android.googlequicksearchbox/com.google.android.apps.gsa.googlequicksearchbox.GelStubAppWatcher
04-28 13:25:28.827  1968  2158 W BroadcastQueue: Background execution not allowed: receiving Intent { act=android.intent.action.PACKAGE_REMOVED dat=package:nl.djkeu.kukuk flg=0x4000010 (has extras) } to com.lgi.ziggotv/com.lgi.orionandroid.offline.OfflineBootCompleteReceiver
04-28 13:25:28.830  1968  3881 I ActivityTaskManager: START u0 {act=org.kivy.android.PythonActivity flg=0x10000000 cmp=nl.djkeu.kukuk/org.kivy.android.PythonActivity} from uid 2000
04-28 13:25:28.834  3721  3721 W MotoSystemServer: Moto service : com.motorola.msimsettings/com.motorola.msimsettings.services.PersistentService has been already binded
04-28 13:25:28.834  3721  3721 W MotoSystemServer: Moto service : com.motorola.actions/com.motorola.actions.motoservice.MotoService has been already binded
04-28 13:25:28.835  3721  3721 W MotoSystemServer: Moto service : com.motorola.audiofx/com.motorola.audiofx.service.MotoService has been already binded
04-28 13:25:28.835  3721  3721 D MotoSystemServer: receive intent :package:nl.djkeu.kukuk#Intent;action=android.intent.action.PACKAGE_REPLACED;launchFlags=0x4000010;i.android.intent.extra.UID=10294;B.android.intent.extra.REPLACING=true;i.android.intent.extra.user_handle=0;end
04-28 13:25:28.835  3721  3721 D MotoSystemServer:  packageName = nl.djkeu.kukuk
04-28 13:25:28.838  1968  3881 D ActivityTaskManager: getPreferredLaunchDisplay userset_displayid false current displayId 0 paramsprefer_displayid 0
04-28 13:25:28.839  1968  3881 D ActivityTaskManager: getPreferredLaunchDisplay userset_displayid false current displayId 0 paramsprefer_displayid 0
04-28 13:25:28.839  1968  1968 V BackupManagerConstants: getFullBackupIntervalMilliseconds(...) returns 86400000
04-28 13:25:28.839  1968  1968 V BackupManagerConstants: getFullBackupRequiredNetworkType(...) returns 2
04-28 13:25:28.839  1968  1968 V BackupManagerConstants: getFullBackupRequireCharging(...) returns true
04-28 13:25:28.841  6606  7107 I Finsky  : [2659] jgt.run(19): Wrote row to frosting DB: 29807
04-28 13:25:28.847  1968  3881 D ActivityTaskManager: getPreferredLaunchDisplay userset_displayid false current displayId 0 paramsprefer_displayid 0
04-28 13:25:28.848  6606  7107 I Finsky  : [2659] jgt.run(19): Wrote row to frosting DB: 29808
04-28 13:25:28.851  1968  3881 D WindowManager: display 0 setAppTransitionState 0
04-28 13:25:28.856  9526  9645 D MCLOG   : [MC_TriggerHelper] PauseResumeTrigger
04-28 13:25:28.861  1968  2135 I chatty  : uid=1000(system) android.anim expire 1 line
04-28 13:25:28.870  1968  2158 W BroadcastQueue: Background execution not allowed: receiving Intent { act=android.intent.action.PACKAGE_ADDED dat=package:nl.djkeu.kukuk flg=0x4000010 (has extras) } to com.google.android.packageinstaller/com.android.packageinstaller.PackageInstalledReceiver
04-28 13:25:28.877  6606  6606 I Finsky  : [2] oyv.i(0): PackageMonitorReceiverImpl - Received: android.intent.action.PACKAGE_ADDED, [4vI1s66N3Wfg9e3NEkYutwHlt2HVLXy-pf4iv1k770I]
04-28 13:25:28.878  6606  6606 I Finsky  : [2] ozk.n(8): Invalidating cached PackageState for nl.djkeu.kukuk
04-28 13:25:28.883  1968  2158 W BroadcastQueue: Background execution not allowed: receiving Intent { act=android.intent.action.PACKAGE_ADDED dat=package:nl.djkeu.kukuk flg=0x4000010 (has extras) } to com.android.vending/com.google.android.finsky.packagemanager.impl.PackageMonitorReceiverImpl$RegisteredReceiver
04-28 13:25:28.883  1968  2158 W BroadcastQueue: Background execution not allowed: receiving Intent { act=android.intent.action.PACKAGE_ADDED dat=package:nl.djkeu.kukuk flg=0x4000010 (has extras) } to com.facebook.appmanager/com.facebook.oxygen.common.packages.event.manifest.ManifestPackageEventReceiver
04-28 13:25:28.883  1968  2158 W BroadcastQueue: Background execution not allowed: receiving Intent { act=android.intent.action.PACKAGE_ADDED dat=package:nl.djkeu.kukuk flg=0x4000010 (has extras) } to com.google.android.gms/.games.chimera.GamesSystemBroadcastReceiverProxy
04-28 13:25:28.883  1968  2158 W BroadcastQueue: Background execution not allowed: receiving Intent { act=android.intent.action.PACKAGE_ADDED dat=package:nl.djkeu.kukuk flg=0x4000010 (has extras) } to com.google.android.gms/.gass.chimera.PackageChangeBroadcastReceiver
04-28 13:25:28.884  1968  2158 W BroadcastQueue: Background execution not allowed: receiving Intent { act=android.intent.action.PACKAGE_ADDED dat=package:nl.djkeu.kukuk flg=0x4000010 (has extras) } to com.google.android.gms/.chimera.GmsIntentOperationService$PersistentTrustedReceiver
04-28 13:25:28.887  6606  6641 I Finsky  : [2584] ffi.a(11): AIM: AppInfoManager-Perf > ItemModel > CacheSize=65, cacheHitCount=0, cacheMissCount=0, total appsWithNoServerDataCount=3. Missed  in cache (limit 10) : []
04-28 13:25:28.889  1968  2817 D WindowManager: display 0 setAppTransitionState 0
04-28 13:25:28.889  6606  6606 I Finsky  : [2] oyv.i(0): PackageMonitorReceiverImpl - Deduping intent android.intent.action.PACKAGE_ADDED
04-28 13:25:28.893  1968  2158 W BroadcastQueue: Background execution not allowed: receiving Intent { act=android.intent.action.PACKAGE_ADDED dat=package:nl.djkeu.kukuk flg=0x4000010 (has extras) } to com.google.android.googlequicksearchbox/com.google.android.apps.gsa.googlequicksearchbox.GelStubAppWatcher
04-28 13:25:28.896  6606  7107 I Finsky  : [2659] jgt.run(19): Wrote row to frosting DB: 29809
04-28 13:25:28.899  6606  6641 I Finsky  : [2584] eng.accept(28): AIM: AppInfoManager-Perf > getApps > data collection finished
04-28 13:25:28.904  6606  6606 I Finsky  : [2] VerifyInstallTask.adF(7): VerifyApps: Verification complete: id=6, package_name=nl.djkeu.kukuk
04-28 13:25:28.922  1968  2158 W BroadcastQueue: Background execution not allowed: receiving Intent { act=android.intent.action.PACKAGE_ADDED dat=package:nl.djkeu.kukuk flg=0x4000010 (has extras) } to com.google.android.ims/.receivers.RcsAutoStartReceiver
04-28 13:25:28.922  2882  2882 D CarrierSvcBindHelper: No carrier app for: 0
04-28 13:25:28.927  3149  7114 I Fitness : FitCleanupIntentOperation received Intent android.intent.action.PACKAGE_REMOVED [CONTEXT service_id=17 ]
04-28 13:25:28.929  2882  2882 E PhoneInterfaceManager: [PhoneIntfMgr] getCarrierPackageNamesForIntent: No UICC
04-28 13:25:28.929  2882  2882 D CarrierSvcBindHelper: No carrier app for: 1
04-28 13:25:28.934  2882  2882 D CarrierSvcBindHelper: No carrier app for: 0
04-28 13:25:28.940  2882  2882 E PhoneInterfaceManager: [PhoneIntfMgr] getCarrierPackageNamesForIntent: No UICC
04-28 13:25:28.940  2882  2882 D CarrierSvcBindHelper: No carrier app for: 1
04-28 13:25:28.950   925   925 D Zygote  : Forked child process 7141
04-28 13:25:28.957  6606  6640 I Finsky  : [2583] rdx.accept(45): SCH: Scheduling phonesky job Id: 12-1, CT: 1651145128786, Constraints: [{ L: 15000, D: 86400000, C: 1, I: 1, N: 1 }]
04-28 13:25:28.965  2882  2882 D ImsResolver: maybeAddedImsService, packageName: nl.djkeu.kukuk
04-28 13:25:28.967  2882  2882 D CarrierConfigLoader: mHandler: 9 phoneId: 0
04-28 13:25:28.968  3649  7129 I Auth    : [SupervisedAccountIntentOperation] onHandleIntent(): android.intent.action.PACKAGE_ADDED
04-28 13:25:28.973  1968  2159 I ActivityManager: Start proc 7141:nl.djkeu.kukuk/u0a294 for activity {nl.djkeu.kukuk/org.kivy.android.PythonActivity}
04-28 13:25:28.992  6606  6606 I Finsky  : [2] oyv.i(0): PackageMonitorReceiverImpl - Received: android.intent.action.PACKAGE_ADDED, [4vI1s66N3Wfg9e3NEkYutwHlt2HVLXy-pf4iv1k770I]
04-28 13:25:28.992  6606  6606 I Finsky  : [2] ozk.n(8): Invalidating cached PackageState for nl.djkeu.kukuk
04-28 13:25:29.000  6606  7107 I Finsky  : [2659] jgt.run(19): Wrote row to frosting DB: 29810
04-28 13:25:29.001  7141  7141 I chatty  : uid=10294(u0_a294) nl.djkeu.kukuk expire 186 lines
04-28 13:25:29.017  6606  6606 I Finsky  : [2] oyv.i(0): PackageMonitorReceiverImpl - Deduping intent android.intent.action.PACKAGE_ADDED
04-28 13:25:29.063  1968  4884 W BroadcastQueue: Background execution not allowed: receiving Intent { act=android.intent.action.PACKAGE_REPLACED dat=package:nl.djkeu.kukuk flg=0x4000010 (has extras) } to com.facebook.appmanager/com.facebook.oxygen.common.packages.event.manifest.ManifestPackageEventReceiver
04-28 13:25:29.065  1968  2158 W BroadcastQueue: Background execution not allowed: receiving Intent { act=android.intent.action.PACKAGE_REPLACED dat=package:nl.djkeu.kukuk flg=0x4000010 (has extras) } to com.google.android.apps.photos/.account.full.FetchAccountPropertiesAppUpgradeBroadcastReceiver
04-28 13:25:29.066  1968  2158 W BroadcastQueue: Background execution not allowed: receiving Intent { act=android.intent.action.PACKAGE_REPLACED dat=package:nl.djkeu.kukuk flg=0x4000010 (has extras) } to com.google.android.apps.photos/.account.full.SyncAccountsForLoginBroadcastReceiver
04-28 13:25:29.066  1968  2158 W BroadcastQueue: Background execution not allowed: receiving Intent { act=android.intent.action.PACKAGE_REPLACED dat=package:nl.djkeu.kukuk flg=0x4000010 (has extras) } to com.google.android.apps.photos/.notificationchannels.AppUpdateBroadcastReceiver
04-28 13:25:29.067  1968  2158 W BroadcastQueue: Background execution not allowed: receiving Intent { act=android.intent.action.PACKAGE_REPLACED dat=package:nl.djkeu.kukuk flg=0x4000010 (has extras) } to com.google.android.gms/.gass.chimera.PackageChangeBroadcastReceiver
04-28 13:25:29.067  1968  2158 W BroadcastQueue: Background execution not allowed: receiving Intent { act=android.intent.action.PACKAGE_REPLACED dat=package:nl.djkeu.kukuk flg=0x4000010 (has extras) } to com.google.android.gms/.chimera.GmsIntentOperationService$PersistentTrustedReceiver
04-28 13:25:29.067  1968  2158 W BroadcastQueue: Background execution not allowed: receiving Intent { act=android.intent.action.PACKAGE_REPLACED dat=package:nl.djkeu.kukuk flg=0x4000010 (has extras) } to com.google.android.googlequicksearchbox/com.google.android.apps.gsa.googlequicksearchbox.GelStubAppWatcher
04-28 13:25:29.067  1968  2158 W BroadcastQueue: Background execution not allowed: receiving Intent { act=android.intent.action.PACKAGE_REPLACED dat=package:nl.djkeu.kukuk flg=0x4000010 (has extras) } to com.google.android.ims/.receivers.RcsAutoStartReceiver
04-28 13:25:29.069  1968  2158 W BroadcastQueue: Background execution not allowed: receiving Intent { act=android.intent.action.PACKAGE_REPLACED dat=package:nl.djkeu.kukuk flg=0x4000010 (has extras) } to com.motorola.ccc.notification/.gcm.GCMAdminReceiver
04-28 13:25:29.077  1968  2129 W Looper  : Slow delivery took 229ms android.fg h=android.os.Handler c=<recycled PooledLambda@ee1c0f5> m=0
04-28 13:25:29.089  6606  6636 I Finsky  : [2579] ffi.a(11): AIM: AppInfoManager-Perf > ItemModel > CacheSize=65, cacheHitCount=0, cacheMissCount=0, total appsWithNoServerDataCount=3. Missed  in cache (limit 10) : []
04-28 13:25:29.103  3149 28636 W ChimeraUtils: Module com.google.android.gms.nearby_en has empty metadata display_name_string_id
04-28 13:25:29.104  9526  9645 D MCLOG   : [MC_TriggerHelper] PauseResumeTrigger
04-28 13:25:29.105  1968  4883 V WindowManager: Changing focus from Window{9a463ed u0 com.motorola.launcher3/com.android.launcher3.CustomizationPanelLauncher} to null displayId=0
04-28 13:25:29.107  1968  4883 D WindowManager: display 0 setAppTransitionState 1
04-28 13:25:29.110  3149 28636 W ChimeraUtils: Module com.google.android.gms.nearby_en has empty metadata display_name_string_id
04-28 13:25:29.115  6606  6636 I Finsky  : [2579] ffi.a(11): AIM: AppInfoManager-Perf > ItemModel > CacheSize=65, cacheHitCount=0, cacheMissCount=0, total appsWithNoServerDataCount=3. Missed  in cache (limit 10) : []
04-28 13:25:29.115  3149 28636 W ChimeraUtils: Module com.google.android.gms.nearby_en has empty metadata display_name_string_id
04-28 13:25:29.116  1968  2135 D WindowManager: display 0 setAppTransitionState 2
04-28 13:25:29.118  6606  6636 I Finsky  : [2579] eng.accept(28): AIM: AppInfoManager-Perf > getApps > data collection finished
04-28 13:25:29.119  1968  2135 I WindowManager:   SURFACE show Surface(name=Splash Screen nl.djkeu.kukuk)/@0x256e406 on display:0: Splash Screen nl.djkeu.kukuk
04-28 13:25:29.129  4265  4427 W DynamicVolume-DynamicVolumeService: onForegroundActivitiesChanged, but feature not opened, ignore! 
04-28 13:25:29.185  6606  6638 I Finsky  : [2581] rdm.apply(12): SCH: Scheduling 1 system job(s)
04-28 13:25:29.185  6606  6638 I Finsky  : [2581] rdm.apply(18): SCH: Scheduling system job Id: 9961, L: 14601, D: 71317049, C: false, I: false, N: 1
04-28 13:25:29.212  1968  2008 I chatty  : uid=1000(system) HeapTaskDaemon expire 1 line
04-28 13:25:29.212  3649  4875 I Icing   : IndexChimeraService.getServiceInterface callingPackage=com.google.android.gms componentName=AppsCorpus serviceId=36
04-28 13:25:29.274  7141  7180 I chatty  : uid=10294(u0_a294) nl.djkeu.kukuk expire 734 lines
04-28 13:25:29.294  3649  3649 D BoundBrokerSvc: onBind: Intent { act=com.google.android.gms.feedback.internal.IFeedbackService dat=chimera-action:com.google.android.gms.feedback.internal.IFeedbackService cmp=com.google.android.gms/.chimera.GmsBoundBrokerService }
04-28 13:25:29.294  3649  3649 D BoundBrokerSvc: Loading bound service for intent: Intent { act=com.google.android.gms.feedback.internal.IFeedbackService dat=chimera-action:com.google.android.gms.feedback.internal.IFeedbackService cmp=com.google.android.gms/.chimera.GmsBoundBrokerService }
04-28 13:25:29.299 30945  7105 I A       : Writing data of size=325 bytes with N=1 keys to Geller corpus DEVICE_INSTALLED_APPS at ts=1651145129298000
04-28 13:25:29.306  1968  2019 E WindowManager: App trying to use insecure INPUT_FEATURE_NO_INPUT_CHANNEL flag. Ignoring
04-28 13:25:29.310 30945  7105 I A       : Writing data of size=325 bytes with N=1 keys to Geller corpus DEVICE_INSTALLED_APPS at ts=1651145129298001
04-28 13:25:29.310  3649 32199 I GmsCoreXrpcWrapper: Returning a channel provider with trafficStatsTag=12803 trafficStatsUid=-1
04-28 13:25:29.316 30945 30979 I DeviceAppInfoWork: refreshDeviceAppInfoForAccount done.
04-28 13:25:29.324 30945 30975 I DeviceAppInfoWork: refreshDeviceAppInfoForAccount done.
04-28 13:25:29.327  1968  3902 V WindowManager: Changing focus from null to Window{1e9a2a8 u0 nl.djkeu.kukuk/org.kivy.android.PythonActivity} displayId=0
04-28 13:25:29.334  7141  7172 I chatty  : uid=10294(u0_a294) nl.djkeu.kukuk expire 4 lines
04-28 13:25:29.336 30945 30992 W DeviceAppInfoWork: missing version info.
04-28 13:25:29.339 30945 30993 W SearchServiceCore: Abort, client detached.
04-28 13:25:29.342  6606  6640 I Finsky  : [2583] vy.invoke(18): [ContentSync] finished, scheduled=true
04-28 13:25:29.343  6606  6638 I Finsky  : [2581] rdx.accept(45): SCH: Scheduling phonesky job Id: 12-1, CT: 1651145128827, Constraints: [{ L: 15000, D: 86400000, C: 1, I: 1, N: 1 }]
04-28 13:25:29.357 30945 30985 W DeviceAppInfoWork: missing version info.
04-28 13:25:29.377  6606  6638 I Finsky  : [2581] rdm.apply(12): SCH: Scheduling 0 system job(s)
04-28 13:25:29.378  1968  2129 W Looper  : Drained
04-28 13:25:29.379  6606  6638 I Finsky  : [2581] vy.invoke(18): [ContentSync] finished, scheduled=true
04-28 13:25:29.389  3649 32199 I Icing   : Usage reports ok 1, Failed Usage reports 0, indexed 0, rejected 0
04-28 13:25:29.397  1968  2135 D WindowManager: display 0 setAppTransitionState 0
04-28 13:25:29.402  3649  4875 I Icing   : IndexChimeraService.getServiceInterface callingPackage=com.google.android.gms componentName=null serviceId=30
04-28 13:25:29.416  3649 32199 I GmsCoreXrpcWrapper: Returning a channel provider with trafficStatsTag=12803 trafficStatsUid=-1
04-28 13:25:29.420  1968  2019 I WindowManager: Window drawn AppWindowToken{c329d0c token=Token{845a03f ActivityRecord{990b45e u0 com.motorola.launcher3/com.android.launcher3.CustomizationPanelLauncher t2}}}
04-28 13:25:29.433  3649 32199 I Icing   : Usage reports ok 0, Failed Usage reports 0, indexed 0, rejected 0
04-28 13:25:29.446  3649 32199 I Icing   : Indexing com.google.android.gms-apps from com.google.android.gms
04-28 13:25:29.455  1968  2135 I LaunchCheckinHandler: Displayed nl.djkeu.kukuk/org.kivy.android.PythonActivity,cp,ca,566
04-28 13:25:29.455  1968  2135 I WindowManager: Window drawn AppWindowToken{8d6a081 token=Token{7f6bb8b ActivityRecord{6b3d5a u0 nl.djkeu.kukuk/org.kivy.android.PythonActivity t29}}}
04-28 13:25:29.456  1968  2135 I WindowManager:   SURFACE show Surface(name=nl.djkeu.kukuk/org.kivy.android.PythonActivity)/@0xe3beab5 on display:0: nl.djkeu.kukuk/org.kivy.android.PythonActivity
04-28 13:25:29.460  1968  2147 I chatty  : uid=1000(system) android.bg expire 1 line
04-28 13:25:29.465  3046  3046 I GoogleInputMethodService: GoogleInputMethodService.onFinishInput():3182 
04-28 13:25:29.466  3046  3046 I GoogleInputMethodService: GoogleInputMethodService.updateDeviceLockedStatus():2077 checkRepeatedly = false, unlocked = true
04-28 13:25:29.468  3046  3046 I GoogleInputMethodService: GoogleInputMethodService.onStartInput():1885 onStartInput(EditorInfo{inputType=0x0(NULL) imeOptions=0x0 privateImeOptions=null actionName=UNSPECIFIED actionLabel=null actionId=0 initialSelStart=-1 initialSelEnd=-1 initialCapsMode=0x0 hintText=null label=null packageName=nl.djkeu.kukuk fieldId=-1 fieldName=null extras=null}, false)
04-28 13:25:29.469  3649 32199 I Icing   : Indexing done com.google.android.gms-apps
04-28 13:25:29.469  3046  3046 I GoogleInputMethodService: GoogleInputMethodService.updateDeviceLockedStatus():2077 checkRepeatedly = true, unlocked = true
04-28 13:25:29.471  3649 32199 I Icing   : Indexing com.google.android.gms-apps from com.google.android.gms
04-28 13:25:29.472  3649 32199 I Icing   : Indexing done com.google.android.gms-apps
04-28 13:25:29.495  4265  4427 W DynamicVolume-DynamicVolumeService: onForegroundActivitiesChanged, but feature not opened, ignore! 
04-28 13:25:30.004  2643  2821 I WifiHAL : event received NL80211_CMD_VENDOR, vendor_id = 0x1374, subcmd = 0xd
04-28 13:25:30.004  1384  1384 I cnss-daemon: nl80211 response handler invoked
04-28 13:25:30.004  1384  1384 I cnss-daemon: nl80211_response_handler: cmd 103, vendorID 4980, subcmd 13  received
04-28 13:25:30.275  1968  2430 D BatteryService: uevent={POWER_SUPPLY_DP_DM=0, POWER_SUPPLY_VOLTAGE_QNOVO=-22, POWER_SUPPLY_VOLTAGE_NOW=4326196, POWER_SUPPLY_SW_JEITA_ENABLED=0, POWER_SUPPLY_FORCE_RECHARGE=0, POWER_SUPPLY_CHARGE_CONTROL_LIMIT_MAX=8, POWER_SUPPLY_RECHARGE_SOC=99, POWER_SUPPLY_HEALTH=Good, POWER_SUPPLY_TECHNOLOGY=Li-ion, POWER_SUPPLY_CHARGER_TEMP_MAX=160, POWER_SUPPLY_FCC_STEPPER_ENABLE=0, SEQNUM=27791, POWER_SUPPLY_INPUT_CURRENT_LIMITED=1, POWER_SUPPLY_CHARGE_CONTROL_LIMIT=0, POWER_SUPPLY_STATUS=Charging, POWER_SUPPLY_CYCLE_COUNT=42, POWER_SUPPLY_BATTERY_CHARGING_ENABLED=1, POWER_SUPPLY_CURRENT_MAX=2200000, POWER_SUPPLY_CHARGE_TERM_CURRENT=-102, POWER_SUPPLY_CAPACITY=98, DEVPATH=/devices/platform/soc/1c40000.qcom,spmi/spmi-0/spmi0-02/1c40000.qcom,spmi:qcom,pmi632@2:qcom,qpnp-smb5/power_supply/battery, POWER_SUPPLY_CHARGE_DONE=0, POWER_SUPPLY_CHARGE_TYPE=Fast, POWER_SUPPLY_CHARGER_TEMP=225, POWER_SUPPLY_CHARGE_RATE=Normal, POWER_SUPPLY_CURRENT_QNOVO=-22, POWER_SUPPLY_CURRENT_NOW=37689, POWER_SUPPLY_SYSTEM_TEMP_LEVEL=0, POWER_SUPPLY_PRESENT=1, POWER_SUPPLY_PARALLEL_DISABLE=0, POWER_SUPPLY_CHARGE_FULL=5029000, POWER_SUPPLY_CONSTANT_CHARGE_CURRENT=2200000, SUBSYSTEM=power_supply, POWER_SUPPLY_SET_SHIP_MODE=0, POWER_SUPPLY_TEMP=220, ACTION=change, POWER_SUPPLY_RERUN_AICL=0, POWER_SUPPLY_AGE=100, POWER_SUPPLY_NAME=battery, POWER_SUPPLY_VOLTAGE_MAX=-22, POWER_SUPPLY_CONSTANT_CHARGE_CURRENT_MAX=2200000, POWER_SUPPLY_CHARGE_COUNTER=4777550, POWER_SUPPLY_STEP_CHARGING_ENABLED=0, POWER_SUPPLY_NUM_SYSTEM_TEMP_LEVELS=8, POWER_SUPPLY_DIE_HEALTH=Cool, POWER_SUPPLY_INPUT_SUSPEND=0}
04-28 13:25:30.283  4243  4442 D CmdCenter: - RowBase2: sPrevModStatus: 1, modStatus: 1
04-28 13:25:30.284  4243  4442 D CmdCenter: - RowBase2: sPrevPlugType: 2 plugType: 2
04-28 13:25:30.562  1030  1030 I chatty  : uid=1000(system) sensors@1.0-ser expire 8 lines
04-28 13:25:30.574  7141  7308 I chatty  : uid=10294(u0_a294) nl.djkeu.kukuk expire 35 lines
04-28 13:25:30.586  3046  3046 I GoogleInputMethodService: GoogleInputMethodService.onFinishInput():3182 
04-28 13:25:30.587  3046  3046 I GoogleInputMethodService: GoogleInputMethodService.updateDeviceLockedStatus():2077 checkRepeatedly = false, unlocked = true
04-28 13:25:30.588  3046  3046 I GoogleInputMethodService: GoogleInputMethodService.onStartInput():1885 onStartInput(EditorInfo{inputType=0x0(NULL) imeOptions=0x0 privateImeOptions=null actionName=UNSPECIFIED actionLabel=null actionId=0 initialSelStart=-1 initialSelEnd=-1 initialCapsMode=0x0 hintText=null label=null packageName=nl.djkeu.kukuk fieldId=-1 fieldName=null extras=null}, false)
04-28 13:25:30.589  3046  3046 I GoogleInputMethodService: GoogleInputMethodService.updateDeviceLockedStatus():2077 checkRepeatedly = true, unlocked = true
04-28 13:25:30.794  6606  6638 I Finsky  : [2581] xzb.a(29): Skipping Gramophone warning due to shell install
04-28 13:25:32.010  1384  1384 I cnss-daemon: nl80211 response handler invoked
04-28 13:25:32.010  1384  1384 I cnss-daemon: nl80211_response_handler: cmd 103, vendorID 4980, subcmd 13  received
04-28 13:25:32.010  2643  2821 I WifiHAL : event received NL80211_CMD_VENDOR, vendor_id = 0x1374, subcmd = 0xd
04-28 13:25:32.702  1968  2500 I chatty  : uid=1000(system) InputDispatcher expire 2 lines
04-28 13:25:32.705  1968  4125 I WindowManager: WIN DEATH: Window{1e9a2a8 u0 nl.djkeu.kukuk/org.kivy.android.PythonActivity}
04-28 13:25:32.705  1968  2019 I ActivityManager: Process nl.djkeu.kukuk (pid 7141) has died: fore TOP 
04-28 13:25:32.705  1968  4125 I chatty  : uid=1000(system) Binder:1968_10 expire 1 line
04-28 13:25:32.708   925   925 I Zygote  : Process 7141 exited cleanly (255)
04-28 13:25:32.709  1968  2160 I chatty  : uid=1000(system) ActivityManager expire 1 line
04-28 13:25:32.715  1968  4125 I WindowManager: Window drawn AppWindowToken{8d6a081 token=Token{7f6bb8b ActivityRecord{6b3d5a u0 nl.djkeu.kukuk/org.kivy.android.PythonActivity t29}}}
04-28 13:25:32.715  1968  4125 V WindowManager: Changing focus from Window{1e9a2a8 u0 nl.djkeu.kukuk/org.kivy.android.PythonActivity} to null displayId=0
04-28 13:25:32.716  1968  2019 D ActivityManager: makeInactive, ProcessRecord{e08f9b4 7141:nl.djkeu.kukuk/u0a294}, clear holder.state
04-28 13:25:32.723  1968  2019 W ActivityTaskManager: Force removing ActivityRecord{6b3d5a u0 nl.djkeu.kukuk/org.kivy.android.PythonActivity t29}: app died, no saved state
04-28 13:25:32.730   924  1552 D NetdFwmarkServer: Cmd 2: 112, 10201: UserP=0, fwmark=10070
04-28 13:25:32.731   924  1552 D NetdFwmarkServer: Cmd 1: 0, 10201: UserP=0, fwmark=10070
04-28 13:25:32.731   924  1552 D NetdFwmarkServer: Cmd 6: 0, 10201: UserP=0, fwmark=10070
04-28 13:25:32.731  1968  2019 I ActivityTaskManager: moveHomeStack, setupComplete:true
04-28 13:25:32.737  1968  2019 D WindowManager: display 0 setAppTransitionState 0
04-28 13:25:32.740  1968  2019 D WindowManager: display 0 setAppTransitionState 1
04-28 13:25:32.742  9526  9645 D MCLOG   : [MC_TriggerHelper] PauseResumeTrigger
04-28 13:25:32.750  1968  2134 W ActivityManager: setHasOverlayUi called on unknown pid: 7141
04-28 13:25:32.756  4265  4427 W DynamicVolume-DynamicVolumeService: onForegroundActivitiesChanged, but feature not opened, ignore! 
04-28 13:25:32.778  1968  2699 V WindowManager: Changing focus from null to Window{9a463ed u0 com.motorola.launcher3/com.android.launcher3.CustomizationPanelLauncher} displayId=0
04-28 13:25:32.785  4243 24974 D AssistReceiver: call: lightWakeup | null | null
04-28 13:25:32.796  1968  2135 I WindowManager:   SURFACE show Surface(name=com.android.systemui.ImageWallpaper)/@0xae71fa6 on display:0: com.android.systemui.ImageWallpaper
04-28 13:25:32.799  1968  2135 I WindowManager: Window drawn AppWindowToken{c329d0c token=Token{845a03f ActivityRecord{990b45e u0 com.motorola.launcher3/com.android.launcher3.CustomizationPanelLauncher t2}}}
04-28 13:25:32.799  1968  2135 D WindowManager: display 0 setAppTransitionState 2
04-28 13:25:32.801  1968  2135 I WindowManager:   SURFACE show Surface(name=com.motorola.launcher3/com.android.launcher3.CustomizationPanelLauncher)/@0xb0830aa on display:0: com.motorola.launcher3/com.android.launcher3.CustomizationPanelLauncher
04-28 13:25:32.807  3046  3046 I GoogleInputMethodService: GoogleInputMethodService.onFinishInput():3182 
04-28 13:25:32.809  3046  3046 I GoogleInputMethodService: GoogleInputMethodService.updateDeviceLockedStatus():2077 checkRepeatedly = false, unlocked = true
04-28 13:25:32.809  3046  3046 I GoogleInputMethodService: GoogleInputMethodService.onStartInput():1885 onStartInput(EditorInfo{inputType=0x0(NULL) imeOptions=0x0 privateImeOptions=null actionName=UNSPECIFIED actionLabel=null actionId=0 initialSelStart=-1 initialSelEnd=-1 initialCapsMode=0x0 hintText=null label=null packageName=com.motorola.launcher3 fieldId=-1 fieldName=null extras=null}, false)
04-28 13:25:32.809  3046  3046 I GoogleInputMethodService: GoogleInputMethodService.updateDeviceLockedStatus():2077 checkRepeatedly = true, unlocked = true
04-28 13:25:33.042  1968  2135 D WindowManager: display 0 setAppTransitionState 0
04-28 13:25:33.113   924  1552 D NetdFwmarkServer: Cmd 2: 112, 10201: UserP=0, fwmark=10070
04-28 13:25:33.113   924  1552 D NetdFwmarkServer: Cmd 1: 0, 10201: UserP=0, fwmark=10070
04-28 13:25:33.114   924  1552 D NetdFwmarkServer: Cmd 6: 0, 10201: UserP=0, fwmark=10070
04-28 13:25:33.280   924  1552 D NetdFwmarkServer: Cmd 2: 112, 10201: UserP=0, fwmark=10070
04-28 13:25:33.281   924  1552 D NetdFwmarkServer: Cmd 1: 0, 10201: UserP=0, fwmark=10070
04-28 13:25:33.281   924  1552 D NetdFwmarkServer: Cmd 6: 0, 10201: UserP=0, fwmark=10070
04-28 13:25:34.014  2643  2821 I WifiHAL : event received NL80211_CMD_VENDOR, vendor_id = 0x1374, subcmd = 0xd
04-28 13:25:34.015  1384  1384 I cnss-daemon: nl80211 response handler invoked
04-28 13:25:34.015  1384  1384 I cnss-daemon: nl80211_response_handler: cmd 103, vendorID 4980, subcmd 13  received
04-28 13:25:34.171  1030  2431 I chatty  : uid=1000(system) 26_see expire 1 line
04-28 13:25:34.171  1030  2431 I slpi    : vcnl36866_handle_interrupt: 0, 0, 1, 901
04-28 13:25:35.456  3149  5111 I NearbyDiscovery: FastPair: isDestroyable: Scanner is alive. [CONTEXT service_id=49 ]
04-28 13:25:35.456  3149  5111 I NearbyDiscovery: DiscoveryService: Skip stopSelf(), fast pair controller is not destroyable. [CONTEXT service_id=49 ]
04-28 13:25:36.016  2643  2821 I WifiHAL : event received NL80211_CMD_VENDOR, vendor_id = 0x1374, subcmd = 0xd
04-28 13:25:36.016  1384  1384 I cnss-daemon: nl80211 response handler invoked
04-28 13:25:36.016  1384  1384 I cnss-daemon: nl80211_response_handler: cmd 103, vendorID 4980, subcmd 13  received
04-28 13:25:38.021  2643  2821 I WifiHAL : event received NL80211_CMD_VENDOR, vendor_id = 0x1374, subcmd = 0xd
04-28 13:25:38.021  1384  1384 I cnss-daemon: nl80211 response handler invoked
04-28 13:25:38.021  1384  1384 I cnss-daemon: nl80211_response_handler: cmd 103, vendorID 4980, subcmd 13  received
04-28 13:25:38.247  1126  1200 I chatty  : uid=1000(system) HwBinder:1126_1 expire 4 lines
04-28 13:25:38.450  1968  2430 D BatteryService: uevent={POWER_SUPPLY_DP_DM=0, POWER_SUPPLY_VOLTAGE_QNOVO=-22, POWER_SUPPLY_VOLTAGE_NOW=4355976, POWER_SUPPLY_SW_JEITA_ENABLED=0, POWER_SUPPLY_FORCE_RECHARGE=0, POWER_SUPPLY_CHARGE_CONTROL_LIMIT_MAX=8, POWER_SUPPLY_RECHARGE_SOC=99, POWER_SUPPLY_HEALTH=Good, POWER_SUPPLY_TECHNOLOGY=Li-ion, POWER_SUPPLY_CHARGER_TEMP_MAX=160, POWER_SUPPLY_FCC_STEPPER_ENABLE=0, SEQNUM=27793, POWER_SUPPLY_INPUT_CURRENT_LIMITED=1, POWER_SUPPLY_CHARGE_CONTROL_LIMIT=0, POWER_SUPPLY_STATUS=Charging, POWER_SUPPLY_CYCLE_COUNT=42, POWER_SUPPLY_BATTERY_CHARGING_ENABLED=1, POWER_SUPPLY_CURRENT_MAX=2200000, POWER_SUPPLY_CHARGE_TERM_CURRENT=-102, POWER_SUPPLY_CAPACITY=98, DEVPATH=/devices/platform/soc/1c40000.qcom,spmi/spmi-0/spmi0-02/1c40000.qcom,spmi:qcom,pmi632@2:qcom,qpnp-smb5/power_supply/battery, POWER_SUPPLY_CHARGE_DONE=0, POWER_SUPPLY_CHARGE_TYPE=Fast, POWER_SUPPLY_CHARGER_TEMP=229, POWER_SUPPLY_CHARGE_RATE=Normal, POWER_SUPPLY_CURRENT_QNOVO=-22, POWER_SUPPLY_CURRENT_NOW=246124, POWER_SUPPLY_SYSTEM_TEMP_LEVEL=0, POWER_SUPPLY_PRESENT=1, POWER_SUPPLY_PARALLEL_DISABLE=0, POWER_SUPPLY_CHARGE_FULL=5029000, POWER_SUPPLY_CONSTANT_CHARGE_CURRENT=2200000, SUBSYSTEM=power_supply, POWER_SUPPLY_SET_SHIP_MODE=0, POWER_SUPPLY_TEMP=219, ACTION=change, POWER_SUPPLY_RERUN_AICL=0, POWER_SUPPLY_AGE=100, POWER_SUPPLY_NAME=battery, POWER_SUPPLY_VOLTAGE_MAX=-22, POWER_SUPPLY_CONSTANT_CHARGE_CURRENT_MAX=2200000, POWER_SUPPLY_CHARGE_COUNTER=4777550, POWER_SUPPLY_STEP_CHARGING_ENABLED=0, POWER_SUPPLY_NUM_SYSTEM_TEMP_LEVELS=8, POWER_SUPPLY_DIE_HEALTH=Cool, POWER_SUPPLY_INPUT_SUSPEND=0}
04-28 13:25:38.491  4243  4442 D CmdCenter: - RowBase2: sPrevModStatus: 1, modStatus: 1
04-28 13:25:38.491  4243  4442 D CmdCenter: - RowBase2: sPrevPlugType: 2 plugType: 2
04-28 13:25:39.235  1968  3881 I ActivityTaskManager: START u0 {act=android.intent.action.MAIN cat=[android.intent.category.LAUNCHER] flg=0x10200000 cmp=nl.djkeu.kukuk/org.kivy.android.PythonActivity bnds=[561,1261][696,1453]} from uid 10172
04-28 13:25:39.236  1968  3881 D ActivityTaskManager: getPreferredLaunchDisplay userset_displayid false current displayId 0 paramsprefer_displayid 0
04-28 13:25:39.237  1968  3881 I chatty  : uid=1000(system) Binder:1968_B identical 1 line
04-28 13:25:39.242  1968  3881 D ActivityTaskManager: getPreferredLaunchDisplay userset_displayid false current displayId 0 paramsprefer_displayid 0
