04-27 22:21:50.678  1968  2430 D BatteryService: uevent={POWER_SUPPLY_DP_DM=0, POWER_SUPPLY_VOLTAGE_QNOVO=-22, POWER_SUPPLY_VOLTAGE_NOW=4323082, POWER_SUPPLY_SW_JEITA_ENABLED=0, POWER_SUPPLY_FORCE_RECHARGE=0, POWER_SUPPLY_CHARGE_CONTROL_LIMIT_MAX=8, POWER_SUPPLY_RECHARGE_SOC=99, POWER_SUPPLY_HEALTH=Good, POWER_SUPPLY_TECHNOLOGY=Li-ion, POWER_SUPPLY_CHARGER_TEMP_MAX=160, POWER_SUPPLY_FCC_STEPPER_ENABLE=0, SEQNUM=9665, POWER_SUPPLY_INPUT_CURRENT_LIMITED=1, POWER_SUPPLY_CHARGE_CONTROL_LIMIT=0, POWER_SUPPLY_STATUS=Charging, POWER_SUPPLY_CYCLE_COUNT=42, POWER_SUPPLY_BATTERY_CHARGING_ENABLED=1, POWER_SUPPLY_CURRENT_MAX=2200000, POWER_SUPPLY_CHARGE_TERM_CURRENT=-102, POWER_SUPPLY_CAPACITY=100, DEVPATH=/devices/platform/soc/1c40000.qcom,spmi/spmi-0/spmi0-02/1c40000.qcom,spmi:qcom,pmi632@2:qcom,qpnp-smb5/power_supply/battery, POWER_SUPPLY_CHARGE_DONE=0, POWER_SUPPLY_CHARGE_TYPE=Fast, POWER_SUPPLY_CHARGER_TEMP=223, POWER_SUPPLY_CHARGE_RATE=Normal, POWER_SUPPLY_CURRENT_QNOVO=-22, POWER_SUPPLY_CURRENT_NOW=-108490, POWER_SUPPLY_SYSTEM_TEMP_LEVEL=0, POWER_SUPPLY_PRESENT=1, POWER_SUPPLY_PARALLEL_DISABLE=0, POWER_SUPPLY_CHARGE_FULL=5029000, POWER_SUPPLY_CONSTANT_CHARGE_CURRENT=2200000, SUBSYSTEM=power_supply, POWER_SUPPLY_SET_SHIP_MODE=0, POWER_SUPPLY_TEMP=240, ACTION=change, POWER_SUPPLY_RERUN_AICL=0, POWER_SUPPLY_AGE=100, POWER_SUPPLY_NAME=battery, POWER_SUPPLY_VOLTAGE_MAX=-22, POWER_SUPPLY_CONSTANT_CHARGE_CURRENT_MAX=2200000, POWER_SUPPLY_CHARGE_COUNTER=4928420, POWER_SUPPLY_STEP_CHARGING_ENABLED=0, POWER_SUPPLY_NUM_SYSTEM_TEMP_LEVELS=8, POWER_SUPPLY_DIE_HEALTH=Cool, POWER_SUPPLY_INPUT_SUSPEND=0}
04-27 22:21:50.678   924   924 I netd    : tetherGetStats() <1.41ms>
04-27 22:21:50.679 10999 11103 I A       : Using proto config with mendel
04-27 22:21:50.679 10999 11103 I A       : Using proto config with mendel
04-27 22:21:50.679 10999 11103 I A       : Merging legacy hotword config map with new proto.
04-27 22:21:50.679 10999 11103 I A       : Skipping. Expected model: 1 Found: 2
04-27 22:21:50.679 10999 11103 I chatty  : uid=10132(com.google.android.googlequicksearchbox) EventBus0 identical 1 line
04-27 22:21:50.679 10999 11103 I A       : Skipping. Expected model: 1 Found: 2
04-27 22:21:50.680 10999 11103 I A       : Adding from config to map. Locale: ro-RO modelPrefix: okgoogle Location:b051c93dce7bb4dcb5d9ddcbbb2ca760Test isSpeakerIdSupported: false
04-27 22:21:50.681 10999 11103 I A       : Using proto config with mendel
04-27 22:21:50.682 20064 20064 E roid.apps.turb: Not starting debugger since process cannot load the jdwp agent.
04-27 22:21:50.683 10999 11103 I A       : Using proto config with mendel
04-27 22:21:50.683 10999 11103 I A       : Using proto config with mendel
04-27 22:21:50.686 10999 11103 I MicroDetectionState: Should stop hotword detection immediately - true
04-27 22:21:50.688 10999 10999 I A       : Using proto config with mendel
04-27 22:21:50.688 10999 10999 I A       : Using proto config with mendel
04-27 22:21:50.688  4243  4442 D CmdCenter: - RowBase2: sPrevModStatus: 1, modStatus: 1
04-27 22:21:50.688 10999 10999 I A       : Merging legacy hotword config map with new proto.
04-27 22:21:50.689 10999 10999 I A       : Skipping. Expected model: 1 Found: 2
04-27 22:21:50.689  4243  4442 D CmdCenter: - RowBase2: sPrevPlugType: 2 plugType: 2
04-27 22:21:50.689 10999 10999 I A       : Skipping. Expected model: 1 Found: 2
04-27 22:21:50.689 10999 10999 I A       : Skipping. Expected model: 1 Found: 2
04-27 22:21:50.689 10999 10999 I A       : Adding from config to map. Locale: ro-RO modelPrefix: okgoogle Location:b051c93dce7bb4dcb5d9ddcbbb2ca760Test isSpeakerIdSupported: false
04-27 22:21:50.690 10999 10999 I A       : hasHotwordEverywhere-false
04-27 22:21:50.692 10999 10999 I A       : Using proto config with mendel
04-27 22:21:50.692 10999 10999 I A       : Using proto config with mendel
04-27 22:21:50.692 10999 10999 I A       : Merging legacy hotword config map with new proto.
04-27 22:21:50.692 10999 10999 I A       : Skipping. Expected model: 1 Found: 2
04-27 22:21:50.692 10999 10999 I chatty  : uid=10132 com.google.android.googlequicksearchbox:search identical 1 line
04-27 22:21:50.692 10999 10999 I A       : Skipping. Expected model: 1 Found: 2
04-27 22:21:50.693 10999 10999 I A       : Adding from config to map. Locale: ro-RO modelPrefix: okgoogle Location:b051c93dce7bb4dcb5d9ddcbbb2ca760Test isSpeakerIdSupported: false
04-27 22:21:50.699  2678  4025 V MediaPlayer: resetDrmState:  mDrmInfo=null mDrmProvisioningThread=null mPrepareDrmInProgress=false mActiveDrmScheme=false
04-27 22:21:50.700  2678  4025 V MediaPlayer: cleanDrmObj: mDrmObj=null mDrmSessionId=null
04-27 22:21:50.700  2678  4025 V MediaPlayer: resetDrmState:  mDrmInfo=null mDrmProvisioningThread=null mPrepareDrmInProgress=false mActiveDrmScheme=false
04-27 22:21:50.700  2678  4025 V MediaPlayer: cleanDrmObj: mDrmObj=null mDrmSessionId=null
04-27 22:21:50.700  2678  4025 W Ringtone: Remote playback not allowed: java.io.FileNotFoundException: /product/media/audio/ui/ChargingStarted.ogg: open failed: ENOENT (No such file or directory)
04-27 22:21:50.700  2678  4025 D Ringtone: Problem opening; delegating to remote player
04-27 22:21:50.700  2678  4025 W Ringtone: Neither local nor remote player available when applying playback properties
04-27 22:21:50.700  2678  4025 W Ringtone: Neither local nor remote player available when applying playback properties
04-27 22:21:50.701  4265  4420 D DynamicVolume-DynamicVolumeService: onPlaybackConfigChanged configs size=3
04-27 22:21:50.701  4265  4420 D DynamicVolume-AudioPlaybackConfigurationUtil: getPlayerState=1
04-27 22:21:50.705  1276  3332 D NuPlayerDriver: NuPlayerDriver(0xf615c460) created, clientPid(2678)
04-27 22:21:50.709  1276  3332 I Codec2Client: Creating a Codec2 client to service "software"
04-27 22:21:50.711  1276  3332 I Codec2Client: Client to Codec2 service "software" created
04-27 22:21:50.717  2658  3182 D Avrcp_ext: AudioManager Player: ID:183 -- type:android.media.MediaPlayer -- u/pid:10144/2678 -- state:idle -- attr:AudioAttributes: usage=USAGE_ASSISTANCE_SONIFICATION content=CONTENT_TYPE_SONIFICATION flags=0x800 tags= bundle=null
04-27 22:21:50.717  2658  3182 D Avrcp_ext: AudioManager isPlaying: false
04-27 22:21:50.717  4265  4420 D DynamicVolume-DynamicVolumeService: onPlaybackConfigChanged configs size=4
04-27 22:21:50.717  4265  4420 D DynamicVolume-AudioPlaybackConfigurationUtil: getPlayerState=1
04-27 22:21:50.723  4243  4442 D CmdCenter: - RowBase2: sPrevModStatus: 1, modStatus: 1
04-27 22:21:50.723  4243  4442 D CmdCenter: - RowBase2: sPrevPlugType: 2 plugType: 2
04-27 22:21:50.724   924   924 I netd    : trafficSwapActiveStatsMap() <0.73ms>
04-27 22:21:50.726   924   924 I netd    : tetherGetStats() <1.36ms>
04-27 22:21:50.728  1276 20089 D GenericSource: FileSource remote
04-27 22:21:50.734 20064 20064 I roid.apps.turb: The ClassLoaderContext is a special shared library.
04-27 22:21:50.740  3649  3649 D BoundBrokerSvc: onBind: Intent { act=com.google.android.gms.common.BIND_SHARED_PREFS pkg=com.google.android.gms }
04-27 22:21:50.740  3649  3649 D BoundBrokerSvc: Loading bound service for intent: Intent { act=com.google.android.gms.common.BIND_SHARED_PREFS pkg=com.google.android.gms }
04-27 22:21:50.746  1276 20085 I GenericSource: start
04-27 22:21:50.746  3649  3649 D BoundBrokerSvc: onUnbind: Intent { act=com.google.android.gms.common.BIND_SHARED_PREFS pkg=com.google.android.gms }
04-27 22:21:50.747  4265  4420 D DynamicVolume-DynamicVolumeService: onPlaybackConfigChanged configs size=4
04-27 22:21:50.747  4265  4420 D DynamicVolume-AudioPlaybackConfigurationUtil: getPlayerState=1
04-27 22:21:50.747  2658  3182 D Avrcp_ext: AudioManager Player: ID:23 -- type:android.media.SoundPool -- u/pid:1000/1968 -- state:idle -- attr:AudioAttributes: usage=USAGE_ASSISTANCE_SONIFICATION content=CONTENT_TYPE_SONIFICATION flags=0x800 tags= bundle=null
04-27 22:21:50.747  2658  3182 D Avrcp_ext: AudioManager Player: ID:55 -- type:android.media.SoundPool -- u/pid:10144/2678 -- state:idle -- attr:AudioAttributes: usage=USAGE_ASSISTANCE_SONIFICATION content=CONTENT_TYPE_SONIFICATION flags=0x800 tags= bundle=null
04-27 22:21:50.747  2658  3182 D Avrcp_ext: AudioManager Player: ID:151 -- type:android.media.MediaPlayer -- u/pid:10145/19777 -- state:idle -- attr:AudioAttributes: usage=USAGE_UNKNOWN content=CONTENT_TYPE_UNKNOWN flags=0x800 tags= bundle=null
04-27 22:21:50.747  2658  3182 D Avrcp_ext: AudioManager Player: ID:183 -- type:android.media.MediaPlayer -- u/pid:10144/2678 -- state:started -- attr:AudioAttributes: usage=USAGE_ASSISTANCE_SONIFICATION content=CONTENT_TYPE_SONIFICATION flags=0x800 tags= bundle=null
04-27 22:21:50.747  2658  3182 D Avrcp_ext: AudioManager isPlaying: true
04-27 22:21:50.747  2658  3182 V Avrcp_ext: updateCurrentMediaState: mMediaController: null
04-27 22:21:50.749  2658  3182 V Avrcp_ext: isMusicActive: false getBluetoothPlayState: 2
04-27 22:21:50.749  2658  3182 V Avrcp_ext: updateCurrentMediaState: isPlaying = false
04-27 22:21:50.749  2658  3182 V Avrcp_ext: Media update: id -1-1? [MediaAttributes: none] : [MediaAttributes: none]
04-27 22:21:50.749  2658  3182 V Avrcp_ext: newPlayStatus:2mReportedPlayStatus:-1
04-27 22:21:50.749  2658  3182 V Avrcp_ext: updatePlaybackState, state: PlaybackState {state=2, position=-1, buffered position=0, speed=0.0, updated=2066549, actions=0, custom actions=[], active item id=-1, error=null} device: null
04-27 22:21:50.749  2658  3182 V Avrcp_ext: Device: no name: 
04-27 22:21:50.749  2658  3182 V Avrcp_ext: Device: no name: 
04-27 22:21:50.749  2658  3182 V Avrcp_ext: updatePlayerStateAndPosition, old=PlaybackState {state=2, position=-1, buffered position=0, speed=0.0, updated=663356, actions=0, custom actions=[], active item id=-1, error=null}, state=PlaybackState {state=2, position=-1, buffered position=0, speed=0.0, updated=2066549, actions=0, custom actions=[], active item id=-1, error=null}
04-27 22:21:50.749  2658  3182 V Avrcp_ext: old state = PlaybackState {state=2, position=-1, buffered position=0, speed=0.0, updated=663356, actions=0, custom actions=[], active item id=-1, error=null}, new state= PlaybackState {state=2, position=-1, buffered position=0, speed=0.0, updated=2066549, actions=0, custom actions=[], active item id=-1, error=null}
04-27 22:21:50.749  2658  3182 D HeadsetService: getHeadsetService(): returning com.android.bluetooth.hfp.HeadsetService@dc839dc
04-27 22:21:50.750  2658  3182 D HeadsetService:  isAudioOn: The number of audio connected devices 0
04-27 22:21:50.750  2658  3182 D HeadsetService: isScoOrCallActive(): Call Active:falseCall is Ringing:falseSCO is Active:false
04-27 22:21:50.750  2658  3182 D HeadsetService:  isAudioOn: The number of audio connected devices 0
04-27 22:21:50.750  2658  3182 I Avrcp_ext: updatePlayStatusForDevice: device: null
04-27 22:21:50.750  2658  3182 V Avrcp_ext: updatePlaybackState (1): old=PlaybackState {state=2, position=-1, buffered position=0, speed=0.0, updated=663356, actions=0, custom actions=[], active item id=-1, error=null}(2), new=PlaybackState {state=2, position=-1, buffered position=0, speed=0.0, updated=2066549, actions=0, custom actions=[], active item id=-1, error=null}(2)
04-27 22:21:50.750  2658  3182 I Avrcp_ext: Exit updatePlayStatusForDevice
04-27 22:21:50.751  2658  3182 D HeadsetService:  isAudioOn: The number of audio connected devices 0
04-27 22:21:50.751  2658  3182 D HeadsetService: isScoOrCallActive(): Call Active:falseCall is Ringing:falseSCO is Active:false
04-27 22:21:50.751  2658  3182 D HeadsetService:  isAudioOn: The number of audio connected devices 0
04-27 22:21:50.751  2658  3182 I Avrcp_ext: updatePlayStatusForDevice: device: null
04-27 22:21:50.751  2658  3182 V Avrcp_ext: updatePlaybackState (1): old=PlaybackState {state=2, position=-1, buffered position=0, speed=0.0, updated=663356, actions=0, custom actions=[], active item id=-1, error=null}(2), new=PlaybackState {state=2, position=-1, buffered position=0, speed=0.0, updated=2066549, actions=0, custom actions=[], active item id=-1, error=null}(2)
04-27 22:21:50.751  2658  3182 I Avrcp_ext: Exit updatePlayStatusForDevice
04-27 22:21:50.751  2658  3182 D HeadsetService:  isAudioOn: The number of audio connected devices 0
04-27 22:21:50.751  2658  3182 D HeadsetService: isScoOrCallActive(): Call Active:falseCall is Ringing:falseSCO is Active:false
04-27 22:21:50.752  2658  3182 D HeadsetService:  isAudioOn: The number of audio connected devices 0
04-27 22:21:50.752  2658  3182 I Avrcp_ext: updatePlayStatusForDevice: device: null
04-27 22:21:50.752  1113  1228 I hash_map_utils: key: 'is_hw_dec_session_available' value: 'audio/vorbis'
04-27 22:21:50.752  2658  3182 V Avrcp_ext: updatePlaybackState (1): old=PlaybackState {state=2, position=-1, buffered position=0, speed=0.0, updated=663356, actions=0, custom actions=[], active item id=-1, error=null}(2), new=PlaybackState {state=2, position=-1, buffered position=0, speed=0.0, updated=2066549, actions=0, custom actions=[], active item id=-1, error=null}(2)
04-27 22:21:50.752  2658  3182 I Avrcp_ext: Exit updatePlayStatusForDevice
04-27 22:21:50.754  2678  2678 V MediaRouter: Selecting route: RouteInfo{ name=Telefoon, description=null, status=null, category=RouteCategory{ name=Systeem types=ROUTE_TYPE_LIVE_AUDIO ROUTE_TYPE_LIVE_VIDEO  groupable=false }, supportedTypes=ROUTE_TYPE_LIVE_AUDIO ROUTE_TYPE_LIVE_VIDEO , presentationDisplay=null }
04-27 22:21:50.754  2658  3182 D HeadsetService:  isAudioOn: The number of audio connected devices 0
04-27 22:21:50.754  2658  3182 D HeadsetService: isScoOrCallActive(): Call Active:falseCall is Ringing:falseSCO is Active:false
04-27 22:21:50.757  2658  3182 D HeadsetService:  isAudioOn: The number of audio connected devices 0
04-27 22:21:50.757  2658  3182 I Avrcp_ext: updatePlayStatusForDevice: device: null
04-27 22:21:50.757  1276 20094 I MediaCodec: (0xf1c9f000) init name(OMX.google.vorbis.decoder)
04-27 22:21:50.757  2658  3182 V Avrcp_ext: updatePlaybackState (1): old=PlaybackState {state=2, position=-1, buffered position=0, speed=0.0, updated=663356, actions=0, custom actions=[], active item id=-1, error=null}(2), new=PlaybackState {state=2, position=-1, buffered position=0, speed=0.0, updated=2066549, actions=0, custom actions=[], active item id=-1, error=null}(2)
04-27 22:21:50.757  2658  3182 I Avrcp_ext: Exit updatePlayStatusForDevice
04-27 22:21:50.758  3649  3649 D BoundBrokerSvc: onBind: Intent { act=com.google.android.gms.common.BIND_SHARED_PREFS pkg=com.google.android.gms }
04-27 22:21:50.758  3649  3649 D BoundBrokerSvc: Loading bound service for intent: Intent { act=com.google.android.gms.common.BIND_SHARED_PREFS pkg=com.google.android.gms }
04-27 22:21:50.758  2658  3182 D HeadsetService:  isAudioOn: The number of audio connected devices 0
04-27 22:21:50.758  2658  3182 D HeadsetService: isScoOrCallActive(): Call Active:falseCall is Ringing:falseSCO is Active:false
04-27 22:21:50.758  2658  3182 D HeadsetService:  isAudioOn: The number of audio connected devices 0
04-27 22:21:50.758  2658  3182 I Avrcp_ext: updatePlayStatusForDevice: device: null
04-27 22:21:50.758  2658  3182 V Avrcp_ext: updatePlaybackState (1): old=PlaybackState {state=2, position=-1, buffered position=0, speed=0.0, updated=663356, actions=0, custom actions=[], active item id=-1, error=null}(2), new=PlaybackState {state=2, position=-1, buffered position=0, speed=0.0, updated=2066549, actions=0, custom actions=[], active item id=-1, error=null}(2)
04-27 22:21:50.758  2658  3182 I Avrcp_ext: Exit updatePlayStatusForDevice
04-27 22:21:50.758  2658  3182 D Avrcp_ext: Enter sendPlayPosNotificationRsp
04-27 22:21:50.758  2658  3182 D Avrcp_ext: sendPlayPosNotificationRsp: Not registered or requesting.
04-27 22:21:50.758  2658  3182 D Avrcp_ext: Enter sendPlayPosNotificationRsp
04-27 22:21:50.758  2658  3182 D Avrcp_ext: sendPlayPosNotificationRsp: Not registered or requesting.
04-27 22:21:50.758  2658  3182 D Avrcp_ext: Enter sendPlayPosNotificationRsp
04-27 22:21:50.758  2658  3182 D Avrcp_ext: sendPlayPosNotificationRsp: Not registered or requesting.
04-27 22:21:50.758  2658  3182 D Avrcp_ext: Enter sendPlayPosNotificationRsp
04-27 22:21:50.758  2658  3182 D Avrcp_ext: sendPlayPosNotificationRsp: Not registered or requesting.
04-27 22:21:50.758  2658  3182 D Avrcp_ext: Enter sendPlayPosNotificationRsp
04-27 22:21:50.758  2658  3182 D Avrcp_ext: sendPlayPosNotificationRsp: Not registered or requesting.
04-27 22:21:50.758  2658  3182 V Avrcp_ext: Exit updatePlayerStateAndPosition
04-27 22:21:50.760  1276 20095 I OMXClient: IOmx service obtained
04-27 22:21:50.761  1293  2520 I OMXMaster: makeComponentInstance(OMX.google.vorbis.decoder) in android.hardwar process
04-27 22:21:50.762  1276 20095 I MediaCodec: (0xf1c9f000) Component Allocated (OMX.google.vorbis.decoder)
04-27 22:21:50.762  1276 20094 I MediaCodec: (0xf1c9f000) configure surface(0x0) crypto(0x0) flags(0)
04-27 22:21:50.762  1276 20094 D MediaCodec: (0xf1c9f000) configure format: AMessage(what = 0x00000000) = {
04-27 22:21:50.762  1276 20094 D MediaCodec:       string mime = "audio/vorbis"
04-27 22:21:50.762  1276 20094 D MediaCodec:       int64_t durationUs = 1567551
04-27 22:21:50.762  1276 20094 D MediaCodec:       Buffer csd-0 = {
04-27 22:21:50.762  1276 20094 D MediaCodec:         00000000:  01 76 6f 72 62 69 73 00  00 00 00 01 44 ac 00 00  .vorbis.....D...
04-27 22:21:50.762  1276 20094 D MediaCodec:         00000010:  00 00 00 00 80 38 01 00  00 00 00 00 b8 01        .....8........
04-27 22:21:50.762  1276 20094 D MediaCodec:       }
04-27 22:21:50.762  1276 20094 D MediaCodec:       Buffer *csd-1 = 0xf1c36000
04-27 22:21:50.762  1276 20094 D MediaCodec:       int32_t bitrate = 80000
04-27 22:21:50.762  1276 20094 D MediaCodec:       int32_t channel-count = 1
04-27 22:21:50.762  1276 20094 D MediaCodec:       int32_t sample-rate = 44100
04-27 22:21:50.762  1276 20094 D MediaCodec:       int32_t channel-mask = 1
04-27 22:21:50.762  1276 20094 D MediaCodec:       int32_t priority = 0
04-27 22:21:50.762  1276 20094 D MediaCodec:     }
04-27 22:21:50.763  1293  2520 E OMXNodeInstance: setConfig(0xee820440:google.vorbis.decoder, ConfigPriority(0x6f800002)) ERROR: Undefined(0x80001001)
04-27 22:21:50.763  1276 20095 I ACodec  : codec does not support config priority (err -2147483648)
04-27 22:21:50.763  1293  2520 E OMXNodeInstance: getConfig(0xee820440:google.vorbis.decoder, ConfigAndroidVendorExtension(0x6f100004)) ERROR: Undefined(0x80001001)
04-27 22:21:50.764  1276 20095 I MediaCodec: MediaCodec will operate in async mode
04-27 22:21:50.764  1276 20094 I MediaCodec: (0xf1c9f000) start
04-27 22:21:50.765  3149 16935 I NetworkScheduler.Stats: Task com.google.android.gms/com.google.android.gms.clearcut.uploader.QosUploaderService started execution. cause:6 exec_start_elapsed_seconds: 2066 [CONTEXT service_id=218 ]
04-27 22:21:50.768  3649  3649 D BoundBrokerSvc: onUnbind: Intent { act=com.google.android.gms.common.BIND_SHARED_PREFS pkg=com.google.android.gms }
04-27 22:21:50.775  1276 20095 I MediaCodec: (0xf1c9f000) kWhatStartCompleted
04-27 22:21:50.784  1276 20095 D MediaCodec: (0xf1c9f000) kWhatOutputBuffersChanged
04-27 22:21:50.785  1968  2147 I ActivityManager: Load: 0.33 / 0.52 / 0.72
04-27 22:21:50.786  1968  2147 I ActivityManager: CPU usage from 145430ms to 105ms ago (2022-04-27 22:18:10.461 to 2022-04-27 22:21:50.680) with 65% awake:
04-27 22:21:50.786  1968  2147 I ActivityManager: 23% TOTAL: 11% user + 9% kernel + 0.1% iowait + 1.8% irq + 0.5% softirq
04-27 22:21:50.786  1968  2147 I ActivityManager:   4.5% 17683/com.android.settings: 3.7% user + 0.8% kernel / faults: 17477 minor
04-27 22:21:50.786  1968  2147 I ActivityManager:   7% 1126/surfaceflinger: 3.6% user + 3.4% kernel / faults: 199 minor
04-27 22:21:50.786  1968  2147 I ActivityManager:   6.7% 1968/system_server: 3.6% user + 3% kernel / faults: 7977 minor 6 major
04-27 22:21:50.786  1968  2147 I ActivityManager:   2.4% 1060/vendor.qti.hardware.display.composer-service: 1.3% user + 1.1% kernel / faults: 52 minor
04-27 22:21:50.786  1968  2147 I ActivityManager:   1.9% 2678/com.android.systemui: 1.4% user + 0.5% kernel / faults: 2846 minor
04-27 22:21:50.786  1968  2147 I ActivityManager:   0.9% 19543/com.motorola.motodisplay: 0.6% user + 0.2% kernel / faults: 17358 minor 56 major
04-27 22:21:50.786  1968  2147 I ActivityManager:   0.7% 302/kworker/u16:8-kverityd: 0% user + 0.7% kernel
04-27 22:21:50.786  1968  2147 I ActivityManager:   0.7% 328/crtc_commit:75: 0% user + 0.7% kernel
04-27 22:21:50.786  1968  2147 I ActivityManager:   0.6% 19333/com.google.android.apps.messaging: 0.4% user + 0.1% kernel / faults: 16425 minor 15 major
04-27 22:21:50.786  1968  2147 I ActivityManager:   0.6% 16201/kworker/u16:0-kgsl-workqueue: 0% user + 0.6% kernel
04-27 22:21:50.789  1113  1228 D AudioFlinger: Client defaulted notificationFrames to 11025 for frameCount 22050
04-27 22:21:50.791  3149 20100 I NetworkScheduler.Stats: Task com.google.android.gms/com.google.android.gms.clearcut.uploader.QosUploaderService started execution. cause:6 exec_start_elapsed_seconds: 2066 [CONTEXT service_id=218 ]
04-27 22:21:50.792  1113  1228 D AF::TrackHandle: OpPlayAudio: track:63 usage:13 not muted
04-27 22:21:50.793  1113  2617 D AudioFlinger: AudioFlinger::registerAudioTrackClient AudioClient uid 10144, pid 2678
04-27 22:21:50.795  1113  1226 D APM_AudioPolicyManager: startOutput() output 13, stream 1, session 233
04-27 22:21:50.799  1029  3811 V msm8974_platform: platform_get_output_snd_device: enter: output devices(0x2)
04-27 22:21:50.800  1029  3811 V msm8974_platform: platform_get_output_snd_device: exit: snd_device(speaker)
04-27 22:21:50.800  1029  3811 V msm8974_platform: platform_get_backend_index:napb: backend port - 0 device - 2 
04-27 22:21:50.800  1029  3811 V msm8974_platform: platform_check_and_set_playback_backend_cfg: usecase->stream.out->config.format (0)
04-27 22:21:50.800  1029  3811 V msm8974_platform: platform_check_and_set_playback_backend_cfg:becf: afe: bitwidth 16, samplerate 48000 channels 2, backend_idx 0 usecase = 1 device (speaker)
04-27 22:21:50.800  1029  3811 V msm8974_platform: platform_check_and_set_playback_backend_cfg: new_snd_devices[0] is 2
04-27 22:21:50.800  1029  3811 V msm8974_platform: platform_get_backend_index:napb: backend port - 0 device - 2 
04-27 22:21:50.800  1029  3811 V msm8974_platform: platform_check_playback_backend_cfg:becf: afe: bitwidth 16, samplerate 48000 channels 2, backend_idx 0 usecase = 1 device (speaker)
04-27 22:21:50.800  1029  3811 V msm8974_platform: platform_check_playback_backend_cfg:becf: afe: Codec selected backend: 0 updated bit width: 16 andsample rate: 48000
04-27 22:21:50.800  1029  3811 V msm8974_platform: platform_send_audio_calibration: sending audio calibration for snd_device(2) acdb_id(14)
04-27 22:21:50.800  1029  3811 D ACDB-LOADER: ACDB -> send_audio_cal, acdb_id = 14, path = 0, app id = 0x11130, sample rate = 48000, afe_sample_rate = 48000
04-27 22:21:50.800  1029  3811 D ACDB-LOADER: ACDB -> send_asm_topology
04-27 22:21:50.800  1029  3811 D ACDB-LOADER: ACDB -> ACDB_CMD_GET_AUDPROC_STREAM_TOPOLOGY_ID
04-27 22:21:50.800  1029  3811 D ACDB-LOADER: ACDB -> send_adm_topology
04-27 22:21:50.800  1029  3811 D ACDB-LOADER: ACDB -> ACDB_CMD_GET_AUDPROC_COMMON_TOPOLOGY_ID
04-27 22:21:50.800  1029  3811 D ACDB-LOADER: ACDB -> send_audtable
04-27 22:21:50.800  1029  3811 D ACDB-LOADER: ACDB -> ACDB_CMD_GET_AUDPROC_INSTANCE_COMMON_TABLE_SIZE
04-27 22:21:50.800  1029  3811 D ACDB-LOADER: ACDB -> ACDB_CMD_GET_AUDPROC_INSTANCE_COMMON_TABLE
04-27 22:21:50.800  1029  3811 D ACDB-LOADER: ACDB -> AUDIO_SET_AUDPROC_CAL cal_type[11] acdb_id[14] app_type[69936]
04-27 22:21:50.800  1029  3811 D ACDB-LOADER: ACDB -> ACDB_CMD_GET_PERSISTENT_AUDPROC_INSTANCE_COMMON_TABLE_SIZE
04-27 22:21:50.800  1029  3811 D         : ACDBFILE_MGR: Property for the pid 000133B7 not found
04-27 22:21:50.800  1029  3811 D         : [Data Manager] -> Failed to fetch the property info for pid 000133B7 
04-27 22:21:50.800  1029  3811 D         : ACDBFILE_MGR: Property for the pid 000133B7 not found
04-27 22:21:50.800  1029  3811 D         : [Data Manager] -> Failed to fetch the property info for pid 000133B7 
04-27 22:21:50.800  1029  3811 D         : ACDBFILE_MGR: Property for the pid 000133B7 not found
04-27 22:21:50.800  1029  3811 D         : [Data Manager] -> Failed to fetch the property info for pid 000133B7 
04-27 22:21:50.800  1029  3811 D         : ACDBFILE_MGR: Property for the pid 000133B7 not found
04-27 22:21:50.800  1029  3811 D         : [Data Manager] -> Failed to fetch the property info for pid 000133B7 
04-27 22:21:50.800  1029  3811 D         : ACDBFILE_MGR: Property for the pid 000133B7 not found
04-27 22:21:50.800  1029  3811 D         : [Data Manager] -> Failed to fetch the property info for pid 000133B7 
04-27 22:21:50.800  1029  3811 D         : ACDBFILE_MGR: Property for the pid 000133B7 not found
04-27 22:21:50.800  1029  3811 D         : [Data Manager] -> Failed to fetch the property info for pid 000133B7 
04-27 22:21:50.800  1029  3811 D         : ACDBFILE_MGR: Property for the pid 000133B7 not found
04-27 22:21:50.800  1029  3811 D         : [Data Manager] -> Failed to fetch the property info for pid 000133B7 
04-27 22:21:50.800  1029  3811 D         : ACDBFILE_MGR: Property for the pid 000133B7 not found
04-27 22:21:50.800  1029  3811 D         : [Data Manager] -> Failed to fetch the property info for pid 000133B7 
04-27 22:21:50.800  1029  3811 D         : ACDBFILE_MGR: Property for the pid 000133B7 not found
04-27 22:21:50.800  1029  3811 D         : [Data Manager] -> Failed to fetch the property info for pid 000133B7 
04-27 22:21:50.800  1029  3811 D         : ACDBFILE_MGR: Property for the pid 000133B7 not found
04-27 22:21:50.800  1029  3811 D         : [Data Manager] -> Failed to fetch the property info for pid 000133B7 
04-27 22:21:50.800  1029  3811 D         : ACDBFILE_MGR: Property for the pid 000133B7 not found
04-27 22:21:50.800  1029  3811 D         : [Data Manager] -> Failed to fetch the property info for pid 000133B7 
04-27 22:21:50.800  1029  3811 D         : ACDBFILE_MGR: Property for the pid 000133B7 not found
04-27 22:21:50.800  1029  3811 D         : [Data Manager] -> Failed to fetch the property info for pid 000133B7 
04-27 22:21:50.800  1029  3811 D         : [Data Manager]-> No data found
04-27 22:21:50.800  1029  3811 D ACDB-LOADER: Error: ACDB_CMD_GET_PERSISTENT_AUDPROC_INSTANCE_COMMON_TABLE_SIZE returned -18
04-27 22:21:50.800  1029  3811 D ACDB-LOADER: ACDB -> send_audproc_persist_table -18 
04-27 22:21:50.800  1029  3811 D ACDB-LOADER: Error: Invalid Audproc persist size = -18
04-27 22:21:50.800  1029  3811 D ACDB-LOADER: ACDB -> send_audvoltable
04-27 22:21:50.800  1029  3811 D ACDB-LOADER: ACDB -> ACDB_CMD_GET_AUDPROC_INSTANCE_GAIN_DEP_STEP_TABLE_SIZE
04-27 22:21:50.800  1029  3811 D         : Failed to fetch the lookup information of the device 0000000E 
04-27 22:21:50.800  1029  3811 D ACDB-LOADER: Error: ACDB_CMD_GET_AUDPROC_INSTANCE_GAIN_DEP_STEP_TABLE_SIZE Returned = -19
04-27 22:21:50.800  1029  3811 D ACDB-LOADER: ACDB -> ACDB_CMD_GET_AUDPROC_INSTANCE_GAIN_DEP_STEP_TABLE, vol index 0
04-27 22:21:50.800  1029  3811 D         : Failed to fetch the lookup information of the device 0000000E 
04-27 22:21:50.800  1029  3811 D ACDB-LOADER: Error: ACDB AudProc vol returned = -19
04-27 22:21:50.800  1029  3811 D ACDB-LOADER: ACDB -> AUDIO_SET_VOL_CAL cal type = 12
04-27 22:21:50.800  1029  3811 D ACDB-LOADER: ACDB -> ACDB_CMD_GET_AUDPROC_INSTANCE_STREAM_TABLE_SIZE
04-27 22:21:50.800  1029  3811 D ACDB-LOADER: ACDB -> send_audstrmtable
04-27 22:21:50.800  1029  3811 D ACDB-LOADER: ACDB -> ACDB_CMD_GET_AUDPROC_INSTANCE_STREAM_TABLE
04-27 22:21:50.800  1029  3811 D ACDB-LOADER: ACDB -> audstrm_cal->cal_type.cal_data.cal_size = 536
04-27 22:21:50.800  1029  3811 D ACDB-LOADER: ACDB -> send_afe_topology
04-27 22:21:50.800  1029  3811 D ACDB-LOADER: ACDB -> ACDB_CMD_GET_AFE_TOPOLOGY_ID
04-27 22:21:50.800  1029  3811 D ACDB-LOADER: ACDB -> GET_AFE_TOPOLOGY_ID for adcd_id 14, Topology Id 1000ff01
04-27 22:21:50.800  1029  3811 D ACDB-LOADER: ACDB -> send_afe_cal
04-27 22:21:50.800  1029  3811 D ACDB-LOADER: ACDB -> ACDB_CMD_GET_AFE_INSTANCE_COMMON_TABLE_SIZE
04-27 22:21:50.801  1029  3811 D ACDB-LOADER: ACDB -> ACDB_CMD_GET_AFE_INSTANCE_COMMON_TABLE
04-27 22:21:50.801  1029  3811 D ACDB-LOADER: ACDB -> AUDIO_SET_AFE_CAL cal_type[16] acdb_id[14]
04-27 22:21:50.801  1029  3811 D ACDB-LOADER: ACDB -> send_hw_delay : acdb_id = 14 path = 0
04-27 22:21:50.801  1029  3811 D ACDB-LOADER: ACDB -> ACDB_AVSYNC_INFO: ACDB_CMD_GET_DEVICE_PROPERTY
04-27 22:21:50.801  1029  3811 V msm8974_platform: platform_send_audio_calibration: sending audio calibration for snd_device(125) acdb_id(102)
04-27 22:21:50.801  1029  3811 D ACDB-LOADER: ACDB -> send_audio_cal, acdb_id = 102, path = 1, app id = 0x11130, sample rate = 48000, afe_sample_rate = 48000
04-27 22:21:50.801  1029  3811 D ACDB-LOADER: ACDB -> send_asm_topology
04-27 22:21:50.801  1029  3811 D ACDB-LOADER: ACDB -> ACDB_CMD_GET_AUDPROC_STREAM_TOPOLOGY_ID
04-27 22:21:50.801  1029  3811 D ACDB-LOADER: ACDB -> send_adm_topology
04-27 22:21:50.801  1029  3811 D ACDB-LOADER: ACDB -> ACDB_CMD_GET_AUDPROC_COMMON_TOPOLOGY_ID
04-27 22:21:50.801  1029  3811 D ACDB-LOADER: ACDB -> send_audtable
04-27 22:21:50.801  1029  3811 D ACDB-LOADER: ACDB -> ACDB_CMD_GET_AUDPROC_INSTANCE_COMMON_TABLE_SIZE
04-27 22:21:50.801  1029  3811 D ACDB-LOADER: ACDB -> ACDB_CMD_GET_AUDPROC_INSTANCE_COMMON_TABLE
04-27 22:21:50.801  1029  3811 D ACDB-LOADER: ACDB -> AUDIO_SET_AUDPROC_CAL cal_type[11] acdb_id[102] app_type[69936]
04-27 22:21:50.801  1029  3811 D ACDB-LOADER: ACDB -> ACDB_CMD_GET_PERSISTENT_AUDPROC_INSTANCE_COMMON_TABLE_SIZE
04-27 22:21:50.801  1029  3811 D         : ACDBFILE_MGR: Property for the pid 000133B7 not found
04-27 22:21:50.801  1029  3811 D         : [Data Manager] -> Failed to fetch the property info for pid 000133B7 
04-27 22:21:50.801  1029  3811 D         : ACDBFILE_MGR: Property for the pid 000133B7 not found
04-27 22:21:50.801  1029  3811 D         : [Data Manager] -> Failed to fetch the property info for pid 000133B7 
04-27 22:21:50.801  1029  3811 D         : ACDBFILE_MGR: Property for the pid 000133B7 not found
04-27 22:21:50.801  1029  3811 D         : [Data Manager] -> Failed to fetch the property info for pid 000133B7 
04-27 22:21:50.801  1029  3811 D         : ACDBFILE_MGR: Property for the pid 000133B7 not found
04-27 22:21:50.801  1029  3811 D         : [Data Manager] -> Failed to fetch the property info for pid 000133B7 
04-27 22:21:50.801  1029  3811 D         : ACDBFILE_MGR: Property for the pid 000133B7 not found
04-27 22:21:50.801  1029  3811 D         : [Data Manager] -> Failed to fetch the property info for pid 000133B7 
04-27 22:21:50.801  1029  3811 D         : ACDBFILE_MGR: Property for the pid 000133B7 not found
04-27 22:21:50.801  1029  3811 D         : [Data Manager] -> Failed to fetch the property info for pid 000133B7 
04-27 22:21:50.801  1029  3811 D         : ACDBFILE_MGR: Property for the pid 000133B7 not found
04-27 22:21:50.801  1029  3811 D         : [Data Manager] -> Failed to fetch the property info for pid 000133B7 
04-27 22:21:50.801  1029  3811 D         : ACDBFILE_MGR: Property for the pid 000133B7 not found
04-27 22:21:50.801  1029  3811 D         : [Data Manager] -> Failed to fetch the property info for pid 000133B7 
04-27 22:21:50.801  1029  3811 D         : ACDBFILE_MGR: Property for the pid 000133B7 not found
04-27 22:21:50.801  1029  3811 D         : [Data Manager] -> Failed to fetch the property info for pid 000133B7 
04-27 22:21:50.801  1029  3811 D         : ACDBFILE_MGR: Property for the pid 000133B7 not found
04-27 22:21:50.801  1029  3811 D         : [Data Manager] -> Failed to fetch the property info for pid 000133B7 
04-27 22:21:50.801  1029  3811 D         : ACDBFILE_MGR: Property for the pid 000133B7 not found
04-27 22:21:50.801  1029  3811 D         : [Data Manager] -> Failed to fetch the property info for pid 000133B7 
04-27 22:21:50.801  1029  3811 D         : ACDBFILE_MGR: Property for the pid 000133B7 not found
04-27 22:21:50.801  1029  3811 D         : [Data Manager] -> Failed to fetch the property info for pid 000133B7 
04-27 22:21:50.801  1029  3811 D         : [Data Manager]-> No data found
04-27 22:21:50.801  1029  3811 D ACDB-LOADER: Error: ACDB_CMD_GET_PERSISTENT_AUDPROC_INSTANCE_COMMON_TABLE_SIZE returned -18
04-27 22:21:50.801  1029  3811 D ACDB-LOADER: ACDB -> send_audproc_persist_table -18 
04-27 22:21:50.801  1029  3811 D ACDB-LOADER: Error: Invalid Audproc persist size = -18
04-27 22:21:50.801  1029  3811 D ACDB-LOADER: ACDB -> ACDB_CMD_GET_AUDPROC_INSTANCE_STREAM_TABLE_SIZE
04-27 22:21:50.801  1029  3811 D ACDB-LOADER: ACDB -> send_audstrmtable
04-27 22:21:50.801  1029  3811 D ACDB-LOADER: ACDB -> ACDB_CMD_GET_AUDPROC_INSTANCE_STREAM_TABLE
04-27 22:21:50.801  1029  3811 D ACDB-LOADER: ACDB -> audstrm_cal->cal_type.cal_data.cal_size = 536
04-27 22:21:50.801  1029  3811 D ACDB-LOADER: ACDB -> send_afe_topology
04-27 22:21:50.801  1029  3811 D ACDB-LOADER: ACDB -> ACDB_CMD_GET_AFE_TOPOLOGY_ID
04-27 22:21:50.801  1029  3811 D ACDB-LOADER: ACDB -> GET_AFE_TOPOLOGY_ID for adcd_id 102, Topology Id 1000ff00
04-27 22:21:50.801  1029  3811 D ACDB-LOADER: ACDB -> send_afe_cal
04-27 22:21:50.801  1029  3811 D ACDB-LOADER: ACDB -> ACDB_CMD_GET_AFE_INSTANCE_COMMON_TABLE_SIZE
04-27 22:21:50.801  1029  3811 D ACDB-LOADER: ACDB -> ACDB_CMD_GET_AFE_INSTANCE_COMMON_TABLE
04-27 22:21:50.801  1029  3811 D ACDB-LOADER: ACDB -> AUDIO_SET_AFE_CAL cal_type[17] acdb_id[102]
04-27 22:21:50.801  1029  3811 D ACDB-LOADER: ACDB -> send_hw_delay : acdb_id = 102 path = 1
04-27 22:21:50.801  1029  3811 D ACDB-LOADER: ACDB -> ACDB_AVSYNC_INFO: ACDB_CMD_GET_DEVICE_PROPERTY
04-27 22:21:50.801  1029  3811 D audio_hw_primary: enable_snd_device: snd_device(125: vi-feedback)
04-27 22:21:50.801  1029  3811 D audio_route: Apply path: vi-feedback
04-27 22:21:50.801  1029  3811 D audio_hw_primary: enable_audio_route: usecase(26) apply and update mixer path: spkr-vi-record
04-27 22:21:50.801  1029  3811 D audio_route: Apply path: spkr-vi-record
04-27 22:21:50.817   925   925 D Zygote  : Forked child process 20104
04-27 22:21:50.819  1029  3811 D audio_hw_primary: enable_snd_device: snd_device(2: speaker)
04-27 22:21:50.819  1029  3811 D audio_route: Apply path: speaker
04-27 22:21:50.819  1029  3811 V msm8974_platform: platform_get_snd_device_backend_index: enter with device 2
04-27 22:21:50.819  1029  3811 V msm8974_platform: platform_get_backend_index:napb: backend port - 0 device - 2 
04-27 22:21:50.819  1029  3811 I audio_hw_utils: Set Audio Stream 9 App Type Cfg: app_type 69936, acdb_dev_id 14, sample_rate 48000, snd_device_be_idx 43
04-27 22:21:50.820  1968  2159 I ActivityManager: Start proc 20104:com.google.android.tts/u0a182 for service {com.google.android.tts/androidx.work.impl.background.systemjob.SystemJobService}
04-27 22:21:50.820  1029  3811 D audio_hw_primary: enable_audio_route: usecase(1) apply and update mixer path: low-latency-playback speaker
04-27 22:21:50.820  1029  3811 D audio_route: Apply path: low-latency-playback speaker
04-27 22:21:50.822  1029  1631 D MotSpeakerHelper: Speaker ON: volume 0.500000 (step 12), usecase SAFE
04-27 22:21:50.826  1968  2129 D UsbDeviceManager: push notification:Dit apparaat wordt opgeladen via USB
04-27 22:21:50.837 20104 20104 E gle.android.tt: Not starting debugger since process cannot load the jdwp agent.
04-27 22:21:50.837   925   925 D Zygote  : Forked child process 20117
04-27 22:21:50.839  1968  2159 I ActivityManager: Start proc 20117:com.google.android.apps.youtube.music/u0a103 for service {com.google.android.apps.youtube.music/androidx.work.impl.background.systemjob.SystemJobService}
04-27 22:21:50.859 20117 20117 E s.youtube.musi: Not starting debugger since process cannot load the jdwp agent.
04-27 22:21:50.861  1029  3811 D audio_hw_primary: out_write: retry previous failed cal level set
04-27 22:21:50.871 19459 19491 I GH.ConnLoggerV2: Started session ffa70a05-6d5f-43e1-9469-c7a7db387baf, start time = 2066650
04-27 22:21:50.891 20117 20117 I s.youtube.musi: The ClassLoaderContext is a special shared library.
04-27 22:21:50.906  3149 16935 I NetworkScheduler.Stats: Task com.google.android.gms/com.google.android.gms.clearcut.uploader.QosUploaderService finished executing. cause:6 result: 1 elapsed_millis: 159 uptime_millis: 160 exec_start_elapsed_seconds: 2066 [CONTEXT service_id=218 ]
04-27 22:21:50.920   924   924 I netd    : trafficSwapActiveStatsMap() <1.16ms>
04-27 22:21:50.920 19459 19459 I CAR.TOKEN: Connecting hnl@59b4fcb using class hwj@50720449/class hwn@124978088 (cx attempt 1)
04-27 22:21:50.924 19459 19459 I GH.SharedService: Shared Service created
04-27 22:21:50.925   924   924 I netd    : tetherGetStats() <2.16ms>
04-27 22:21:50.934   925   925 D Zygote  : Forked child process 20149
04-27 22:21:50.934 20117 20117 W s.youtube.musi: JIT profile information will not be recorded: profile file does not exits.
04-27 22:21:50.936 20104 20104 I MultiDex: VM with version 2.1.0 has multidex support
04-27 22:21:50.936 20104 20104 I MultiDex: install
04-27 22:21:50.936 20104 20104 I MultiDex: VM has multidex support, MultiDex support library is disabled.
04-27 22:21:50.936 20104 20104 I MultiDex: install
04-27 22:21:50.936 20104 20104 I MultiDex: VM has multidex support, MultiDex support library is disabled.
04-27 22:21:50.940  1033  3131 I vendor.qti.bluetooth@1.0-ibs_handler: ProcessIbsCmd: Received IBS_WAKE_IND: 0xFD
04-27 22:21:50.940  1033  3131 I vendor.qti.bluetooth@1.0-ibs_handler: ProcessIbsCmd: Writing IBS_WAKE_ACK
04-27 22:21:50.944  1968  2159 I ActivityManager: Start proc 20149:com.google.android.projection.gearhead:car/u0a176 for service {com.google.android.projection.gearhead/com.google.android.apps.auto.carservice.service.impl.GearheadCarStartupService}
04-27 22:21:50.952  1968  2170 E KernelCpuSpeedReader: Failed to read cpu-freq stats for CPUs 4-7
04-27 22:21:50.955  1968  2170 E KernelCpuSpeedReader: Failed to read cpu-freq stats for CPUs 0-3
04-27 22:21:50.958 19459 19459 I GH.SharedServiceConnect: onServiceConnected(ComponentName:ComponentInfo{com.google.android.projection.gearhead/com.google.android.gearhead.service.SharedService}, service:efr@9c8b254)
04-27 22:21:50.969 20104 20104 I egu     : SslGuard completed installation.
04-27 22:21:50.971   924   924 I netd    : trafficSwapActiveStatsMap() <0.90ms>
04-27 22:21:50.974   924   924 I netd    : tetherGetStats() <1.52ms>
04-27 22:21:50.975 19459 19459 I GH.SharedNotifications: Ignoring rebind as there are no NLS-dependent clients.
04-27 22:21:50.976 20104 20104 I GoogleTTSApplication: Beginning load of tts_android...
04-27 22:21:50.976 20149 20149 E on.gearhead:ca: Not starting debugger since process cannot load the jdwp agent.
04-27 22:21:50.977   924   924 I netd    : trafficSwapActiveStatsMap() <1.30ms>
04-27 22:21:50.979   924   924 I netd    : tetherGetStats() <1.03ms>
04-27 22:21:50.985  1033  3131 I vendor.qti.bluetooth@1.0-ibs_handler: ProcessIbsCmd: Received IBS_SLEEP_IND: 0xFE
04-27 22:21:50.998 20104 20104 I GoogleTTSApplication: tts_android (null) was loaded normally!
04-27 22:21:51.006 20104 20104 I Analytics: Running on TYPE_PHONE
04-27 22:21:51.018 20104 20181 W gle.android.tt: Accessing hidden field Ljava/util/Collections$SynchronizedCollection;->mutex:Ljava/lang/Object; (greylist-max-o, reflection, denied)
04-27 22:21:51.019 20104 20181 W gle.android.tt: Accessing hidden method Ljava/util/Collections$SynchronizedSet;-><init>(Ljava/util/Set;Ljava/lang/Object;)V (greylist-max-o, reflection, denied)
04-27 22:21:51.019 20104 20181 W gle.android.tt: Accessing hidden method Ljava/util/Collections$SynchronizedCollection;-><init>(Ljava/util/Collection;Ljava/lang/Object;)V (greylist-max-o, reflection, denied)
04-27 22:21:51.036 20149 20149 I on.gearhead:ca: The ClassLoaderContext is a special shared library.
04-27 22:21:51.038 20117 20117 W s.youtube.musi: Accessing hidden field Ljava/util/Collections$SynchronizedCollection;->mutex:Ljava/lang/Object; (greylist-max-o, reflection, denied)
04-27 22:21:51.039 20117 20117 W s.youtube.musi: Accessing hidden method Ljava/util/Collections$SynchronizedSet;-><init>(Ljava/util/Set;Ljava/lang/Object;)V (greylist-max-o, reflection, denied)
04-27 22:21:51.039 20117 20117 W s.youtube.musi: Accessing hidden method Ljava/util/Collections$SynchronizedCollection;-><init>(Ljava/util/Collection;Ljava/lang/Object;)V (greylist-max-o, reflection, denied)
04-27 22:21:51.052  3149 20100 I NetworkScheduler.Stats: Task com.google.android.gms/com.google.android.gms.stats.PlatformStatsCollectorService started execution. cause:5 exec_start_elapsed_seconds: 2066 [CONTEXT service_id=218 ]
04-27 22:21:51.063 20104 20104 I VoiceDataDownloader: fetchVoiceInternal en-us
04-27 22:21:51.066 20104 20211 I VoiceDataDownloader: Not already initialized. Initializing Superpacks.
04-27 22:21:51.066 20104 20104 W gle.android.tt: Accessing hidden method Landroid/view/View;->getWindowInsetsController()Landroid/view/WindowInsetsController; (blacklist, linking, denied)
04-27 22:21:51.068 20104 20211 D NetworkSecurityConfig: No Network Security Config specified, using platform default
04-27 22:21:51.081  1968  4121 D ConnectivityService: requestNetwork for uid/pid:10103/20117 NetworkRequest [ TRACK_DEFAULT id=169, [ Capabilities: INTERNET&NOT_RESTRICTED&TRUSTED Uid: 10103] ]
04-27 22:21:51.085  1968  2645 I chatty  : uid=1000(system) EthernetService expire 3 lines
04-27 22:21:51.087  2882  2882 D PhoneSwitcherNetworkRequstListener: got request NetworkRequest [ TRACK_DEFAULT id=169, [ Capabilities: INTERNET&NOT_RESTRICTED&TRUSTED Uid: 10103] ] with score 60 and serial -1
04-27 22:21:51.090  1968  2562 I chatty  : uid=1000(system) ClientModeImpl expire 5 lines
04-27 22:21:51.099  3649  3649 D BoundBrokerSvc: onBind: Intent { act=com.google.android.mobstore.service.START pkg=com.google.android.gms }
04-27 22:21:51.099  3649  3649 D BoundBrokerSvc: Loading bound service for intent: Intent { act=com.google.android.mobstore.service.START pkg=com.google.android.gms }
04-27 22:21:51.128 20104 20211 I VoiceDataDownloader: Superpack object built.
04-27 22:21:51.129 20104 20211 I VoiceDataDownloader: Superpack slicing strategy registered
04-27 22:21:51.134 20104 20211 I VoiceDataDownloader: Superpack quota set for all voices.
04-27 22:21:51.136 20149 20223 W on.gearhead:ca: Accessing hidden field Ljava/util/Collections$SynchronizedCollection;->mutex:Ljava/lang/Object; (greylist-max-o, reflection, denied)
04-27 22:21:51.136 20149 20223 W on.gearhead:ca: Accessing hidden method Ljava/util/Collections$SynchronizedSet;-><init>(Ljava/util/Set;Ljava/lang/Object;)V (greylist-max-o, reflection, denied)
04-27 22:21:51.136 20149 20223 W on.gearhead:ca: Accessing hidden method Ljava/util/Collections$SynchronizedCollection;-><init>(Ljava/util/Collection;Ljava/lang/Object;)V (greylist-max-o, reflection, denied)
04-27 22:21:51.141 20104 20211 I VoiceDataDownloader: Got bundled voice en-us-x-multi-r43
04-27 22:21:51.157 20149 20149 I CAR.GH  : onCreate
04-27 22:21:51.158 20149 20149 I GH.PhenotypeCache: Loaded 398 flags from disk with configurationVersion: 1651049700.
04-27 22:21:51.158 20149 20149 I GH.AutoPhenotypeFlags: Load phenotype cache from the disk with configurationVersion: 1651049700 in 21 ms
04-27 22:21:51.159 20149 20149 I CAR.GH  : Process: CAR
04-27 22:21:51.170 20104 20241 I SP      : Registering ttsvoices.1363, url: null, constraints: *:*:*:*, flags: *, requested: 1363, current: 1363
04-27 22:21:51.171 20149 20149 I GH.CAR  : onCreate
04-27 22:21:51.182 20104 20211 I VoiceDataDownloader: Initialization success: true
04-27 22:21:51.182 20104 20211 I GoogleTTSApplication: VoiceDataDownloader initialized success true
04-27 22:21:51.182 20104 20211 I VoiceDataDownloader: Superpacks created and default voices checked.
04-27 22:21:51.183 20104 20211 I VoiceDataDownloader: Download of en-us started.
04-27 22:21:51.185 20104 20211 I VoiceDataDownloader: Registered slicing strategy for en-us
04-27 22:21:51.186 20104 20211 I VoiceDataDownloader: Getting pack name en-us-x-multi-r43
04-27 22:21:51.186 20104 20211 I VoiceDataDownloader: Adding pack en-us-x-multi-r43 to superpack.
04-27 22:21:51.186 20104 20211 I VoiceDataDownloader: Getting pack name en-us-x-multi-seanet-r43
04-27 22:21:51.186 20104 20211 I VoiceDataDownloader: Adding pack en-us-x-multi-seanet-r43 to superpack.
04-27 22:21:51.186 20104 20211 I VoiceDataDownloader: Getting pack name en-us-x-afh-r43
04-27 22:21:51.186 20104 20211 I VoiceDataDownloader: Adding pack en-us-x-afh-r43 to superpack.
04-27 22:21:51.187 20104 20211 I VoiceDataDownloader: Getting pack name en-us-x-fis-r43
04-27 22:21:51.187 20104 20211 I VoiceDataDownloader: Adding pack en-us-x-fis-r43 to superpack.
04-27 22:21:51.187 20104 20211 I VoiceDataDownloader: Getting pack name en-us-x-multi-wavernn-r43
04-27 22:21:51.187 20104 20211 I VoiceDataDownloader: Adding pack en-us-x-multi-wavernn-r43 to superpack.
04-27 22:21:51.187 20104 20211 I VoiceDataDownloader: Getting pack name en-us-x-multi-darwinn-wavernn-r43
04-27 22:21:51.187 20104 20211 I VoiceDataDownloader: Adding pack en-us-x-multi-darwinn-wavernn-r43 to superpack.
04-27 22:21:51.188 20104 20211 I VoiceDataDownloader: Syncing superpack en-us
04-27 22:21:51.191 20104 20241 I SP      : Registering en-us.43, url: null, constraints: *:*:*:*, flags: *, requested: 43, current: 43
04-27 22:21:51.192  1968  2764 D ConnectivityService: requestNetwork for uid/pid:10103/20117 NetworkRequest [ TRACK_DEFAULT id=170, [ Capabilities: INTERNET&NOT_RESTRICTED&TRUSTED Uid: 10103] ]
04-27 22:21:51.196  2882  2882 D PhoneSwitcherNetworkRequstListener: got request NetworkRequest [ TRACK_DEFAULT id=170, [ Capabilities: INTERNET&NOT_RESTRICTED&TRUSTED Uid: 10103] ] with score 60 and serial -1
04-27 22:21:51.206 20149 20149 W DynamiteModule: Local module descriptor class for com.google.android.gms.googlecertificates not found.
04-27 22:21:51.208 20104 20241 I SP      : Syncing en-us (43) with slices: [{en-us-x-multi-r43, m:*:*:*}, {en-us-x-multi-seanet-r43, m:*:*:*}], metadata: false
04-27 22:21:51.218 20149 20149 I DynamiteModule: Considering local module com.google.android.gms.googlecertificates:0 and remote module com.google.android.gms.googlecertificates:6
04-27 22:21:51.218 20149 20149 I DynamiteModule: Selected remote version of com.google.android.gms.googlecertificates, version >= 6
04-27 22:21:51.218 20149 20149 V DynamiteModule: Dynamite loader version >= 2, using loadModule2NoCrashUtils
04-27 22:21:51.221 19459 19459 V ClearcutMetricXmitter: Transmission is done.
04-27 22:21:51.221  3149  3161 I .gms.persisten: Background young concurrent copying GC freed 142448(7937KB) AllocSpace objects, 24(872KB) LOS objects, 29% free, 16MB/23MB, paused 111us total 149.326ms
04-27 22:21:51.247 20149 20149 W on.gearhead:ca: ClassLoaderContext type mismatch. expected=PCL, found=DLC (PCL[] | DLC[];PCL[/data/app/com.google.android.projection.gearhead-UWzeAmvC1GYpdu_XGGWl7w==/base.apk*2091234643:/data/app/com.google.android.projection.gearhead-UWzeAmvC1GYpdu_XGGWl7w==/base.apk!classes2.dex*3734159086:/data/app/com.google.android.projection.gearhead-UWzeAmvC1GYpdu_XGGWl7w==/base.apk!classes3.dex*1247949340]{PCL[/system/framework/org.apache.http.legacy.jar*1038351580]})
04-27 22:21:51.248 20149 20149 W on.gearhead:ca: Found duplicate classes, falling back to extracting from APK : /data/user_de/0/com.google.android.gms/app_chimera/m/000001cd/GoogleCertificates.apk
04-27 22:21:51.248 20149 20149 W on.gearhead:ca: NOTE: This wastes RAM and hurts startup performance.
04-27 22:21:51.248 20149 20149 W on.gearhead:ca: Found duplicated class when checking oat files: 'La;' in /data/app/com.google.android.projection.gearhead-UWzeAmvC1GYpdu_XGGWl7w==/base.apk and /data/user_de/0/com.google.android.gms/app_chimera/m/000001cd/GoogleCertificates.apk
04-27 22:21:51.248 20149 20149 W on.gearhead:ca: 
04-27 22:21:51.260 20104 20165 I VoiceLanguageHelper: #initializeLanguages
04-27 22:21:51.296 20117 20212 E AwarenessClientProvider: Account associated with identity was null
04-27 22:21:51.300 20117 20218 E AwarenessRouterSyncMgr: Exception while syncing fences
04-27 22:21:51.300 20117 20218 E AwarenessRouterSyncMgr: java.util.concurrent.ExecutionException: java.lang.IllegalStateException: Account associated with identity was null
04-27 22:21:51.300 20117 20218 E AwarenessRouterSyncMgr: 	at akfw.o(PG:6)
04-27 22:21:51.300 20117 20218 E AwarenessRouterSyncMgr: 	at akfw.get(PG:4)
04-27 22:21:51.300 20117 20218 E AwarenessRouterSyncMgr: 	at akjp.a(PG:1)
04-27 22:21:51.300 20117 20218 E AwarenessRouterSyncMgr: 	at akih.p(PG:2)
04-27 22:21:51.300 20117 20218 E AwarenessRouterSyncMgr: 	at kdl.run(PG:1)
04-27 22:21:51.300 20117 20218 E AwarenessRouterSyncMgr: 	at qcz.run(PG:1)
04-27 22:21:51.300 20117 20218 E AwarenessRouterSyncMgr: 	at java.util.concurrent.ThreadPoolExecutor.runWorker(ThreadPoolExecutor.java:1167)
04-27 22:21:51.300 20117 20218 E AwarenessRouterSyncMgr: 	at java.util.concurrent.ThreadPoolExecutor$Worker.run(ThreadPoolExecutor.java:641)
04-27 22:21:51.300 20117 20218 E AwarenessRouterSyncMgr: 	at qcb.run(PG:2)
04-27 22:21:51.300 20117 20218 E AwarenessRouterSyncMgr: 	at qcl.run(PG:4)
04-27 22:21:51.300 20117 20218 E AwarenessRouterSyncMgr: 	at java.lang.Thread.run(Thread.java:919)
04-27 22:21:51.300 20117 20218 E AwarenessRouterSyncMgr: Caused by: java.lang.IllegalStateException: Account associated with identity was null
04-27 22:21:51.300 20117 20218 E AwarenessRouterSyncMgr: 	at kcs.a(PG:3)
