04-27 22:22:23.726  2678 18421 W Ringtone: Neither local nor remote player available when applying playback properties
04-27 22:22:23.727   924   924 I netd    : trafficSwapActiveStatsMap() <1.21ms>
04-27 22:22:23.731  1276  1402 D NuPlayerDriver: NuPlayerDriver(0xf1c6a500) created, clientPid(2678)
04-27 22:22:23.732   924   924 I netd    : tetherGetStats() <3.24ms>
04-27 22:22:23.736  1276  1402 I Codec2Client: Creating a Codec2 client to service "software"
04-27 22:22:23.738   924   924 I netd    : trafficSwapActiveStatsMap() <4.52ms>
04-27 22:22:23.739  1276  1402 I Codec2Client: Client to Codec2 service "software" created
04-27 22:22:23.740   924   924 I netd    : tetherGetStats() <0.87ms>
04-27 22:22:23.744  4265  4420 D DynamicVolume-DynamicVolumeService: onPlaybackConfigChanged configs size=3
04-27 22:22:23.744  2658  3182 D Avrcp_ext: AudioManager Player: ID:23 -- type:android.media.SoundPool -- u/pid:1000/1968 -- state:idle -- attr:AudioAttributes: usage=USAGE_ASSISTANCE_SONIFICATION content=CONTENT_TYPE_SONIFICATION flags=0x800 tags= bundle=null
04-27 22:22:23.744  2658  3182 D Avrcp_ext: AudioManager Player: ID:55 -- type:android.media.SoundPool -- u/pid:10144/2678 -- state:idle -- attr:AudioAttributes: usage=USAGE_ASSISTANCE_SONIFICATION content=CONTENT_TYPE_SONIFICATION flags=0x800 tags= bundle=null
04-27 22:22:23.744  2658  3182 D Avrcp_ext: AudioManager Player: ID:215 -- type:android.media.MediaPlayer -- u/pid:10144/2678 -- state:idle -- attr:AudioAttributes: usage=USAGE_ASSISTANCE_SONIFICATION content=CONTENT_TYPE_SONIFICATION flags=0x800 tags= bundle=null
04-27 22:22:23.744  2658  3182 D Avrcp_ext: AudioManager isPlaying: false
04-27 22:22:23.752  1276 20398 D GenericSource: FileSource remote
04-27 22:22:23.758  4243  4442 D CmdCenter: - RowBase2: sPrevModStatus: 1, modStatus: 1
04-27 22:22:23.758  4243  4442 D CmdCenter: - RowBase2: sPrevPlugType: 2 plugType: 2
04-27 22:22:23.763  1033  3131 I vendor.qti.bluetooth@1.0-ibs_handler: ProcessIbsCmd: Received IBS_WAKE_IND: 0xFD
04-27 22:22:23.763  1033  3131 I vendor.qti.bluetooth@1.0-ibs_handler: ProcessIbsCmd: Writing IBS_WAKE_ACK
04-27 22:22:23.764  3149 20100 I NetworkScheduler.Stats: Task com.google.android.gms/com.google.android.gms.tapandpay.gcmtask.TapAndPayGcmTaskService started execution. cause:6 exec_start_elapsed_seconds: 2099 [CONTEXT service_id=218 ]
04-27 22:22:23.770  1968  2170 E KernelCpuSpeedReader: Failed to read cpu-freq stats for CPUs 4-7
04-27 22:22:23.771  1968  2170 E KernelCpuSpeedReader: Failed to read cpu-freq stats for CPUs 0-3
04-27 22:22:23.771  3649  3649 D BoundBrokerSvc: onBind: Intent { act=com.google.android.gms.common.BIND_SHARED_PREFS pkg=com.google.android.gms }
04-27 22:22:23.771  3649  3649 D BoundBrokerSvc: Loading bound service for intent: Intent { act=com.google.android.gms.common.BIND_SHARED_PREFS pkg=com.google.android.gms }
04-27 22:22:23.774  4265  4420 D DynamicVolume-DynamicVolumeService: onPlaybackConfigChanged configs size=3
04-27 22:22:23.774   924   924 I netd    : trafficSwapActiveStatsMap() <0.35ms>
04-27 22:22:23.775  2658  3182 D Avrcp_ext: AudioManager Player: ID:23 -- type:android.media.SoundPool -- u/pid:1000/1968 -- state:idle -- attr:AudioAttributes: usage=USAGE_ASSISTANCE_SONIFICATION content=CONTENT_TYPE_SONIFICATION flags=0x800 tags= bundle=null
04-27 22:22:23.775  2658  3182 D Avrcp_ext: AudioManager Player: ID:55 -- type:android.media.SoundPool -- u/pid:10144/2678 -- state:idle -- attr:AudioAttributes: usage=USAGE_ASSISTANCE_SONIFICATION content=CONTENT_TYPE_SONIFICATION flags=0x800 tags= bundle=null
04-27 22:22:23.775  2658  3182 D Avrcp_ext: AudioManager Player: ID:215 -- type:android.media.MediaPlayer -- u/pid:10144/2678 -- state:started -- attr:AudioAttributes: usage=USAGE_ASSISTANCE_SONIFICATION content=CONTENT_TYPE_SONIFICATION flags=0x800 tags= bundle=null
04-27 22:22:23.775  2658  3182 D Avrcp_ext: AudioManager isPlaying: true
04-27 22:22:23.775  2658  3182 V Avrcp_ext: updateCurrentMediaState: mMediaController: null
04-27 22:22:23.775  3149 19061 V NFC     : this device does not have NFC support
04-27 22:22:23.776  1276 20396 I GenericSource: start
04-27 22:22:23.776  3149 19061 W TapAndPay: NfcAdapter is null while obtaining CardEmulation instance. [CONTEXT service_id=79 ]
04-27 22:22:23.776  3149 19061 W TapAndPay: java.lang.NullPointerException: NfcAdapter is null
04-27 22:22:23.776  3149 19061 W TapAndPay: 	at android.nfc.cardemulation.CardEmulation.getInstance(CardEmulation.java:149)
04-27 22:22:23.776  3149 19061 W TapAndPay: 	at bgsw.<init>(:com.google.android.gms@221215028@22.12.15 (100400-439420056):0)
04-27 22:22:23.776  3149 19061 W TapAndPay: 	at com.google.android.gms.tapandpay.hce.task.TapAndPayAidRegistrationTaskOperation.a(:com.google.android.gms@221215028@22.12.15 (100400-439420056):5)
04-27 22:22:23.776  3149 19061 W TapAndPay: 	at com.google.android.gms.tapandpay.gcmtask.TapAndPayGcmTaskChimeraService.a(:com.google.android.gms@221215028@22.12.15 (100400-439420056):4)
04-27 22:22:23.776  3149 19061 W TapAndPay: 	at amwb.call(:com.google.android.gms@221215028@22.12.15 (100400-439420056):4)
04-27 22:22:23.776  3149 19061 W TapAndPay: 	at java.util.concurrent.FutureTask.run(FutureTask.java:266)
04-27 22:22:23.776  3149 19061 W TapAndPay: 	at xyg.c(:com.google.android.gms@221215028@22.12.15 (100400-439420056):6)
04-27 22:22:23.776  3149 19061 W TapAndPay: 	at xyg.run(:com.google.android.gms@221215028@22.12.15 (100400-439420056):7)
04-27 22:22:23.776  3149 19061 W TapAndPay: 	at java.util.concurrent.ThreadPoolExecutor.runWorker(ThreadPoolExecutor.java:1167)
04-27 22:22:23.776  3149 19061 W TapAndPay: 	at java.util.concurrent.ThreadPoolExecutor$Worker.run(ThreadPoolExecutor.java:641)
04-27 22:22:23.776  3149 19061 W TapAndPay: 	at ydk.run(:com.google.android.gms@221215028@22.12.15 (100400-439420056):0)
04-27 22:22:23.776  3149 19061 W TapAndPay: 	at java.lang.Thread.run(Thread.java:919)
04-27 22:22:23.777  2658  3182 V Avrcp_ext: isMusicActive: false getBluetoothPlayState: 2
04-27 22:22:23.777  2658  3182 V Avrcp_ext: updateCurrentMediaState: isPlaying = false
04-27 22:22:23.777  2658  3182 V Avrcp_ext: Media update: id -1-1? [MediaAttributes: none] : [MediaAttributes: none]
04-27 22:22:23.777  2658  3182 V Avrcp_ext: newPlayStatus:2mReportedPlayStatus:-1
04-27 22:22:23.777  2658  3182 V Avrcp_ext: updatePlaybackState, state: PlaybackState {state=2, position=-1, buffered position=0, speed=0.0, updated=2099577, actions=0, custom actions=[], active item id=-1, error=null} device: null
04-27 22:22:23.777  2658  3182 V Avrcp_ext: Device: no name: 
04-27 22:22:23.777  2658  3182 I chatty  : uid=1002(bluetooth) BluetoothAvrcpH identical 6 lines
04-27 22:22:23.777  2658  3182 V Avrcp_ext: Device: no name: 
04-27 22:22:23.777  2658  3182 V Avrcp_ext: updatePlayerStateAndPosition, old=PlaybackState {state=2, position=-1, buffered position=0, speed=0.0, updated=2068308, actions=0, custom actions=[], active item id=-1, error=null}, state=PlaybackState {state=2, position=-1, buffered position=0, speed=0.0, updated=2099577, actions=0, custom actions=[], active item id=-1, error=null}
04-27 22:22:23.777  2658  3182 V Avrcp_ext: old state = PlaybackState {state=2, position=-1, buffered position=0, speed=0.0, updated=2068308, actions=0, custom actions=[], active item id=-1, error=null}, new state= PlaybackState {state=2, position=-1, buffered position=0, speed=0.0, updated=2099577, actions=0, custom actions=[], active item id=-1, error=null}
04-27 22:22:23.777  2658  3182 D HeadsetService: getHeadsetService(): returning com.android.bluetooth.hfp.HeadsetService@dc839dc
04-27 22:22:23.778   924   924 I netd    : tetherGetStats() <0.91ms>
04-27 22:22:23.779  2678  2678 V MediaRouter: Selecting route: RouteInfo{ name=Telefoon, description=null, status=null, category=RouteCategory{ name=Systeem types=ROUTE_TYPE_LIVE_AUDIO ROUTE_TYPE_LIVE_VIDEO  groupable=false }, supportedTypes=ROUTE_TYPE_LIVE_AUDIO ROUTE_TYPE_LIVE_VIDEO , presentationDisplay=null }
04-27 22:22:23.779  2658  3182 D HeadsetService:  isAudioOn: The number of audio connected devices 0
04-27 22:22:23.779  2658  3182 D HeadsetService: isScoOrCallActive(): Call Active:falseCall is Ringing:falseSCO is Active:false
04-27 22:22:23.780  2658  3182 D HeadsetService:  isAudioOn: The number of audio connected devices 0
04-27 22:22:23.780  2658  3182 I Avrcp_ext: updatePlayStatusForDevice: device: null
04-27 22:22:23.780  1113  2617 I hash_map_utils: key: 'is_hw_dec_session_available' value: 'audio/vorbis'
04-27 22:22:23.780  2658  3182 V Avrcp_ext: updatePlaybackState (1): old=PlaybackState {state=2, position=-1, buffered position=0, speed=0.0, updated=2068308, actions=0, custom actions=[], active item id=-1, error=null}(2), new=PlaybackState {state=2, position=-1, buffered position=0, speed=0.0, updated=2099577, actions=0, custom actions=[], active item id=-1, error=null}(2)
04-27 22:22:23.780  2658  3182 I Avrcp_ext: Exit updatePlayStatusForDevice
04-27 22:22:23.781  2658  3182 D HeadsetService:  isAudioOn: The number of audio connected devices 0
04-27 22:22:23.781  2658  3182 D HeadsetService: isScoOrCallActive(): Call Active:falseCall is Ringing:falseSCO is Active:false
04-27 22:22:23.782  2658  3182 D HeadsetService:  isAudioOn: The number of audio connected devices 0
04-27 22:22:23.782  2658  3182 I Avrcp_ext: updatePlayStatusForDevice: device: null
04-27 22:22:23.782  2658  3182 V Avrcp_ext: updatePlaybackState (1): old=PlaybackState {state=2, position=-1, buffered position=0, speed=0.0, updated=2068308, actions=0, custom actions=[], active item id=-1, error=null}(2), new=PlaybackState {state=2, position=-1, buffered position=0, speed=0.0, updated=2099577, actions=0, custom actions=[], active item id=-1, error=null}(2)
04-27 22:22:23.782  2658  3182 I Avrcp_ext: Exit updatePlayStatusForDevice
04-27 22:22:23.783  2658  3182 D HeadsetService:  isAudioOn: The number of audio connected devices 0
04-27 22:22:23.783  2658  3182 D HeadsetService: isScoOrCallActive(): Call Active:falseCall is Ringing:falseSCO is Active:false
04-27 22:22:23.783  1276 20403 I MediaCodec: (0xf1c9f000) init name(OMX.google.vorbis.decoder)
04-27 22:22:23.783  3149 19061 I NetworkScheduler.Stats: Task com.google.android.gms/com.google.android.gms.tapandpay.gcmtask.TapAndPayGcmTaskService finished executing. cause:6 result: 3 elapsed_millis: 45 uptime_millis: 45 exec_start_elapsed_seconds: 2099 [CONTEXT service_id=218 ]
04-27 22:22:23.784   924   924 I netd    : trafficSwapActiveStatsMap() <0.92ms>
04-27 22:22:23.785  2658  3182 D HeadsetService:  isAudioOn: The number of audio connected devices 0
04-27 22:22:23.785  2658  3182 I Avrcp_ext: updatePlayStatusForDevice: device: null
04-27 22:22:23.785  2658  3182 V Avrcp_ext: updatePlaybackState (1): old=PlaybackState {state=2, position=-1, buffered position=0, speed=0.0, updated=2068308, actions=0, custom actions=[], active item id=-1, error=null}(2), new=PlaybackState {state=2, position=-1, buffered position=0, speed=0.0, updated=2099577, actions=0, custom actions=[], active item id=-1, error=null}(2)
04-27 22:22:23.785  2658  3182 I Avrcp_ext: Exit updatePlayStatusForDevice
04-27 22:22:23.786   924   924 I netd    : tetherGetStats() <0.90ms>
04-27 22:22:23.786  2658  3182 D HeadsetService:  isAudioOn: The number of audio connected devices 0
04-27 22:22:23.786  2658  3182 D HeadsetService: isScoOrCallActive(): Call Active:falseCall is Ringing:falseSCO is Active:false
04-27 22:22:23.786  2658  3182 D HeadsetService:  isAudioOn: The number of audio connected devices 0
04-27 22:22:23.786  2658  3182 I Avrcp_ext: updatePlayStatusForDevice: device: null
04-27 22:22:23.787  2658  3182 V Avrcp_ext: updatePlaybackState (1): old=PlaybackState {state=2, position=-1, buffered position=0, speed=0.0, updated=2068308, actions=0, custom actions=[], active item id=-1, error=null}(2), new=PlaybackState {state=2, position=-1, buffered position=0, speed=0.0, updated=2099577, actions=0, custom actions=[], active item id=-1, error=null}(2)
04-27 22:22:23.787  2658  3182 I Avrcp_ext: Exit updatePlayStatusForDevice
04-27 22:22:23.787  2658  3182 D HeadsetService:  isAudioOn: The number of audio connected devices 0
04-27 22:22:23.787  2658  3182 D HeadsetService: isScoOrCallActive(): Call Active:falseCall is Ringing:falseSCO is Active:false
04-27 22:22:23.788  2658  3182 D HeadsetService:  isAudioOn: The number of audio connected devices 0
04-27 22:22:23.788  2658  3182 I Avrcp_ext: updatePlayStatusForDevice: device: null
04-27 22:22:23.788  2658  3182 V Avrcp_ext: updatePlaybackState (1): old=PlaybackState {state=2, position=-1, buffered position=0, speed=0.0, updated=2068308, actions=0, custom actions=[], active item id=-1, error=null}(2), new=PlaybackState {state=2, position=-1, buffered position=0, speed=0.0, updated=2099577, actions=0, custom actions=[], active item id=-1, error=null}(2)
04-27 22:22:23.788  2658  3182 I Avrcp_ext: Exit updatePlayStatusForDevice
04-27 22:22:23.788  2658  3182 D Avrcp_ext: Enter sendPlayPosNotificationRsp
04-27 22:22:23.788  2658  3182 D Avrcp_ext: sendPlayPosNotificationRsp: Not registered or requesting.
04-27 22:22:23.788  2658  3182 D Avrcp_ext: Enter sendPlayPosNotificationRsp
04-27 22:22:23.788  2658  3182 D Avrcp_ext: sendPlayPosNotificationRsp: Not registered or requesting.
04-27 22:22:23.788  2658  3182 D Avrcp_ext: Enter sendPlayPosNotificationRsp
04-27 22:22:23.788  2658  3182 D Avrcp_ext: sendPlayPosNotificationRsp: Not registered or requesting.
04-27 22:22:23.788  2658  3182 D Avrcp_ext: Enter sendPlayPosNotificationRsp
04-27 22:22:23.788  2658  3182 D Avrcp_ext: sendPlayPosNotificationRsp: Not registered or requesting.
04-27 22:22:23.788  2658  3182 D Avrcp_ext: Enter sendPlayPosNotificationRsp
04-27 22:22:23.788  2658  3182 D Avrcp_ext: sendPlayPosNotificationRsp: Not registered or requesting.
04-27 22:22:23.788  2658  3182 V Avrcp_ext: Exit updatePlayerStateAndPosition
04-27 22:22:23.790  1276 20404 I OMXClient: IOmx service obtained
04-27 22:22:23.790  1293  1397 I OMXMaster: makeComponentInstance(OMX.google.vorbis.decoder) in android.hardwar process
04-27 22:22:23.792  1276 20404 I MediaCodec: (0xf1c9f000) Component Allocated (OMX.google.vorbis.decoder)
04-27 22:22:23.792  1276 20403 I MediaCodec: (0xf1c9f000) configure surface(0x0) crypto(0x0) flags(0)
04-27 22:22:23.792  1276 20403 D MediaCodec: (0xf1c9f000) configure format: AMessage(what = 0x00000000) = {
04-27 22:22:23.792  1276 20403 D MediaCodec:       string mime = "audio/vorbis"
04-27 22:22:23.792  1276 20403 D MediaCodec:       int64_t durationUs = 1567551
04-27 22:22:23.792  1276 20403 D MediaCodec:       Buffer csd-0 = {
04-27 22:22:23.792  1276 20403 D MediaCodec:         00000000:  01 76 6f 72 62 69 73 00  00 00 00 01 44 ac 00 00  .vorbis.....D...
04-27 22:22:23.792  1276 20403 D MediaCodec:         00000010:  00 00 00 00 80 38 01 00  00 00 00 00 b8 01        .....8........
04-27 22:22:23.792  1276 20403 D MediaCodec:       }
04-27 22:22:23.792  1276 20403 D MediaCodec:       Buffer *csd-1 = 0xf6118108
04-27 22:22:23.792  1276 20403 D MediaCodec:       int32_t bitrate = 80000
04-27 22:22:23.792  1276 20403 D MediaCodec:       int32_t channel-count = 1
04-27 22:22:23.792  1276 20403 D MediaCodec:       int32_t sample-rate = 44100
04-27 22:22:23.792  1276 20403 D MediaCodec:       int32_t channel-mask = 1
04-27 22:22:23.792  1276 20403 D MediaCodec:       int32_t priority = 0
04-27 22:22:23.792  1276 20403 D MediaCodec:     }
04-27 22:22:23.792  3649  3649 D BoundBrokerSvc: onUnbind: Intent { act=com.google.android.gms.common.BIND_SHARED_PREFS pkg=com.google.android.gms }
04-27 22:22:23.792  1293  2453 E OMXNodeInstance: setConfig(0xee81fd80:google.vorbis.decoder, ConfigPriority(0x6f800002)) ERROR: Undefined(0x80001001)
04-27 22:22:23.793  1276 20404 I ACodec  : codec does not support config priority (err -2147483648)
04-27 22:22:23.793  1293  2509 E OMXNodeInstance: getConfig(0xee81fd80:google.vorbis.decoder, ConfigAndroidVendorExtension(0x6f100004)) ERROR: Undefined(0x80001001)
04-27 22:22:23.793  1276 20404 I MediaCodec: MediaCodec will operate in async mode
04-27 22:22:23.793  1276 20403 I MediaCodec: (0xf1c9f000) start
04-27 22:22:23.804  1033  3131 I vendor.qti.bluetooth@1.0-ibs_handler: ProcessIbsCmd: Received IBS_SLEEP_IND: 0xFE
04-27 22:22:23.809  1276 20404 I MediaCodec: (0xf1c9f000) kWhatStartCompleted
04-27 22:22:23.812  3721  3735 W System  : A resource failed to call close. 
04-27 22:22:23.812  3721  3735 W System  : A resource failed to call close. 
04-27 22:22:23.821  2643  2821 I WifiHAL : event received NL80211_CMD_VENDOR, vendor_id = 0x1374, subcmd = 0xd
04-27 22:22:23.823  1276 20404 D MediaCodec: (0xf1c9f000) kWhatOutputBuffersChanged
04-27 22:22:23.827  1113  1113 D AudioFlinger: Client defaulted notificationFrames to 11025 for frameCount 22050
04-27 22:22:23.828  1113  1113 D AF::TrackHandle: OpPlayAudio: track:64 usage:13 not muted
04-27 22:22:23.829  1113  2617 D AudioFlinger: AudioFlinger::registerAudioTrackClient AudioClient uid 10144, pid 2678
04-27 22:22:23.831  1113  1228 D APM_AudioPolicyManager: startOutput() output 13, stream 1, session 273
04-27 22:22:23.834  1029  3811 V msm8974_platform: platform_get_output_snd_device: enter: output devices(0x2)
04-27 22:22:23.834  1029  3811 V msm8974_platform: platform_get_output_snd_device: exit: snd_device(speaker)
04-27 22:22:23.834  1029  3811 V msm8974_platform: platform_get_backend_index:napb: backend port - 0 device - 2 
04-27 22:22:23.834  1029  3811 V msm8974_platform: platform_check_and_set_playback_backend_cfg: usecase->stream.out->config.format (0)
04-27 22:22:23.834  1029  3811 V msm8974_platform: platform_check_and_set_playback_backend_cfg:becf: afe: bitwidth 16, samplerate 48000 channels 2, backend_idx 0 usecase = 1 device (speaker)
04-27 22:22:23.834  1029  3811 V msm8974_platform: platform_check_and_set_playback_backend_cfg: new_snd_devices[0] is 2
04-27 22:22:23.834  1029  3811 V msm8974_platform: platform_get_backend_index:napb: backend port - 0 device - 2 
04-27 22:22:23.834  1029  3811 V msm8974_platform: platform_check_playback_backend_cfg:becf: afe: bitwidth 16, samplerate 48000 channels 2, backend_idx 0 usecase = 1 device (speaker)
04-27 22:22:23.834  1029  3811 V msm8974_platform: platform_check_playback_backend_cfg:becf: afe: Codec selected backend: 0 updated bit width: 16 andsample rate: 48000
04-27 22:22:23.834  1029  3811 V msm8974_platform: platform_send_audio_calibration: sending audio calibration for snd_device(2) acdb_id(14)
04-27 22:22:23.834  1029  3811 D ACDB-LOADER: ACDB -> send_audio_cal, acdb_id = 14, path = 0, app id = 0x11130, sample rate = 48000, afe_sample_rate = 48000
04-27 22:22:23.834  1029  3811 D ACDB-LOADER: ACDB -> send_asm_topology
04-27 22:22:23.834  1029  3811 D ACDB-LOADER: ACDB -> ACDB_CMD_GET_AUDPROC_STREAM_TOPOLOGY_ID
04-27 22:22:23.834  1029  3811 D ACDB-LOADER: ACDB -> send_adm_topology
04-27 22:22:23.834  1029  3811 D ACDB-LOADER: ACDB -> ACDB_CMD_GET_AUDPROC_COMMON_TOPOLOGY_ID
04-27 22:22:23.835  1029  3811 D ACDB-LOADER: ACDB -> send_audtable
04-27 22:22:23.835  1029  3811 D ACDB-LOADER: ACDB -> ACDB_CMD_GET_AUDPROC_INSTANCE_COMMON_TABLE_SIZE
04-27 22:22:23.835  1029  3811 D ACDB-LOADER: ACDB -> ACDB_CMD_GET_AUDPROC_INSTANCE_COMMON_TABLE
04-27 22:22:23.835  1029  3811 D ACDB-LOADER: ACDB -> AUDIO_SET_AUDPROC_CAL cal_type[11] acdb_id[14] app_type[69936]
04-27 22:22:23.835  1029  3811 D ACDB-LOADER: ACDB -> ACDB_CMD_GET_PERSISTENT_AUDPROC_INSTANCE_COMMON_TABLE_SIZE
04-27 22:22:23.835  1029  3811 D         : ACDBFILE_MGR: Property for the pid 000133B7 not found
04-27 22:22:23.835  1029  3811 D         : [Data Manager] -> Failed to fetch the property info for pid 000133B7 
04-27 22:22:23.835  1029  3811 D         : ACDBFILE_MGR: Property for the pid 000133B7 not found
04-27 22:22:23.835  1029  3811 D         : [Data Manager] -> Failed to fetch the property info for pid 000133B7 
04-27 22:22:23.835  1029  3811 D         : ACDBFILE_MGR: Property for the pid 000133B7 not found
04-27 22:22:23.835  1029  3811 D         : [Data Manager] -> Failed to fetch the property info for pid 000133B7 
04-27 22:22:23.835  1029  3811 D         : ACDBFILE_MGR: Property for the pid 000133B7 not found
04-27 22:22:23.835  1029  3811 D         : [Data Manager] -> Failed to fetch the property info for pid 000133B7 
04-27 22:22:23.835  1029  3811 D         : ACDBFILE_MGR: Property for the pid 000133B7 not found
04-27 22:22:23.835  1029  3811 D         : [Data Manager] -> Failed to fetch the property info for pid 000133B7 
04-27 22:22:23.835  1029  3811 D         : ACDBFILE_MGR: Property for the pid 000133B7 not found
04-27 22:22:23.835  1029  3811 D         : [Data Manager] -> Failed to fetch the property info for pid 000133B7 
04-27 22:22:23.835  1029  3811 D         : ACDBFILE_MGR: Property for the pid 000133B7 not found
04-27 22:22:23.835  1029  3811 D         : [Data Manager] -> Failed to fetch the property info for pid 000133B7 
04-27 22:22:23.835  1029  3811 D         : ACDBFILE_MGR: Property for the pid 000133B7 not found
04-27 22:22:23.835  1029  3811 D         : [Data Manager] -> Failed to fetch the property info for pid 000133B7 
04-27 22:22:23.835  1029  3811 D         : ACDBFILE_MGR: Property for the pid 000133B7 not found
04-27 22:22:23.835  1029  3811 D         : [Data Manager] -> Failed to fetch the property info for pid 000133B7 
04-27 22:22:23.835  1029  3811 D         : ACDBFILE_MGR: Property for the pid 000133B7 not found
04-27 22:22:23.835  1029  3811 D         : [Data Manager] -> Failed to fetch the property info for pid 000133B7 
04-27 22:22:23.835  1029  3811 D         : ACDBFILE_MGR: Property for the pid 000133B7 not found
04-27 22:22:23.835  1029  3811 D         : [Data Manager] -> Failed to fetch the property info for pid 000133B7 
04-27 22:22:23.835  1029  3811 D         : ACDBFILE_MGR: Property for the pid 000133B7 not found
04-27 22:22:23.835  1029  3811 D         : [Data Manager] -> Failed to fetch the property info for pid 000133B7 
04-27 22:22:23.835  1029  3811 D         : [Data Manager]-> No data found
04-27 22:22:23.835  1029  3811 D ACDB-LOADER: Error: ACDB_CMD_GET_PERSISTENT_AUDPROC_INSTANCE_COMMON_TABLE_SIZE returned -18
04-27 22:22:23.835  1029  3811 D ACDB-LOADER: ACDB -> send_audproc_persist_table -18 
04-27 22:22:23.835  1029  3811 D ACDB-LOADER: Error: Invalid Audproc persist size = -18
04-27 22:22:23.835  1029  3811 D ACDB-LOADER: ACDB -> send_audvoltable
04-27 22:22:23.835  1029  3811 D ACDB-LOADER: ACDB -> ACDB_CMD_GET_AUDPROC_INSTANCE_GAIN_DEP_STEP_TABLE_SIZE
04-27 22:22:23.835  1029  3811 D         : Failed to fetch the lookup information of the device 0000000E 
04-27 22:22:23.835  1029  3811 D ACDB-LOADER: Error: ACDB_CMD_GET_AUDPROC_INSTANCE_GAIN_DEP_STEP_TABLE_SIZE Returned = -19
04-27 22:22:23.835  1029  3811 D ACDB-LOADER: ACDB -> ACDB_CMD_GET_AUDPROC_INSTANCE_GAIN_DEP_STEP_TABLE, vol index 0
04-27 22:22:23.835  1029  3811 D         : Failed to fetch the lookup information of the device 0000000E 
04-27 22:22:23.835  1029  3811 D ACDB-LOADER: Error: ACDB AudProc vol returned = -19
04-27 22:22:23.835  1029  3811 D ACDB-LOADER: ACDB -> AUDIO_SET_VOL_CAL cal type = 12
04-27 22:22:23.835  1029  3811 D ACDB-LOADER: ACDB -> ACDB_CMD_GET_AUDPROC_INSTANCE_STREAM_TABLE_SIZE
04-27 22:22:23.835  1029  3811 D ACDB-LOADER: ACDB -> send_audstrmtable
04-27 22:22:23.835  1029  3811 D ACDB-LOADER: ACDB -> ACDB_CMD_GET_AUDPROC_INSTANCE_STREAM_TABLE
04-27 22:22:23.835  1029  3811 D ACDB-LOADER: ACDB -> audstrm_cal->cal_type.cal_data.cal_size = 536
04-27 22:22:23.835  1029  3811 D ACDB-LOADER: ACDB -> send_afe_topology
04-27 22:22:23.835  1029  3811 D ACDB-LOADER: ACDB -> ACDB_CMD_GET_AFE_TOPOLOGY_ID
04-27 22:22:23.835  1029  3811 D ACDB-LOADER: ACDB -> GET_AFE_TOPOLOGY_ID for adcd_id 14, Topology Id 1000ff01
04-27 22:22:23.835  1029  3811 D ACDB-LOADER: ACDB -> send_afe_cal
04-27 22:22:23.835  1029  3811 D ACDB-LOADER: ACDB -> ACDB_CMD_GET_AFE_INSTANCE_COMMON_TABLE_SIZE
04-27 22:22:23.835  1029  3811 D ACDB-LOADER: ACDB -> ACDB_CMD_GET_AFE_INSTANCE_COMMON_TABLE
04-27 22:22:23.835  1029  3811 D ACDB-LOADER: ACDB -> AUDIO_SET_AFE_CAL cal_type[16] acdb_id[14]
04-27 22:22:23.835  1029  3811 D ACDB-LOADER: ACDB -> send_hw_delay : acdb_id = 14 path = 0
04-27 22:22:23.835  1029  3811 D ACDB-LOADER: ACDB -> ACDB_AVSYNC_INFO: ACDB_CMD_GET_DEVICE_PROPERTY
04-27 22:22:23.835  1029  3811 V msm8974_platform: platform_send_audio_calibration: sending audio calibration for snd_device(125) acdb_id(102)
04-27 22:22:23.835  1029  3811 D ACDB-LOADER: ACDB -> send_audio_cal, acdb_id = 102, path = 1, app id = 0x11130, sample rate = 48000, afe_sample_rate = 48000
04-27 22:22:23.835  1029  3811 D ACDB-LOADER: ACDB -> send_asm_topology
04-27 22:22:23.835  1029  3811 D ACDB-LOADER: ACDB -> ACDB_CMD_GET_AUDPROC_STREAM_TOPOLOGY_ID
04-27 22:22:23.835  1029  3811 D ACDB-LOADER: ACDB -> send_adm_topology
04-27 22:22:23.835  1029  3811 D ACDB-LOADER: ACDB -> ACDB_CMD_GET_AUDPROC_COMMON_TOPOLOGY_ID
04-27 22:22:23.835  1029  3811 D ACDB-LOADER: ACDB -> send_audtable
04-27 22:22:23.835  1029  3811 D ACDB-LOADER: ACDB -> ACDB_CMD_GET_AUDPROC_INSTANCE_COMMON_TABLE_SIZE
04-27 22:22:23.835  1029  3811 D ACDB-LOADER: ACDB -> ACDB_CMD_GET_AUDPROC_INSTANCE_COMMON_TABLE
04-27 22:22:23.835  1029  3811 D ACDB-LOADER: ACDB -> AUDIO_SET_AUDPROC_CAL cal_type[11] acdb_id[102] app_type[69936]
04-27 22:22:23.835  1029  3811 D ACDB-LOADER: ACDB -> ACDB_CMD_GET_PERSISTENT_AUDPROC_INSTANCE_COMMON_TABLE_SIZE
04-27 22:22:23.835  1029  3811 D         : ACDBFILE_MGR: Property for the pid 000133B7 not found
04-27 22:22:23.835  1029  3811 D         : [Data Manager] -> Failed to fetch the property info for pid 000133B7 
04-27 22:22:23.835  1029  3811 D         : ACDBFILE_MGR: Property for the pid 000133B7 not found
04-27 22:22:23.835  1029  3811 D         : [Data Manager] -> Failed to fetch the property info for pid 000133B7 
04-27 22:22:23.836  1029  3811 D         : ACDBFILE_MGR: Property for the pid 000133B7 not found
04-27 22:22:23.836  1029  3811 D         : [Data Manager] -> Failed to fetch the property info for pid 000133B7 
04-27 22:22:23.836  1029  3811 D         : ACDBFILE_MGR: Property for the pid 000133B7 not found
04-27 22:22:23.836  1029  3811 D         : [Data Manager] -> Failed to fetch the property info for pid 000133B7 
04-27 22:22:23.836  1029  3811 D         : ACDBFILE_MGR: Property for the pid 000133B7 not found
04-27 22:22:23.836  1029  3811 D         : [Data Manager] -> Failed to fetch the property info for pid 000133B7 
04-27 22:22:23.836  1029  3811 D         : ACDBFILE_MGR: Property for the pid 000133B7 not found
04-27 22:22:23.836  1029  3811 D         : [Data Manager] -> Failed to fetch the property info for pid 000133B7 
04-27 22:22:23.836  1029  3811 D         : ACDBFILE_MGR: Property for the pid 000133B7 not found
04-27 22:22:23.836  1029  3811 D         : [Data Manager] -> Failed to fetch the property info for pid 000133B7 
04-27 22:22:23.836  1029  3811 D         : ACDBFILE_MGR: Property for the pid 000133B7 not found
04-27 22:22:23.836  1029  3811 D         : [Data Manager] -> Failed to fetch the property info for pid 000133B7 
04-27 22:22:23.836  1029  3811 D         : ACDBFILE_MGR: Property for the pid 000133B7 not found
04-27 22:22:23.836  1029  3811 D         : [Data Manager] -> Failed to fetch the property info for pid 000133B7 
04-27 22:22:23.836  1029  3811 D         : ACDBFILE_MGR: Property for the pid 000133B7 not found
04-27 22:22:23.836  1029  3811 D         : [Data Manager] -> Failed to fetch the property info for pid 000133B7 
04-27 22:22:23.836  1029  3811 D         : ACDBFILE_MGR: Property for the pid 000133B7 not found
04-27 22:22:23.836  1029  3811 D         : [Data Manager] -> Failed to fetch the property info for pid 000133B7 
04-27 22:22:23.836  1029  3811 D         : ACDBFILE_MGR: Property for the pid 000133B7 not found
04-27 22:22:23.836  1029  3811 D         : [Data Manager] -> Failed to fetch the property info for pid 000133B7 
04-27 22:22:23.836  1029  3811 D         : [Data Manager]-> No data found
04-27 22:22:23.836  1029  3811 D ACDB-LOADER: Error: ACDB_CMD_GET_PERSISTENT_AUDPROC_INSTANCE_COMMON_TABLE_SIZE returned -18
04-27 22:22:23.836  1029  3811 D ACDB-LOADER: ACDB -> send_audproc_persist_table -18 
04-27 22:22:23.836  1029  3811 D ACDB-LOADER: Error: Invalid Audproc persist size = -18
04-27 22:22:23.836  1029  3811 D ACDB-LOADER: ACDB -> ACDB_CMD_GET_AUDPROC_INSTANCE_STREAM_TABLE_SIZE
04-27 22:22:23.836  1029  3811 D ACDB-LOADER: ACDB -> send_audstrmtable
04-27 22:22:23.836  1029  3811 D ACDB-LOADER: ACDB -> ACDB_CMD_GET_AUDPROC_INSTANCE_STREAM_TABLE
04-27 22:22:23.836  1029  3811 D ACDB-LOADER: ACDB -> audstrm_cal->cal_type.cal_data.cal_size = 536
04-27 22:22:23.836  1029  3811 D ACDB-LOADER: ACDB -> send_afe_topology
04-27 22:22:23.836  1029  3811 D ACDB-LOADER: ACDB -> ACDB_CMD_GET_AFE_TOPOLOGY_ID
04-27 22:22:23.836  1029  3811 D ACDB-LOADER: ACDB -> GET_AFE_TOPOLOGY_ID for adcd_id 102, Topology Id 1000ff00
04-27 22:22:23.836  1029  3811 D ACDB-LOADER: ACDB -> send_afe_cal
04-27 22:22:23.836  1029  3811 D ACDB-LOADER: ACDB -> ACDB_CMD_GET_AFE_INSTANCE_COMMON_TABLE_SIZE
04-27 22:22:23.836  1029  3811 D ACDB-LOADER: ACDB -> ACDB_CMD_GET_AFE_INSTANCE_COMMON_TABLE
04-27 22:22:23.836  1029  3811 D ACDB-LOADER: ACDB -> AUDIO_SET_AFE_CAL cal_type[17] acdb_id[102]
04-27 22:22:23.836  1029  3811 D ACDB-LOADER: ACDB -> send_hw_delay : acdb_id = 102 path = 1
04-27 22:22:23.836  1029  3811 D ACDB-LOADER: ACDB -> ACDB_AVSYNC_INFO: ACDB_CMD_GET_DEVICE_PROPERTY
04-27 22:22:23.836  1029  3811 D audio_hw_primary: enable_snd_device: snd_device(125: vi-feedback)
04-27 22:22:23.836  1029  3811 D audio_route: Apply path: vi-feedback
04-27 22:22:23.836  1029  3811 D audio_hw_primary: enable_audio_route: usecase(26) apply and update mixer path: spkr-vi-record
04-27 22:22:23.836  1029  3811 D audio_route: Apply path: spkr-vi-record
04-27 22:22:23.846  1968  2129 D UsbDeviceManager: push notification:Dit apparaat wordt opgeladen via USB
04-27 22:22:23.853  1029  3811 D audio_hw_primary: enable_snd_device: snd_device(2: speaker)
04-27 22:22:23.853  1029  3811 D audio_route: Apply path: speaker
04-27 22:22:23.853  1029  3811 V msm8974_platform: platform_get_snd_device_backend_index: enter with device 2
04-27 22:22:23.853  1029  3811 V msm8974_platform: platform_get_backend_index:napb: backend port - 0 device - 2 
04-27 22:22:23.853  1029  3811 I audio_hw_utils: Set Audio Stream 9 App Type Cfg: app_type 69936, acdb_dev_id 14, sample_rate 48000, snd_device_be_idx 43
04-27 22:22:23.854  1029  3811 D audio_hw_primary: enable_audio_route: usecase(1) apply and update mixer path: low-latency-playback speaker
04-27 22:22:23.854  1029  3811 D audio_route: Apply path: low-latency-playback speaker
04-27 22:22:23.855  1029  1631 D MotSpeakerHelper: Speaker ON: volume 0.500000 (step 12), usecase SAFE
04-27 22:22:23.888  1029  3811 D audio_hw_primary: out_write: retry previous failed cal level set
04-27 22:22:24.763  1033  3136 I vendor.qti.bluetooth@1.0-ibs_handler: DeviceSleep: TX Awake, Sending SLEEP_IND
04-27 22:22:24.763  1033  3136 D vendor.qti.bluetooth@1.0-ibs_handler: SerialClockVote: vote for UART CLK OFF
04-27 22:22:24.924  1033  2965 D vendor.qti.bluetooth@1.0-wake_lock: Release wakelock is released 
04-27 22:22:25.038  1968  4895 I chatty  : uid=1000(system) Binder:1968_1C expire 1 line
04-27 22:22:25.039  1472  3610 I LOWI-8.6.0.75: [LOWI-Scan] lowi_close_record:Scan done in 2083596ms, 16 APs in scan results
04-27 22:22:25.043  1472  1524 I LOWI-8.6.0.75: [LOWIUtils] responseToOutPostcard - TO: FreeWifiScanObserver, FROM:   LOWI-SERVER, RESP:  LOWI_ASYNC_DISCOVERY_SCAN_RESULTS
04-27 22:22:25.043  1390  1467 V QCALOG  : [MessageQ] wait result 1
04-27 22:22:25.043  1390  1467 V QCALOG  : [MessageQueueClientInfo] LOWI-SERVER: read
04-27 22:22:25.043  1390  1467 V QCALOG  : [MessageQueueClientInfo] just read 4 bytes
04-27 22:22:25.043  1390  1467 V QCALOG  : [MessageQ] wait result 1
04-27 22:22:25.043  1390  1467 V QCALOG  : [MessageQueueClientInfo] LOWI-SERVER: read
04-27 22:22:25.043  1390  1467 V QCALOG  : [MessageQueueClientInfo] just read 15836 bytes
04-27 22:22:25.043  1390  1467 V QCALOG  : [MessageQueueClientInfo] card length 15836 + 4 bytes, current size 15840 bytes
04-27 22:22:25.043  1390  1467 V QCALOG  : [MessageQ] lookupAndDeliver delivering message to client FreeWifiScanObserver 
04-27 22:22:25.043  1390  1467 V QCALOG  : [MessageQ] wait result 1
04-27 22:22:25.043  1390  1467 V QCALOG  : [MessageQueueClientInfo] IPCMessagingProxy-1042: write
04-27 22:22:25.044  1390  1467 D QCALOG  : [MessageQueueClientInfo] write to [IPCMessagingProxy-1042], 15840 bytes finished, 0 bytes left
04-27 22:22:25.056  2761  2761 I wpa_supplicant: wlan0: GAS-QUERY-START addr=88:ac:c0:68:c5:b1 dialog_token=44 freq=2462
04-27 22:22:25.059  1968  2562 I chatty  : uid=1000(system) ClientModeImpl expire 10 lines
04-27 22:22:25.062  2761  2761 I wpa_supplicant: wlan0: GAS-QUERY-START addr=88:ac:c0:6c:0a:e1 dialog_token=45 freq=2462
04-27 22:22:25.065  2761  2761 I wpa_supplicant: wlan0: GAS-QUERY-START addr=98:0d:67:3e:b1:21 dialog_token=46 freq=2412
04-27 22:22:25.187  1276 20402 D AudioTrack: stop(30): called with 69129 frames delivered
04-27 22:22:25.533  4265  4420 D DynamicVolume-DynamicVolumeService: onPlaybackConfigChanged configs size=3
04-27 22:22:25.533  2658  3182 D Avrcp_ext: AudioManager Player: ID:23 -- type:android.media.SoundPool -- u/pid:1000/1968 -- state:idle -- attr:AudioAttributes: usage=USAGE_ASSISTANCE_SONIFICATION content=CONTENT_TYPE_SONIFICATION flags=0x800 tags= bundle=null
04-27 22:22:25.534  2658  3182 D Avrcp_ext: AudioManager Player: ID:55 -- type:android.media.SoundPool -- u/pid:10144/2678 -- state:idle -- attr:AudioAttributes: usage=USAGE_ASSISTANCE_SONIFICATION content=CONTENT_TYPE_SONIFICATION flags=0x800 tags= bundle=null
04-27 22:22:25.534  2658  3182 D Avrcp_ext: AudioManager Player: ID:215 -- type:android.media.MediaPlayer -- u/pid:10144/2678 -- state:stopped -- attr:AudioAttributes: usage=USAGE_ASSISTANCE_SONIFICATION content=CONTENT_TYPE_SONIFICATION flags=0x800 tags= bundle=null
04-27 22:22:25.534  2658  3182 D Avrcp_ext: AudioManager isPlaying: false
04-27 22:22:25.534  2658  3182 V Avrcp_ext: updateCurrentMediaState: mMediaController: null
04-27 22:22:25.535  2658  3182 V Avrcp_ext: isMusicActive: false getBluetoothPlayState: 2
04-27 22:22:25.535  2658  3182 V Avrcp_ext: updateCurrentMediaState: isPlaying = false
04-27 22:22:25.535  2658  3182 V Avrcp_ext: Media update: id -1-1? [MediaAttributes: none] : [MediaAttributes: none]
04-27 22:22:25.536  2658  3182 V Avrcp_ext: newPlayStatus:2mReportedPlayStatus:-1
04-27 22:22:25.536  2658  3182 V Avrcp_ext: updatePlaybackState, state: PlaybackState {state=2, position=-1, buffered position=0, speed=0.0, updated=2101336, actions=0, custom actions=[], active item id=-1, error=null} device: null
04-27 22:22:25.536  2658  3182 V Avrcp_ext: Device: no name: 
04-27 22:22:25.536  2658  3182 V Avrcp_ext: Device: no name: 
04-27 22:22:25.536  2658  3182 V Avrcp_ext: updatePlayerStateAndPosition, old=PlaybackState {state=2, position=-1, buffered position=0, speed=0.0, updated=2099577, actions=0, custom actions=[], active item id=-1, error=null}, state=PlaybackState {state=2, position=-1, buffered position=0, speed=0.0, updated=2101336, actions=0, custom actions=[], active item id=-1, error=null}
04-27 22:22:25.536  2658  3182 V Avrcp_ext: old state = PlaybackState {state=2, position=-1, buffered position=0, speed=0.0, updated=2099577, actions=0, custom actions=[], active item id=-1, error=null}, new state= PlaybackState {state=2, position=-1, buffered position=0, speed=0.0, updated=2101336, actions=0, custom actions=[], active item id=-1, error=null}
04-27 22:22:25.536  2658  3182 D HeadsetService: getHeadsetService(): returning com.android.bluetooth.hfp.HeadsetService@dc839dc
04-27 22:22:25.539  2658  3182 D HeadsetService:  isAudioOn: The number of audio connected devices 0
04-27 22:22:25.539  2658  3182 D HeadsetService: isScoOrCallActive(): Call Active:falseCall is Ringing:falseSCO is Active:false
04-27 22:22:25.540  2658  3182 D HeadsetService:  isAudioOn: The number of audio connected devices 0
04-27 22:22:25.540  2658  3182 I Avrcp_ext: updatePlayStatusForDevice: device: null
04-27 22:22:25.541  2658  3182 V Avrcp_ext: updatePlaybackState (1): old=PlaybackState {state=2, position=-1, buffered position=0, speed=0.0, updated=2099577, actions=0, custom actions=[], active item id=-1, error=null}(2), new=PlaybackState {state=2, position=-1, buffered position=0, speed=0.0, updated=2101336, actions=0, custom actions=[], active item id=-1, error=null}(2)
04-27 22:22:25.541  2658  3182 I Avrcp_ext: Exit updatePlayStatusForDevice
04-27 22:22:25.541  2658  3182 D HeadsetService:  isAudioOn: The number of audio connected devices 0
04-27 22:22:25.541  2658  3182 D HeadsetService: isScoOrCallActive(): Call Active:falseCall is Ringing:falseSCO is Active:false
04-27 22:22:25.542  2658  3182 D HeadsetService:  isAudioOn: The number of audio connected devices 0
04-27 22:22:25.542  2658  3182 I Avrcp_ext: updatePlayStatusForDevice: device: null
04-27 22:22:25.542  2658  3182 V Avrcp_ext: updatePlaybackState (1): old=PlaybackState {state=2, position=-1, buffered position=0, speed=0.0, updated=2099577, actions=0, custom actions=[], active item id=-1, error=null}(2), new=PlaybackState {state=2, position=-1, buffered position=0, speed=0.0, updated=2101336, actions=0, custom actions=[], active item id=-1, error=null}(2)
04-27 22:22:25.542  2658  3182 I Avrcp_ext: Exit updatePlayStatusForDevice
04-27 22:22:25.547  2658  3182 D HeadsetService:  isAudioOn: The number of audio connected devices 0
04-27 22:22:25.547  2658  3182 D HeadsetService: isScoOrCallActive(): Call Active:falseCall is Ringing:falseSCO is Active:false
04-27 22:22:25.548  2658  3182 D HeadsetService:  isAudioOn: The number of audio connected devices 0
04-27 22:22:25.548  2658  3182 I Avrcp_ext: updatePlayStatusForDevice: device: null
04-27 22:22:25.548  2658  3182 V Avrcp_ext: updatePlaybackState (1): old=PlaybackState {state=2, position=-1, buffered position=0, speed=0.0, updated=2099577, actions=0, custom actions=[], active item id=-1, error=null}(2), new=PlaybackState {state=2, position=-1, buffered position=0, speed=0.0, updated=2101336, actions=0, custom actions=[], active item id=-1, error=null}(2)
04-27 22:22:25.548  2658  3182 I Avrcp_ext: Exit updatePlayStatusForDevice
04-27 22:22:25.549  2658  3182 D HeadsetService:  isAudioOn: The number of audio connected devices 0
04-27 22:22:25.549  2658  3182 D HeadsetService: isScoOrCallActive(): Call Active:falseCall is Ringing:falseSCO is Active:false
04-27 22:22:25.549  2658  3182 D HeadsetService:  isAudioOn: The number of audio connected devices 0
04-27 22:22:25.550  2658  3182 I Avrcp_ext: updatePlayStatusForDevice: device: null
04-27 22:22:25.550  2658  3182 V Avrcp_ext: updatePlaybackState (1): old=PlaybackState {state=2, position=-1, buffered position=0, speed=0.0, updated=2099577, actions=0, custom actions=[], active item id=-1, error=null}(2), new=PlaybackState {state=2, position=-1, buffered position=0, speed=0.0, updated=2101336, actions=0, custom actions=[], active item id=-1, error=null}(2)
04-27 22:22:25.550  2658  3182 I Avrcp_ext: Exit updatePlayStatusForDevice
04-27 22:22:25.551  2658  3182 D HeadsetService:  isAudioOn: The number of audio connected devices 0
04-27 22:22:25.551  2658  3182 D HeadsetService: isScoOrCallActive(): Call Active:falseCall is Ringing:falseSCO is Active:false
04-27 22:22:25.552  1113  1222 D APM_AudioPolicyManager: stopOutput() output 13, stream 1, session 273
04-27 22:22:25.553  2658  3182 D HeadsetService:  isAudioOn: The number of audio connected devices 0
04-27 22:22:25.553  2658  3182 I Avrcp_ext: updatePlayStatusForDevice: device: null
04-27 22:22:25.555  2658  3182 V Avrcp_ext: updatePlaybackState (1): old=PlaybackState {state=2, position=-1, buffered position=0, speed=0.0, updated=2099577, actions=0, custom actions=[], active item id=-1, error=null}(2), new=PlaybackState {state=2, position=-1, buffered position=0, speed=0.0, updated=2101336, actions=0, custom actions=[], active item id=-1, error=null}(2)
04-27 22:22:25.555  2658  3182 I Avrcp_ext: Exit updatePlayStatusForDevice
04-27 22:22:25.555  2658  3182 D Avrcp_ext: Enter sendPlayPosNotificationRsp
04-27 22:22:25.555  2658  3182 D Avrcp_ext: sendPlayPosNotificationRsp: Not registered or requesting.
04-27 22:22:25.555  2658  3182 D Avrcp_ext: Enter sendPlayPosNotificationRsp
04-27 22:22:25.555  2658  3182 D Avrcp_ext: sendPlayPosNotificationRsp: Not registered or requesting.
04-27 22:22:25.555  2658  3182 D Avrcp_ext: Enter sendPlayPosNotificationRsp
04-27 22:22:25.555  2658  3182 D Avrcp_ext: sendPlayPosNotificationRsp: Not registered or requesting.
04-27 22:22:25.555  2658  3182 D Avrcp_ext: Enter sendPlayPosNotificationRsp
04-27 22:22:25.555  2658  3182 D Avrcp_ext: sendPlayPosNotificationRsp: Not registered or requesting.
04-27 22:22:25.555  2658  3182 D Avrcp_ext: Enter sendPlayPosNotificationRsp
04-27 22:22:25.555  2658  3182 D Avrcp_ext: sendPlayPosNotificationRsp: Not registered or requesting.
04-27 22:22:25.555  2658  3182 V Avrcp_ext: Exit updatePlayerStateAndPosition
04-27 22:22:25.751   924 20411 E ResolverController: No valid NAT64 prefix (100, <unspecified>/0)
04-27 22:22:25.826  2643  2821 I WifiHAL : event received NL80211_CMD_VENDOR, vendor_id = 0x1374, subcmd = 0xd
04-27 22:22:26.236  1968  2129 D UsbDeviceManager: Clear notification
04-27 22:22:26.240  1968  2129 D UsbDeviceManager: applyOemOverride usbfunctions=adb bootmode=normal
04-27 22:22:26.600  1030 19882 I chatty  : uid=1000(system) 13_see expire 7 lines
04-27 22:22:26.881  1968  2129 D UsbDeviceManager: push notification:Dit apparaat wordt opgeladen via USB
04-27 22:22:27.070  2761  2761 I wpa_supplicant: wlan0: GAS-QUERY-DONE addr=88:ac:c0:68:c5:b1 dialog_token=44 freq=2462 status_code=0 result=TIMEOUT
04-27 22:22:27.070  2761  2761 I wpa_supplicant: wlan0: ANQP-QUERY-DONE addr=88:ac:c0:68:c5:b1 result=FAILURE
04-27 22:22:27.287  1708 20388 I adbd    : USB event: FUNCTIONFS_ENABLE
04-27 22:22:27.591  1708  1708 I adbd    : UsbFfs: already offline
04-27 22:22:27.592  1708  1708 I adbd    : Calling send_auth_request...
04-27 22:22:27.599  1708  1708 I adbd    : Calling send_auth_request...
04-27 22:22:27.605  1968  3381 D AdbDebuggingManager: Received public key: QAAAAFWXpn8DUkd8Vq0ghyVg8PBforfX/oIZymkL+NvurYwDGoe+Ih8JyXvEzqJcVSe/Wp0OABOxFQzKSUUeI/i6hKy8IaHOuAt0KB2Dsl5t5xfwHFNEqOCoWhOExpo+NVGPr24/JmasShPIhRiZBP6QgHl631hD55y3R234kQpv88QCz9L1DspYHxKx5iCb1uBMa8WO7u8x5tz21qCW9F/Cyt3YWVda4I7m6QYyGTQU0/UzLy//R1YiPDdW6j7UH4QL5uA9SYGF9q6b7IXZo2k3IRvjV+b8bM9s38n/5p5qsy4lqyYvDWBXdCCwgXGWkfyKKDUXIiNEYbvsuVRqLqKZ3MZDECCv/+w2K2Ytxt1w5ZjrJMLtXqYzVL/2DCDPIKrCjr5MWWE6iGbC57ZpgJyNYnuGpQPdoi/C11otT75U55/sr0DSWzDI9y7y0rP+kbgM9FXc7nYsMFNDbQ9nJjpzv6NVxmYzw82rY1DQRprRJVgNGqz9n/to5FRj/1BcuhEyEiKcvkC1hKfq8RTVAdZRlIo9KCwu9GAA5v1n4V82JlJXYAmqmAv+fDsjgorQjr8mdRCq4sCVy8rMwlDBL6trdPut7zk3iMzcMJVi3iwSExI0vtnmg4ouZ9ACAJaQnftXjSLk7uEEwdsiQeb+SqDU7y5iAwgYvH03Jhf+PDVC3R3bMf3LGgEAAQA= keu@keuDell
04-27 22:22:27.606  1968  2129 D AdbDebuggingManager: Logging key QAAAAFWXpn8DUkd8Vq0ghyVg8PBforfX/oIZymkL+NvurYwDGoe+Ih8JyXvEzqJcVSe/Wp0OABOxFQzKSUUeI/i6hKy8IaHOuAt0KB2Dsl5t5xfwHFNEqOCoWhOExpo+NVGPr24/JmasShPIhRiZBP6QgHl631hD55y3R234kQpv88QCz9L1DspYHxKx5iCb1uBMa8WO7u8x5tz21qCW9F/Cyt3YWVda4I7m6QYyGTQU0/UzLy//R1YiPDdW6j7UH4QL5uA9SYGF9q6b7IXZo2k3IRvjV+b8bM9s38n/5p5qsy4lqyYvDWBXdCCwgXGWkfyKKDUXIiNEYbvsuVRqLqKZ3MZDECCv/+w2K2Ytxt1w5ZjrJMLtXqYzVL/2DCDPIKrCjr5MWWE6iGbC57ZpgJyNYnuGpQPdoi/C11otT75U55/sr0DSWzDI9y7y0rP+kbgM9FXc7nYsMFNDbQ9nJjpzv6NVxmYzw82rY1DQRprRJVgNGqz9n/to5FRj/1BcuhEyEiKcvkC1hKfq8RTVAdZRlIo9KCwu9GAA5v1n4V82JlJXYAmqmAv+fDsjgorQjr8mdRCq4sCVy8rMwlDBL6trdPut7zk3iMzcMJVi3iwSExI0vtnmg4ouZ9ACAJaQnftXjSLk7uEEwdsiQeb+SqDU7y5iAwgYvH03Jhf+PDVC3R3bMf3LGgEAAQA= keu@keuDell, state = 1, alwaysAllow = false, lastConnectionTime = 0, authWindow = 604800000
04-27 22:22:27.607  1968  2129 I ActivityTaskManager: START u0 {flg=0x10000000 cmp=com.android.systemui/.usb.UsbDebuggingActivity (has extras)} from uid 1000
04-27 22:22:27.608  1968  2129 D ActivityTaskManager: getPreferredLaunchDisplay userset_displayid false current displayId 0 paramsprefer_displayid 0
04-27 22:22:27.608  1968  2129 I chatty  : uid=1000(system) android.fg identical 1 line
04-27 22:22:27.612  1968  2129 D ActivityTaskManager: getPreferredLaunchDisplay userset_displayid false current displayId 0 paramsprefer_displayid 0
04-27 22:22:27.617  1968  2129 D WindowManager: display 0 setAppTransitionState 0
04-27 22:22:27.619  9526  9645 D MCLOG   : [MC_TriggerHelper] PauseResumeTrigger
04-27 22:22:27.622  1968  4141 D WindowManager: display 0 setAppTransitionState 0
04-27 22:22:27.624  2678  2678 W ActivityThread: handleWindowVisibility: no activity for token android.os.BinderProxy@cd8e665
04-27 22:22:27.625  9526  9645 D MCLOG   : [MC_TriggerHelper] PauseResumeTrigger
04-27 22:22:27.625  1968  4141 V WindowManager: Changing focus from Window{c47334e u0 com.motorola.launcher3/com.android.launcher3.CustomizationPanelLauncher} to null displayId=0
04-27 22:22:27.626  1968  4141 D WindowManager: display 0 setAppTransitionState 1
04-27 22:22:27.651  1968  4136 E WindowManager: App trying to use insecure INPUT_FEATURE_NO_INPUT_CHANNEL flag. Ignoring
04-27 22:22:27.663  1968  4895 V WindowManager: Changing focus from null to Window{8cd7ed8 u0 com.android.systemui/com.android.systemui.usb.UsbDebuggingActivity} displayId=0
04-27 22:22:27.675  1968  2135 I LaunchCheckinHandler: Displayed com.android.systemui/.usb.UsbDebuggingActivity,wp,ca,53
04-27 22:22:27.675  1968  2135 I WindowManager: Window drawn AppWindowToken{7facf9 token=Token{9077c0 ActivityRecord{d242543 u0 com.android.systemui/.usb.UsbDebuggingActivity t16}}}
04-27 22:22:27.676  1968  2135 D WindowManager: display 0 setAppTransitionState 2
04-27 22:22:27.676  1968  2135 D WindowManager: display 0 setAppTransitionState 0
04-27 22:22:27.679  1968  2135 I WindowManager:   SURFACE show Surface(name=com.android.systemui/com.android.systemui.usb.UsbDebuggingActivity)/@0xf350231 on display:0: com.android.systemui/com.android.systemui.usb.UsbDebuggingActivity
04-27 22:22:27.681  1968  2147 I ActivityTaskManager: Displayed com.android.systemui/.usb.UsbDebuggingActivity: +68ms
04-27 22:22:27.826  2643  2821 I WifiHAL : event received NL80211_CMD_VENDOR, vendor_id = 0x1374, subcmd = 0xd
04-27 22:22:28.524  1029  1920 D audio_hw_primary: disable_audio_route: usecase(1) reset and update mixer path: low-latency-playback speaker
04-27 22:22:28.534  1029  1920 D audio_hw_primary: disable_snd_device: snd_device(125: vi-feedback)
04-27 22:22:28.534  1029  1920 D audio_hw_primary: disable_audio_route: usecase(26) reset and update mixer path: spkr-vi-record
04-27 22:22:28.535  1029  1920 D audio_hw_primary: disable_snd_device: snd_device(2: speaker)
04-27 22:22:28.710  1276  3332 D NuPlayerDriver: reset(0xf1c6a500) at state 6
04-27 22:22:28.711  1276 20403 I MediaCodec: (0xf1c9f000) flush
04-27 22:22:28.712  1276 20403 I MediaCodec: (0xf1c9f000) release
04-27 22:22:28.718  1276 20396 D NuPlayerDriver: notifyResetComplete(0xf1c6a500)
04-27 22:22:28.719  1276  3332 D NuPlayerDriver: reset(0xf1c6a500) at state 0
04-27 22:22:28.719  1276  3332 W AMessage: failed to post message as target looper for handler 0 is gone.
04-27 22:22:28.720  2678 18421 V MediaPlayer: resetDrmState:  mDrmInfo=null mDrmProvisioningThread=null mPrepareDrmInProgress=false mActiveDrmScheme=false
04-27 22:22:28.720  2678 18421 V MediaPlayer: cleanDrmObj: mDrmObj=null mDrmSessionId=null
04-27 22:22:28.720  2678 18421 V MediaPlayer: resetDrmState:  mDrmInfo=null mDrmProvisioningThread=null mPrepareDrmInProgress=false mActiveDrmScheme=false
04-27 22:22:28.720  2678 18421 V MediaPlayer: cleanDrmObj: mDrmObj=null mDrmSessionId=null
04-27 22:22:28.721  4265  4420 D DynamicVolume-DynamicVolumeService: onPlaybackConfigChanged configs size=2
04-27 22:22:28.721  1113  2617 D AudioFlinger: AudioFlinger::unRegisterAudioTrackClient AudioClient uid 10144, pid 2678, clientId 10
04-27 22:22:28.721  1113  2617 D AudioFlinger: AudioFlinger::TrackClient::~TrackClient() pid: 2678, clientId: 10
04-27 22:22:28.721  1113  2617 D AudioFlinger: AudioFlinger::TrackClientMap::removeItem, after removing, mClientPid is 2678, mClients size is 1
04-27 22:22:28.721  2658  3182 D Avrcp_ext: AudioManager Player: ID:23 -- type:android.media.SoundPool -- u/pid:1000/1968 -- state:idle -- attr:AudioAttributes: usage=USAGE_ASSISTANCE_SONIFICATION content=CONTENT_TYPE_SONIFICATION flags=0x800 tags= bundle=null
04-27 22:22:28.721  2658  3182 D Avrcp_ext: AudioManager Player: ID:55 -- type:android.media.SoundPool -- u/pid:10144/2678 -- state:idle -- attr:AudioAttributes: usage=USAGE_ASSISTANCE_SONIFICATION content=CONTENT_TYPE_SONIFICATION flags=0x800 tags= bundle=null
04-27 22:22:28.721  2658  3182 D Avrcp_ext: AudioManager isPlaying: false
04-27 22:22:29.103  2761  2761 I wpa_supplicant: wlan0: GAS-QUERY-DONE addr=88:ac:c0:6c:0a:e1 dialog_token=45 freq=2462 status_code=0 result=TIMEOUT
04-27 22:22:29.103  2761  2761 I wpa_supplicant: wlan0: ANQP-QUERY-DONE addr=88:ac:c0:6c:0a:e1 result=FAILURE
04-27 22:22:29.828  2643  2821 I WifiHAL : event received NL80211_CMD_VENDOR, vendor_id = 0x1374, subcmd = 0xd
