04-27 21:48:49.449  3721  3721 W ContextImpl: Calling a method in the system process without a qualified user: android.app.ContextImpl.startService:1591 android.content.ContextWrapper.startService:669 android.content.ContextWrapper.startService:669 com.motorola.ccc.plm.launchmanager.LaunchManagerReceiver.onReceive:18 android.app.ActivityThread.handleReceiver:3981 
04-27 21:48:50.784  1968  2764 I chatty  : uid=1000(system) Binder:1968_5 expire 1 line
04-27 21:48:50.892  1968  4885 I chatty  : uid=1000(system) Binder:1968_19 expire 6 lines
04-27 21:48:51.457  1968  2817 I chatty  : uid=1000(system) Binder:1968_8 expire 3 lines
04-27 21:48:51.505  1968  2133 I chatty  : uid=1000(system) android.io expire 1 line
04-27 21:48:51.717  1968  4893 I chatty  : uid=1000(system) Binder:1968_1B expire 4 lines
04-27 21:48:51.844  1968  3880 I chatty  : uid=1000(system) Binder:1968_A expire 2 lines
04-27 21:48:52.370  9346  9346 D SystemConfig: Removed unavailable feature android.hardware.sensor.compass
04-27 21:48:52.371  9346  9346 D SystemConfig: Removed unavailable feature android.hardware.sensor.compass
04-27 21:48:52.383  9346  9346 D SystemConfig: Removed unavailable feature android.hardware.sensor.gyroscope
04-27 21:48:52.384  9346  9346 D SystemConfig: Removed unavailable feature android.hardware.sensor.barometer
04-27 21:48:52.391  9346  9346 W SystemConfig: No directory /oem/etc/sysconfig, skipping
04-27 21:48:52.391  9346  9346 W SystemConfig: No directory /oem/etc/permissions, skipping
04-27 21:48:52.424  9346  9346 D SystemConfig: Removed unavailable feature com.google.android.feature.RU
04-27 21:48:52.537  9346  9346 W SystemConfig: No directory /system/etc/motorola/bgintents, skipping
04-27 21:48:52.537  9346  9346 W SystemConfig: No directory /oem/etc/motorola/bgintents, skipping
04-27 21:48:52.542  9346  9346 W SystemConfig: No directory /product_services/etc/sysconfig, skipping
04-27 21:48:52.542  9346  9346 W SystemConfig: No directory /product_services/etc/permissions, skipping
04-27 21:48:52.542  9346  9346 W SystemConfig: No directory /system/etc/motorola/sysconfig, skipping
04-27 21:48:52.543  9346  9346 W SystemConfig: No directory /oem/etc/motorola/sysconfig, skipping
04-27 21:48:52.544  9346  9346 W SystemConfig: No directory /product/etc/motorola/sysconfig, skipping
04-27 21:48:52.702  1968  2699 I chatty  : uid=1000(system) Binder:1968_4 expire 2 lines
04-27 21:48:52.743  1968  2135 I chatty  : uid=1000(system) android.anim expire 7 lines
04-27 21:48:52.800  1968  4895 I chatty  : uid=1000(system) Binder:1968_1C expire 1 line
04-27 21:48:52.905  1968  2158 I chatty  : uid=1000(system) ActivityManager expire 1 line
04-27 21:48:52.950  1968  3902 I chatty  : uid=1000(system) Binder:1968_C expire 3 lines
04-27 21:48:53.183  1968  2129 I chatty  : uid=1000(system) android.fg expire 3 lines
04-27 21:48:53.328  1968  4142 I chatty  : uid=1000(system) Binder:1968_14 expire 4 lines
04-27 21:48:53.554  1968  4906 I chatty  : uid=1000(system) Binder:1968_20 expire 1 line
04-27 21:48:54.247  1968  2543 I chatty  : uid=1000(system) NetworkPolicy expire 3 lines
04-27 21:48:55.116  1968  2159 I chatty  : uid=1000(system) ActivityManager expire 28 lines
04-27 21:48:55.165  1968  4897 I chatty  : uid=1000(system) Binder:1968_1E expire 3 lines
04-27 21:48:55.246  1968  2764 I chatty  : uid=1000(system) Binder:1968_5 expire 3 lines
04-27 21:48:55.255  1968  4880 I chatty  : uid=1000(system) Binder:1968_16 expire 3 lines
04-27 21:48:55.297  1968  4893 I chatty  : uid=1000(system) Binder:1968_1B expire 2 lines
04-27 21:48:55.575  1968  4892 I chatty  : uid=1000(system) Binder:1968_1A expire 2 lines
04-27 21:48:55.586  1968  3902 I chatty  : uid=1000(system) Binder:1968_C expire 3 lines
04-27 21:48:55.757  1968  2615 I chatty  : uid=1000(system) Binder:1968_3 expire 4 lines
04-27 21:48:56.001  1968  4895 I chatty  : uid=1000(system) Binder:1968_1C expire 6 lines
04-27 21:48:56.001  1968  4142 I chatty  : uid=1000(system) Binder:1968_14 expire 3 lines
04-27 21:48:56.002  1968  2600 I chatty  : uid=1000(system) ConnectivitySer expire 23 lines
04-27 21:48:56.657  1968  4896 I chatty  : uid=1000(system) Binder:1968_1D expire 5 lines
04-27 21:48:56.712  1968  1968 I chatty  : uid=1000 system_server expire 3 lines
04-27 21:48:56.719  1968  4906 I chatty  : uid=1000(system) Binder:1968_20 expire 2 lines
04-27 21:48:56.800  1968  2129 I chatty  : uid=1000(system) android.fg expire 2 lines
04-27 21:48:57.110  1968  4883 I chatty  : uid=1000(system) Binder:1968_17 expire 6 lines
04-27 21:48:57.456  1968  4121 I chatty  : uid=1000(system) Binder:1968_F expire 6 lines
04-27 21:48:57.601  1968  4141 I chatty  : uid=1000(system) Binder:1968_13 expire 11 lines
04-27 21:48:58.640  1968  4885 I chatty  : uid=1000(system) Binder:1968_19 expire 1 line
04-27 21:48:58.640  1968  3216 I chatty  : uid=1000(system) Binder:1968_9 expire 9 lines
04-27 21:48:58.854  1968  2135 I chatty  : uid=1000(system) android.anim expire 6 lines
04-27 21:48:59.113  1968  4125 I chatty  : uid=1000(system) Binder:1968_10 expire 2 lines
04-27 21:48:59.526  1968  2134 I chatty  : uid=1000(system) android.display expire 6 lines
04-27 21:48:59.672  1968  2170 I chatty  : uid=1000(system) batterystats-wo expire 2 lines
04-27 21:49:00.179  1968  2019 I chatty  : uid=1000(system) Binder:1968_2 expire 1 line
04-27 21:49:00.179  1968  4126 I chatty  : uid=1000(system) Binder:1968_11 expire 1 line
04-27 21:49:00.191  1968  4903 I chatty  : uid=1000(system) Binder:1968_1F expire 2 lines
04-27 21:49:01.949  1968  3881 I chatty  : uid=1000(system) Binder:1968_B expire 2 lines
04-27 21:49:03.410  1968  2817 I chatty  : uid=1000(system) Binder:1968_8 expire 2 lines
04-27 21:49:04.019  1968  2133 I chatty  : uid=1000(system) android.io expire 2 lines
04-27 21:49:04.243  1968  2159 I chatty  : uid=1000(system) ActivityManager expire 23 lines
04-27 21:49:04.420  1968  2158 I chatty  : uid=1000(system) ActivityManager expire 17 lines
04-27 21:49:04.448  1968  2817 I chatty  : uid=1000(system) Binder:1968_8 expire 2 lines
04-27 21:49:04.473  1968  2615 I chatty  : uid=1000(system) Binder:1968_3 expire 4 lines
04-27 21:49:04.769  1968  3216 I chatty  : uid=1000(system) Binder:1968_9 expire 6 lines
04-27 21:49:04.770  1968  2600 I chatty  : uid=1000(system) ConnectivitySer expire 7 lines
04-27 21:49:04.772  1968  4897 I chatty  : uid=1000(system) Binder:1968_1E expire 2 lines
04-27 21:49:04.828  1968  4125 I chatty  : uid=1000(system) Binder:1968_10 expire 3 lines
04-27 21:49:04.851  1968  3880 I chatty  : uid=1000(system) Binder:1968_A expire 1 line
04-27 21:49:04.851  1968  4147 I chatty  : uid=1000(system) Binder:1968_15 expire 7 lines
04-27 21:49:04.853  1968  4885 I chatty  : uid=1000(system) Binder:1968_19 expire 6 lines
04-27 21:49:04.901  1968  3881 I chatty  : uid=1000(system) Binder:1968_B expire 7 lines
04-27 21:49:06.195  1968  4142 I chatty  : uid=1000(system) Binder:1968_14 expire 1 line
04-27 21:49:06.685  1968  4883 I chatty  : uid=1000(system) Binder:1968_17 expire 13 lines
04-27 21:49:06.778  1968  4884 I chatty  : uid=1000(system) Binder:1968_18 expire 1 line
04-27 21:49:06.932  1968  4136 I chatty  : uid=1000(system) Binder:1968_12 expire 4 lines
04-27 21:49:07.406  1968  2764 I chatty  : uid=1000(system) Binder:1968_5 expire 3 lines
04-27 21:49:08.069  1968  4893 I chatty  : uid=1000(system) Binder:1968_1B expire 3 lines
04-27 21:49:08.215  1968  2017 I chatty  : uid=1000(system) Binder:1968_1 expire 5 lines
04-27 21:49:11.733  1968  2699 I chatty  : uid=1000(system) Binder:1968_4 expire 7 lines
04-27 21:49:13.566  3721  3721 W ContextImpl: Calling a method in the system process without a qualified user: android.app.ContextImpl.startService:1591 android.content.ContextWrapper.startService:669 android.content.ContextWrapper.startService:669 com.motorola.ccc.main.StartUpReceiver.onReceive:21 android.app.ActivityThread.handleReceiver:3981 
04-27 21:49:14.090  1968  4895 I chatty  : uid=1000(system) Binder:1968_1C expire 1 line
04-27 21:49:14.342  1968  1968 I chatty  : uid=1000 system_server expire 3 lines
04-27 21:49:14.676  1968  2796 I chatty  : uid=1000(system) Binder:1968_6 expire 2 lines
04-27 21:49:14.691  1968  2019 I chatty  : uid=1000(system) Binder:1968_2 expire 1 line
04-27 21:49:14.692  1968  4104 I chatty  : uid=1000(system) Binder:1968_D expire 1 line
04-27 21:49:15.375  1968  4126 I chatty  : uid=1000(system) Binder:1968_11 expire 1 line
04-27 21:49:16.061  1968  4121 I chatty  : uid=1000(system) Binder:1968_F expire 2 lines
04-27 21:49:16.189  1968  4892 I chatty  : uid=1000(system) Binder:1968_1A expire 14 lines
04-27 21:49:16.727  8957 12278 E ActivityThread: Failed to find provider info for com.motorola.ccc.cce.datausage
04-27 21:49:26.724  1968  2430 I chatty  : uid=1000(system) UEventObserver expire 3 lines
04-27 21:49:28.861  1968  2469 I chatty  : uid=1000(system) AlarmManager expire 1 line
04-27 21:49:30.930  1968  1968 I chatty  : uid=1000 system_server expire 6 lines
04-27 21:49:37.922  1968  4884 I chatty  : uid=1000(system) Binder:1968_18 expire 1 line
04-27 21:49:38.409  1968  2132 I chatty  : uid=1000(system) android.ui expire 3 lines
04-27 21:49:38.429  1968  3881 I chatty  : uid=1000(system) Binder:1968_B expire 8 lines
04-27 21:49:44.996  1968  4883 I chatty  : uid=1000(system) Binder:1968_17 expire 12 lines
04-27 21:49:45.020  1968  2019 I chatty  : uid=1000(system) Binder:1968_2 expire 2 lines
04-27 21:49:45.057  1968  2135 I chatty  : uid=1000(system) android.anim expire 12 lines
04-27 21:49:45.060  1968  2159 I chatty  : uid=1000(system) ActivityManager expire 7 lines
04-27 21:49:45.139  1968  4141 I chatty  : uid=1000(system) Binder:1968_13 expire 4 lines
04-27 21:49:49.497  1968  2699 I chatty  : uid=1000(system) Binder:1968_4 expire 3 lines
04-27 21:49:49.590  1968  2134 I chatty  : uid=1000(system) android.display expire 1 line
04-27 21:49:49.610  1968  4104 I chatty  : uid=1000(system) Binder:1968_D expire 6 lines
04-27 21:49:54.441  1968  2170 I chatty  : uid=1000(system) batterystats-wo expire 5 lines
04-27 21:49:54.586  1968  4895 I chatty  : uid=1000(system) Binder:1968_1C expire 3 lines
04-27 21:49:55.142  1968  2600 I chatty  : uid=1000(system) ConnectivitySer expire 27 lines
04-27 21:49:56.189  1968  2817 I chatty  : uid=1000(system) Binder:1968_8 expire 5 lines
04-27 21:49:56.942  1968  2764 I chatty  : uid=1000(system) Binder:1968_5 expire 1 line
04-27 21:50:16.662  1968  2158 I chatty  : uid=1000(system) ActivityManager expire 1 line
04-27 21:50:25.534  1968  4125 I chatty  : uid=1000(system) Binder:1968_10 expire 3 lines
04-27 21:50:33.238  1968  2796 I chatty  : uid=1000(system) Binder:1968_6 expire 3 lines
04-27 21:50:33.238  1968  4136 I chatty  : uid=1000(system) Binder:1968_12 expire 1 line
04-27 21:50:56.154  1968  4105 I chatty  : uid=1000(system) Binder:1968_E expire 1 line
04-27 21:51:15.328  8957 12300 E ActivityThread: Failed to find provider info for com.motorola.ccc.cce.datausage
04-27 21:51:17.656  8957 13247 E ActivityThread: Failed to find provider info for com.motorola.ccc.cce.datausage
04-27 21:51:25.872  1968  4142 I chatty  : uid=1000(system) Binder:1968_14 expire 1 line
04-27 21:51:44.911  1968  2191 I chatty  : uid=1000(system) PowerManagerSer expire 7 lines
04-27 21:51:44.917  1968  1968 I chatty  : uid=1000 system_server expire 16 lines
04-27 21:51:45.504  1968  2170 I chatty  : uid=1000(system) batterystats-wo expire 12 lines
04-27 21:51:45.523  1968 13254 I chatty  : uid=1000 system_server expire 1 line
04-27 21:51:45.529  1968  2134 I chatty  : uid=1000(system) android.display expire 3 lines
04-27 21:51:45.715  1968  2129 I chatty  : uid=1000(system) android.fg expire 4 lines
04-27 21:51:46.694  1968  3216 I chatty  : uid=1000(system) Binder:1968_9 expire 10 lines
04-27 21:51:46.762  1968  4884 I chatty  : uid=1000(system) Binder:1968_18 expire 8 lines
04-27 21:51:47.464  1968  2135 I chatty  : uid=1000(system) android.anim expire 1 line
04-27 21:51:49.090  1968  2430 I chatty  : uid=1000(system) UEventObserver expire 3 lines
04-27 21:52:10.631  1968  2469 I chatty  : uid=1000(system) AlarmManager expire 1 line
04-27 21:52:10.691  1968  2159 I chatty  : uid=1000(system) ActivityManager expire 16 lines
04-27 21:52:27.021  1968  4895 I chatty  : uid=1000(system) Binder:1968_1C expire 5 lines
04-27 21:52:27.034  1968  2796 I chatty  : uid=1000(system) Binder:1968_6 expire 1 line
04-27 21:52:27.198  1968  2019 I chatty  : uid=1000(system) Binder:1968_2 expire 3 lines
04-27 21:52:27.199  1968  2600 I chatty  : uid=1000(system) ConnectivitySer expire 5 lines
04-27 21:52:29.849  1968  4105 I chatty  : uid=1000(system) Binder:1968_E expire 1 line
04-27 21:52:30.379  1968  2133 I chatty  : uid=1000(system) android.io expire 1 line
04-27 21:52:30.504  1968  4104 I chatty  : uid=1000(system) Binder:1968_D expire 2 lines
04-27 21:52:47.994  1968  4136 I chatty  : uid=1000(system) Binder:1968_12 expire 3 lines
04-27 21:52:48.063  1968  2147 I chatty  : uid=1000(system) android.bg expire 4 lines
04-27 21:52:48.647  1968  2017 I chatty  : uid=1000(system) Binder:1968_1 expire 1 line
04-27 21:52:49.899  1968  3902 I chatty  : uid=1000(system) Binder:1968_C expire 3 lines
04-27 21:52:50.891  1968  2615 I chatty  : uid=1000(system) Binder:1968_3 expire 2 lines
04-27 21:52:50.895  1968  4121 I chatty  : uid=1000(system) Binder:1968_F expire 1 line
04-27 21:52:50.913  1968  4147 I chatty  : uid=1000(system) Binder:1968_15 expire 2 lines
04-27 21:52:51.227  1968  2699 I chatty  : uid=1000(system) Binder:1968_4 expire 2 lines
04-27 21:52:51.415  1968  4142 I chatty  : uid=1000(system) Binder:1968_14 expire 2 lines
04-27 21:52:51.984  1968  2764 I chatty  : uid=1000(system) Binder:1968_5 expire 2 lines
04-27 21:52:52.616  1968  4897 I chatty  : uid=1000(system) Binder:1968_1E expire 2 lines
04-27 21:52:53.933  1968  3881 I chatty  : uid=1000(system) Binder:1968_B expire 4 lines
04-27 21:52:53.951  1968  2159 I chatty  : uid=1000(system) ActivityManager expire 16 lines
04-27 21:52:53.997  1968  2699 I chatty  : uid=1000(system) Binder:1968_4 expire 2 lines
04-27 21:52:53.997  1968  4126 I chatty  : uid=1000(system) Binder:1968_11 expire 4 lines
04-27 21:52:53.997  1968  4125 I chatty  : uid=1000(system) Binder:1968_10 expire 1 line
04-27 21:52:54.000  1968  2600 I chatty  : uid=1000(system) ConnectivitySer expire 13 lines
04-27 21:52:54.177  1968  4897 I chatty  : uid=1000(system) Binder:1968_1E expire 1 line
04-27 21:52:54.529  1968  2017 I chatty  : uid=1000(system) Binder:1968_1 expire 9 lines
04-27 21:52:54.533  1968  4906 I chatty  : uid=1000(system) Binder:1968_20 expire 7 lines
04-27 21:52:55.056  1968  4141 I chatty  : uid=1000(system) Binder:1968_13 expire 5 lines
04-27 21:52:55.524  1968  4892 I chatty  : uid=1000(system) Binder:1968_1A expire 1 line
04-27 21:52:55.589  1968  4105 I chatty  : uid=1000(system) Binder:1968_E expire 4 lines
04-27 21:52:55.589  1968  4880 I chatty  : uid=1000(system) Binder:1968_16 expire 1 line
04-27 21:52:55.946  1968  2615 I chatty  : uid=1000(system) Binder:1968_3 expire 2 lines
04-27 21:52:56.293  1968  4121 I chatty  : uid=1000(system) Binder:1968_F expire 2 lines
04-27 21:52:56.455  1968  2796 I chatty  : uid=1000(system) Binder:1968_6 expire 4 lines
04-27 21:53:00.152  1968  2132 I chatty  : uid=1000(system) android.ui expire 6 lines
04-27 21:53:17.209  1968  4136 I chatty  : uid=1000(system) Binder:1968_12 expire 1 line
04-27 21:53:17.387  1968  3880 I chatty  : uid=1000(system) Binder:1968_A expire 4 lines
04-27 21:53:17.528  1968  2430 I chatty  : uid=1000(system) UEventObserver expire 2 lines
04-27 21:53:17.553  1968  4903 I chatty  : uid=1000(system) Binder:1968_1F expire 1 line
04-27 21:53:17.661  1968  2019 I chatty  : uid=1000(system) Binder:1968_2 expire 3 lines
04-27 21:53:17.752  1968  2170 I chatty  : uid=1000(system) batterystats-wo expire 4 lines
04-27 21:53:17.959  1968  2134 I chatty  : uid=1000(system) android.display expire 4 lines
04-27 21:53:18.066  1968  4883 I chatty  : uid=1000(system) Binder:1968_17 expire 1 line
04-27 21:53:18.852  1968  4884 I chatty  : uid=1000(system) Binder:1968_18 expire 2 lines
04-27 21:53:24.404  1968  2158 I chatty  : uid=1000(system) ActivityManager expire 1 line
04-27 21:53:25.227  1968  1968 I chatty  : uid=1000 system_server expire 4 lines
04-27 21:53:25.489  1968  2191 I chatty  : uid=1000(system) PowerManagerSer expire 7 lines
04-27 21:53:25.747  1968  4142 I chatty  : uid=1000(system) Binder:1968_14 expire 4 lines
04-27 21:53:28.587  1968  2129 I chatty  : uid=1000(system) android.fg expire 3 lines
04-27 21:53:28.610  2678  2678 D StatusBarKeyguardViewManager: requestUnlock collapse=true
04-27 21:53:28.672  1968  2135 I chatty  : uid=1000(system) android.anim expire 1 line
04-27 21:53:28.716  1968  2159 I chatty  : uid=1000(system) ActivityManager expire 6 lines
04-27 21:53:28.748  1968  4906 I chatty  : uid=1000(system) Binder:1968_20 expire 4 lines
04-27 21:53:28.970  1968  2135 I chatty  : uid=1000(system) android.anim expire 12 lines
04-27 21:53:29.266  1968  4893 I chatty  : uid=1000(system) Binder:1968_1B expire 5 lines
04-27 21:53:30.738  1968  3902 I chatty  : uid=1000(system) Binder:1968_C expire 6 lines
04-27 21:53:30.743  1968  1968 I chatty  : uid=1000 system_server expire 7 lines
04-27 21:53:30.812  1968  2170 I chatty  : uid=1000(system) batterystats-wo expire 23 lines
04-27 21:53:30.967  1968  3881 I chatty  : uid=1000(system) Binder:1968_B expire 10 lines
04-27 21:53:31.123  1968  2134 I chatty  : uid=1000(system) android.display expire 2 lines
04-27 21:53:31.129  1968  2129 I chatty  : uid=1000(system) android.fg expire 3 lines
04-27 21:53:31.131  1968  2158 I chatty  : uid=1000(system) ActivityManager expire 7 lines
04-27 21:53:31.484  1968  4142 I chatty  : uid=1000(system) Binder:1968_14 expire 4 lines
04-27 21:53:32.385  1968  2796 I chatty  : uid=1000(system) Binder:1968_6 expire 4 lines
04-27 21:53:36.802  1968  4883 I chatty  : uid=1000(system) Binder:1968_17 expire 6 lines
04-27 21:53:37.240  1968  2133 I chatty  : uid=1000(system) android.io expire 1 line
04-27 21:54:06.089  1968  2813 I chatty  : uid=1000(system) Binder:1968_7 expire 3 lines
04-27 21:54:06.204  1968  4104 I chatty  : uid=1000(system) Binder:1968_D expire 1 line
04-27 21:54:12.956  1968  2600 I chatty  : uid=1000(system) ConnectivitySer expire 3 lines
04-27 21:54:26.832  1968  2430 I chatty  : uid=1000(system) UEventObserver expire 3 lines
04-27 21:54:59.121  1968  4880 I chatty  : uid=1000(system) Binder:1968_16 expire 3 lines
04-27 21:55:36.705  1968  2191 I chatty  : uid=1000(system) PowerManagerSer expire 7 lines
04-27 21:55:37.230  1968 15436 I chatty  : uid=1000 system_server expire 1 line
04-27 21:55:37.324  1968  4903 I chatty  : uid=1000(system) Binder:1968_1F expire 1 line
04-27 21:55:37.505  1968  2817 I chatty  : uid=1000(system) Binder:1968_8 expire 9 lines
04-27 21:55:37.918  1968  3881 I chatty  : uid=1000(system) Binder:1968_B expire 3 lines
04-27 21:55:37.928  1968  1968 I chatty  : uid=1000 system_server expire 5 lines
04-27 21:55:37.929  1968  2135 I chatty  : uid=1000(system) android.anim expire 14 lines
04-27 21:55:42.415  1968  2129 I chatty  : uid=1000(system) android.fg expire 8 lines
04-27 21:55:42.427  1968  2134 I chatty  : uid=1000(system) android.display expire 6 lines
04-27 21:56:34.513  1968  2170 I chatty  : uid=1000(system) batterystats-wo expire 12 lines
04-27 21:56:34.860  1968  2430 I chatty  : uid=1000(system) UEventObserver expire 2 lines
04-27 21:57:43.796  1968  2191 I chatty  : uid=1000(system) PowerManagerSer expire 7 lines
04-27 21:57:43.798  1968  4883 I chatty  : uid=1000(system) Binder:1968_17 expire 9 lines
04-27 21:57:43.799  1968  2132 I chatty  : uid=1000(system) android.ui expire 2 lines
04-27 21:57:43.907  1968  2600 I chatty  : uid=1000(system) ConnectivitySer expire 5 lines
04-27 21:57:44.570  1968  4142 I chatty  : uid=1000(system) Binder:1968_14 expire 2 lines
04-27 21:57:44.616  2678  2678 D StatusBarKeyguardViewManager: requestUnlock collapse=true
04-27 21:57:44.755  1968  4136 I chatty  : uid=1000(system) Binder:1968_12 expire 1 line
04-27 21:57:44.887  1968  2159 I chatty  : uid=1000(system) ActivityManager expire 1 line
04-27 21:57:45.057 15496 15496 D ActivityThread: Loading provider contacts;com.android.contacts: com.android.providers.contacts.ContactsProvider2
04-27 21:57:46.517  1968  4903 I chatty  : uid=1000(system) Binder:1968_1F expire 3 lines
04-27 21:57:46.849  1968  2158 I chatty  : uid=1000(system) ActivityManager expire 6 lines
04-27 21:57:47.008  1968  2764 I chatty  : uid=1000(system) Binder:1968_5 expire 2 lines
04-27 21:57:47.167  1968  4126 I chatty  : uid=1000(system) Binder:1968_11 expire 1 line
04-27 21:57:48.018  1968  4125 I chatty  : uid=1000(system) Binder:1968_10 expire 10 lines
04-27 21:57:48.037  1968  2796 I chatty  : uid=1000(system) Binder:1968_6 expire 2 lines
04-27 21:57:49.447  1968  3902 I chatty  : uid=1000(system) Binder:1968_C expire 3 lines
04-27 21:57:49.448  1968  4906 I chatty  : uid=1000(system) Binder:1968_20 expire 1 line
04-27 21:57:54.032  1968  4896 I chatty  : uid=1000(system) Binder:1968_1D expire 2 lines
04-27 21:57:54.104  1968  2017 I chatty  : uid=1000(system) Binder:1968_1 expire 1 line
04-27 21:58:05.090  1968  4141 I chatty  : uid=1000(system) Binder:1968_13 expire 4 lines
04-27 21:58:05.117  1968  2158 I chatty  : uid=1000(system) ActivityManager expire 7 lines
04-27 21:58:12.183  1968  4883 I chatty  : uid=1000(system) Binder:1968_17 expire 3 lines
04-27 21:58:24.144  1968  2430 I chatty  : uid=1000(system) UEventObserver expire 29 lines
04-27 21:58:25.561  1968  2505 I chatty  : uid=1000(system) HwBinder:1968_3 expire 1 line
04-27 21:58:25.569  1968  2129 I chatty  : uid=1000(system) android.fg expire 12 lines
04-27 21:58:25.581  1968  2133 I chatty  : uid=1000(system) android.io expire 2 lines
04-27 21:58:25.596  1968  2191 I chatty  : uid=1000(system) PowerManagerSer expire 1 line
04-27 21:58:25.636  1968  2170 I chatty  : uid=1000(system) batterystats-wo expire 4 lines
04-27 21:58:25.831  1968  2159 I chatty  : uid=1000(system) ActivityManager expire 7 lines
04-27 21:58:29.576  1968  3381 I chatty  : uid=1000(system) AdbDebuggingMan expire 1 line
04-27 21:58:29.631  1968  2764 I chatty  : uid=1000(system) Binder:1968_5 expire 5 lines
04-27 21:58:29.720  1968  2135 I chatty  : uid=1000(system) android.anim expire 7 lines
04-27 21:58:32.826  1968  3902 I chatty  : uid=1000(system) Binder:1968_C expire 6 lines
04-27 21:58:32.878  1968  4903 I chatty  : uid=1000(system) Binder:1968_1F expire 1 line
04-27 21:58:32.879  1968  2600 I chatty  : uid=1000(system) ConnectivitySer expire 3 lines
04-27 21:58:48.257  1968  3881 I chatty  : uid=1000(system) Binder:1968_B expire 1 line
04-27 21:58:59.496  1968  4121 I chatty  : uid=1000(system) Binder:1968_F expire 3 lines
04-27 21:58:59.673  1968  4125 I chatty  : uid=1000(system) Binder:1968_10 expire 2 lines
04-27 21:58:59.674  1968  4105 I chatty  : uid=1000(system) Binder:1968_E expire 3 lines
04-27 21:59:55.978 15801 15827 D SystemConfig: Removed unavailable feature android.hardware.sensor.compass
04-27 21:59:55.979 15801 15827 D SystemConfig: Removed unavailable feature android.hardware.sensor.compass
04-27 21:59:55.992 15801 15827 D SystemConfig: Removed unavailable feature android.hardware.sensor.gyroscope
04-27 21:59:55.993 15801 15827 D SystemConfig: Removed unavailable feature android.hardware.sensor.barometer
04-27 21:59:56.005 15801 15827 W SystemConfig: No directory /oem/etc/sysconfig, skipping
04-27 21:59:56.005 15801 15827 W SystemConfig: No directory /oem/etc/permissions, skipping
04-27 21:59:56.032 15801 15827 D SystemConfig: Removed unavailable feature com.google.android.feature.RU
04-27 21:59:56.144 15801 15827 W SystemConfig: No directory /system/etc/motorola/bgintents, skipping
04-27 21:59:56.145 15801 15827 W SystemConfig: No directory /oem/etc/motorola/bgintents, skipping
04-27 21:59:56.149 15801 15827 W SystemConfig: No directory /product_services/etc/sysconfig, skipping
04-27 21:59:56.149 15801 15827 W SystemConfig: No directory /product_services/etc/permissions, skipping
04-27 21:59:56.149 15801 15827 W SystemConfig: No directory /system/etc/motorola/sysconfig, skipping
04-27 21:59:56.149 15801 15827 W SystemConfig: No directory /oem/etc/motorola/sysconfig, skipping
04-27 21:59:56.149 15801 15827 W SystemConfig: No directory /product/etc/motorola/sysconfig, skipping
04-27 21:59:57.153  1968  2221 I chatty  : uid=1000(system) PackageManager expire 77 lines
04-27 21:59:57.416  1968  2129 I chatty  : uid=1000(system) android.fg expire 3 lines
04-27 21:59:57.487  1968  2158 I chatty  : uid=1000(system) ActivityManager expire 25 lines
04-27 21:59:57.537  1968  2442 I chatty  : uid=1000(system) AccountManagerS expire 1 line
04-27 21:59:57.548  1968  4897 I chatty  : uid=1000(system) Binder:1968_1E expire 5 lines
04-27 21:59:57.622  1968  2159 I chatty  : uid=1000(system) ActivityManager expire 3 lines
04-27 21:59:57.638  1968  3902 I chatty  : uid=1000(system) Binder:1968_C expire 1 line
04-27 21:59:57.682  1968  2135 I chatty  : uid=1000(system) android.anim expire 7 lines
04-27 21:59:57.698  1968  1968 I chatty  : uid=1000 system_server expire 10 lines
04-27 21:59:57.870  1968  4125 I chatty  : uid=1000(system) Binder:1968_10 expire 2 lines
04-27 21:59:58.050  1968  2764 I chatty  : uid=1000(system) Binder:1968_5 expire 3 lines
04-27 21:59:58.129  1968  4126 I chatty  : uid=1000(system) Binder:1968_11 expire 1 line
04-27 21:59:59.836  1968  2615 I chatty  : uid=1000(system) Binder:1968_3 expire 2 lines
04-27 21:59:59.884  1968  4903 I chatty  : uid=1000(system) Binder:1968_1F expire 1 line
04-27 21:59:59.899  1968  2796 I chatty  : uid=1000(system) Binder:1968_6 expire 1 line
04-27 21:59:59.900  1968  2134 I chatty  : uid=1000(system) android.display expire 6 lines
04-27 22:00:01.587  1968  4897 I chatty  : uid=1000(system) Binder:1968_1E expire 3 lines
04-27 22:00:01.590  1968  2813 I chatty  : uid=1000(system) Binder:1968_7 expire 7 lines
04-27 22:00:01.693  1968  2135 I chatty  : uid=1000(system) android.anim expire 6 lines
04-27 22:00:01.924  1968  2430 I chatty  : uid=1000(system) UEventObserver expire 40 lines
04-27 22:00:05.233  1968  2764 I chatty  : uid=1000(system) Binder:1968_5 expire 1 line
04-27 22:00:13.398  1968  4903 I chatty  : uid=1000(system) Binder:1968_1F expire 1 line
04-27 22:00:13.455  1968  4892 I chatty  : uid=1000(system) Binder:1968_1A expire 2 lines
04-27 22:00:17.538  1968  3902 I chatty  : uid=1000(system) Binder:1968_C expire 7 lines
04-27 22:00:20.626  1968  2817 I chatty  : uid=1000(system) Binder:1968_8 expire 6 lines
04-27 22:00:26.760  1968  2505 I chatty  : uid=1000(system) HwBinder:1968_3 expire 1 line
04-27 22:01:10.849  1968  2191 I chatty  : uid=1000(system) PowerManagerSer expire 11 lines
04-27 22:01:10.850  1968  1968 I chatty  : uid=1000 system_server expire 6 lines
04-27 22:01:11.359  1968  2170 I chatty  : uid=1000(system) batterystats-wo expire 6 lines
04-27 22:01:11.371  1968 16226 I chatty  : uid=1000 system_server expire 1 line
04-27 22:01:11.548  1968  2129 I chatty  : uid=1000(system) android.fg expire 1 line
04-27 22:01:11.637  1968  4896 I chatty  : uid=1000(system) Binder:1968_1D expire 1 line
04-27 22:01:11.711  1968  2159 I chatty  : uid=1000(system) ActivityManager expire 1 line
04-27 22:01:14.322  1968  2600 I chatty  : uid=1000(system) ConnectivitySer expire 4 lines
04-27 22:02:27.456  1968  2699 I chatty  : uid=1000(system) Binder:1968_4 expire 1 line
04-27 22:02:27.456  1968  2132 I chatty  : uid=1000(system) android.ui expire 2 lines
04-27 22:02:32.488  1968  3880 I chatty  : uid=1000(system) Binder:1968_A expire 1 line
04-27 22:02:32.489  2678  2678 D StatusBarKeyguardViewManager: requestUnlock collapse=true
04-27 22:02:32.501  1968  2191 I chatty  : uid=1000(system) PowerManagerSer expire 3 lines
04-27 22:02:32.512  1968  1968 I chatty  : uid=1000 system_server expire 2 lines
04-27 22:02:32.512  1968  2129 I chatty  : uid=1000(system) android.fg expire 5 lines
04-27 22:02:32.551  1968  2699 I chatty  : uid=1000(system) Binder:1968_4 expire 9 lines
04-27 22:02:32.562  1968  2135 I chatty  : uid=1000(system) android.anim expire 24 lines
04-27 22:02:32.630  1968  2017 I chatty  : uid=1000(system) Binder:1968_1 expire 8 lines
04-27 22:02:32.697  1968  2159 I chatty  : uid=1000(system) ActivityManager expire 6 lines
04-27 22:02:32.925  1968  3880 I chatty  : uid=1000(system) Binder:1968_A expire 6 lines
04-27 22:02:33.028  1968  2764 I chatty  : uid=1000(system) Binder:1968_5 expire 1 line
04-27 22:02:33.964  1968  2600 I chatty  : uid=1000(system) ConnectivitySer expire 2 lines
04-27 22:02:34.558  1968  4906 I chatty  : uid=1000(system) Binder:1968_20 expire 9 lines
04-27 22:02:34.666  1968  2170 I chatty  : uid=1000(system) batterystats-wo expire 10 lines
04-27 22:02:34.848  1968  2134 I chatty  : uid=1000(system) android.display expire 2 lines
04-27 22:02:34.865  1968  2158 I chatty  : uid=1000(system) ActivityManager expire 4 lines
04-27 22:02:37.137  1968  2430 I chatty  : uid=1000(system) UEventObserver expire 3 lines
04-27 22:02:38.581  1968  2817 I chatty  : uid=1000(system) Binder:1968_8 expire 6 lines
04-27 22:02:38.791  1968  2133 I chatty  : uid=1000(system) android.io expire 1 line
04-27 22:02:39.122  1968  4126 I chatty  : uid=1000(system) Binder:1968_11 expire 2 lines
04-27 22:02:41.992  1968  3902 I chatty  : uid=1000(system) Binder:1968_C expire 17 lines
04-27 22:02:43.296  1968  4892 I chatty  : uid=1000(system) Binder:1968_1A expire 5 lines
04-27 22:02:44.444  1968  4141 I chatty  : uid=1000(system) Binder:1968_13 expire 5 lines
04-27 22:02:46.723  1968  4897 I chatty  : uid=1000(system) Binder:1968_1E expire 5 lines
04-27 22:02:46.901  1968  2543 I chatty  : uid=1000(system) NetworkPolicy expire 4 lines
04-27 22:02:48.743  1968  4896 I chatty  : uid=1000(system) Binder:1968_1D expire 5 lines
04-27 22:02:51.617  1968  4895 I chatty  : uid=1000(system) Binder:1968_1C expire 10 lines
04-27 22:02:51.651  1968  4147 I chatty  : uid=1000(system) Binder:1968_15 expire 8 lines
04-27 22:02:51.672  1968  2159 I chatty  : uid=1000(system) ActivityManager expire 12 lines
04-27 22:02:51.814  1968  3902 I chatty  : uid=1000(system) Binder:1968_C expire 7 lines
04-27 22:02:51.896  1968  2135 I chatty  : uid=1000(system) android.anim expire 18 lines
04-27 22:02:53.472  1968  2430 I chatty  : uid=1000(system) UEventObserver expire 2 lines
04-27 22:02:53.514  1968  4141 I chatty  : uid=1000(system) Binder:1968_13 expire 6 lines
04-27 22:02:53.537  1968  2158 I chatty  : uid=1000(system) ActivityManager expire 12 lines
04-27 22:02:54.143  1968  2221 I chatty  : uid=1000(system) PackageManager expire 2 lines
04-27 22:02:54.151  1968  4892 I chatty  : uid=1000(system) Binder:1968_1A expire 4 lines
04-27 22:02:54.218  1968  1968 I chatty  : uid=1000 system_server expire 6 lines
04-27 22:02:54.265  1968  2129 I chatty  : uid=1000(system) android.fg expire 4 lines
04-27 22:02:54.285  1968  4897 I chatty  : uid=1000(system) Binder:1968_1E expire 2 lines
04-27 22:02:54.455  1968  2543 I chatty  : uid=1000(system) NetworkPolicy expire 1 line
04-27 22:02:54.531  1968  2813 I chatty  : uid=1000(system) Binder:1968_7 expire 6 lines
04-27 22:02:55.013 16562 16633 D SystemConfig: Removed unavailable feature android.hardware.sensor.compass
04-27 22:02:55.014 16562 16633 D SystemConfig: Removed unavailable feature android.hardware.sensor.compass
04-27 22:02:55.019 16562 16633 D SystemConfig: Removed unavailable feature android.hardware.sensor.gyroscope
04-27 22:02:55.020 16562 16633 D SystemConfig: Removed unavailable feature android.hardware.sensor.barometer
04-27 22:02:55.022 16562 16633 W SystemConfig: No directory /oem/etc/sysconfig, skipping
04-27 22:02:55.022 16562 16633 W SystemConfig: No directory /oem/etc/permissions, skipping
04-27 22:02:55.040 16562 16633 D SystemConfig: Removed unavailable feature com.google.android.feature.RU
04-27 22:02:55.105 16562 16633 W SystemConfig: No directory /system/etc/motorola/bgintents, skipping
04-27 22:02:55.105 16562 16633 W SystemConfig: No directory /oem/etc/motorola/bgintents, skipping
04-27 22:02:55.107 16562 16633 W SystemConfig: No directory /product_services/etc/sysconfig, skipping
04-27 22:02:55.108 16562 16633 W SystemConfig: No directory /product_services/etc/permissions, skipping
04-27 22:02:55.108 16562 16633 W SystemConfig: No directory /system/etc/motorola/sysconfig, skipping
04-27 22:02:55.108 16562 16633 W SystemConfig: No directory /oem/etc/motorola/sysconfig, skipping
04-27 22:02:55.108 16562 16633 W SystemConfig: No directory /product/etc/motorola/sysconfig, skipping
04-27 22:02:55.405  1968  4906 I chatty  : uid=1000(system) Binder:1968_20 expire 1 line
04-27 22:02:55.422 16738 16787 E ActivityThread: Failed to find provider info for com.facebook.appmanager.nekodirect
04-27 22:02:55.434  1968  2017 I chatty  : uid=1000(system) Binder:1968_1 expire 3 lines
04-27 22:02:55.505  1968  2170 I chatty  : uid=1000(system) batterystats-wo expire 2 lines
04-27 22:02:55.511  1968  2147 I chatty  : uid=1000(system) android.bg expire 1 line
04-27 22:02:55.594  1968  3880 I chatty  : uid=1000(system) Binder:1968_A expire 1 line
04-27 22:02:55.708  1968  2133 I chatty  : uid=1000(system) android.io expire 1 line
04-27 22:02:55.827  1968  2764 I chatty  : uid=1000(system) Binder:1968_5 expire 2 lines
04-27 22:02:55.908  1968  2600 I chatty  : uid=1000(system) ConnectivitySer expire 2 lines
04-27 22:02:56.034  1968  2615 I chatty  : uid=1000(system) Binder:1968_3 expire 1 line
04-27 22:02:56.123  1968  2796 I chatty  : uid=1000(system) Binder:1968_6 expire 2 lines
04-27 22:02:56.222  1968  2134 I chatty  : uid=1000(system) android.display expire 1 line
04-27 22:02:56.508  1968  4104 I chatty  : uid=1000(system) Binder:1968_D expire 1 line
04-27 22:02:56.755  1968  4105 I chatty  : uid=1000(system) Binder:1968_E expire 1 line
04-27 22:02:56.853  1968  2699 I chatty  : uid=1000(system) Binder:1968_4 expire 9 lines
04-27 22:02:56.879  1968  2019 I chatty  : uid=1000(system) Binder:1968_2 expire 4 lines
04-27 22:02:56.909  1968  4141 I chatty  : uid=1000(system) Binder:1968_13 expire 4 lines
04-27 22:02:56.927  1968  2159 I chatty  : uid=1000(system) ActivityManager expire 3 lines
04-27 22:02:56.927  1968  2135 I chatty  : uid=1000(system) android.anim expire 6 lines
04-27 22:02:57.228  1968  4105 I chatty  : uid=1000(system) Binder:1968_E expire 1 line
04-27 22:02:57.774  1968  1968 I chatty  : uid=1000 system_server expire 4 lines
04-27 22:02:57.850  1968  2134 I chatty  : uid=1000(system) android.display expire 3 lines
04-27 22:02:57.924  1968  4885 I chatty  : uid=1000(system) Binder:1968_19 expire 2 lines
04-27 22:02:57.948  1968  4136 I chatty  : uid=1000(system) Binder:1968_12 expire 2 lines
04-27 22:02:58.553  1968  2430 I chatty  : uid=1000(system) UEventObserver expire 14 lines
04-27 22:03:10.043  1968  4906 I chatty  : uid=1000(system) Binder:1968_20 expire 2 lines
04-27 22:03:10.335  1968  3216 I chatty  : uid=1000(system) Binder:1968_9 expire 1 line
04-27 22:03:17.523  1968  4893 I chatty  : uid=1000(system) Binder:1968_1B expire 1 line
04-27 22:03:17.524  1968  2600 I chatty  : uid=1000(system) ConnectivitySer expire 3 lines
04-27 22:03:17.524  1968  4895 I chatty  : uid=1000(system) Binder:1968_1C expire 2 lines
04-27 22:03:17.559  1968  2615 I chatty  : uid=1000(system) Binder:1968_3 expire 1 line
04-27 22:03:17.559  1968  3881 I chatty  : uid=1000(system) Binder:1968_B expire 5 lines
04-27 22:03:37.835  1968  4884 I chatty  : uid=1000(system) Binder:1968_18 expire 1 line
04-27 22:03:37.862  1968  4903 I chatty  : uid=1000(system) Binder:1968_1F expire 1 line
04-27 22:03:38.634  1968  4892 I chatty  : uid=1000(system) Binder:1968_1A expire 1 line
04-27 22:03:40.951  1968  2221 I chatty  : uid=1000(system) PackageManager expire 76 lines
04-27 22:03:41.101  1968  2129 I chatty  : uid=1000(system) android.fg expire 3 lines
04-27 22:03:41.128   781   781 D vold    : Remounting 10291 as mode default
04-27 22:03:41.163   781   898 D vold    : Remounting 10291 as mode default
04-27 22:03:41.186   781  4038 D vold    : Remounting 10291 as mode default
04-27 22:03:41.208  1968  2442 I chatty  : uid=1000(system) AccountManagerS expire 1 line
04-27 22:03:41.220  1968  1968 I chatty  : uid=1000 system_server expire 7 lines
04-27 22:03:41.259  1968  4136 I chatty  : uid=1000(system) Binder:1968_12 expire 5 lines
04-27 22:03:41.319  1968  4893 I chatty  : uid=1000(system) Binder:1968_1B expire 5 lines
04-27 22:03:41.368  1968  4903 I chatty  : uid=1000(system) Binder:1968_1F expire 10 lines
04-27 22:03:41.371  1968  2158 I chatty  : uid=1000(system) ActivityManager expire 7 lines
04-27 22:03:41.395  1968  2159 I chatty  : uid=1000(system) ActivityManager expire 5 lines
04-27 22:03:41.482  1968  4884 I chatty  : uid=1000(system) Binder:1968_18 expire 2 lines
04-27 22:03:41.493  1968  2135 I chatty  : uid=1000(system) android.anim expire 24 lines
04-27 22:03:41.674  1968  4892 I chatty  : uid=1000(system) Binder:1968_1A expire 6 lines
04-27 22:03:41.702  1968  3881 I chatty  : uid=1000(system) Binder:1968_B expire 6 lines
04-27 22:03:41.794  1968  4880 I chatty  : uid=1000(system) Binder:1968_16 expire 1 line
04-27 22:03:42.097  1968  2147 I chatty  : uid=1000(system) android.bg expire 1 line
04-27 22:03:42.487  1968  2430 I chatty  : uid=1000(system) UEventObserver expire 8 lines
04-27 22:03:45.401  1968  2134 I chatty  : uid=1000(system) android.display expire 2 lines
04-27 22:03:58.597  1968  2764 I chatty  : uid=1000(system) Binder:1968_5 expire 5 lines
04-27 22:03:58.627  1968  4883 I chatty  : uid=1000(system) Binder:1968_17 expire 5 lines
04-27 22:03:58.841  1968  4121 I chatty  : uid=1000(system) Binder:1968_F expire 11 lines
04-27 22:04:02.221  1968  4105 I chatty  : uid=1000(system) Binder:1968_E expire 1 line
04-27 22:04:04.807  1968  4884 I chatty  : uid=1000(system) Binder:1968_18 expire 25 lines
04-27 22:04:04.814  1968  2134 I chatty  : uid=1000(system) android.display expire 2 lines
04-27 22:04:04.830  1968  2159 I chatty  : uid=1000(system) ActivityManager expire 3 lines
04-27 22:04:04.867  1968  2135 I chatty  : uid=1000(system) android.anim expire 29 lines
04-27 22:04:05.020  1968  2133 I chatty  : uid=1000(system) android.io expire 1 line
04-27 22:04:05.187  1968  2170 I chatty  : uid=1000(system) batterystats-wo expire 10 lines
04-27 22:04:05.391  1968  4892 I chatty  : uid=1000(system) Binder:1968_1A expire 6 lines
04-27 22:04:06.994  1968  2430 I chatty  : uid=1000(system) UEventObserver expire 3 lines
04-27 22:04:07.098  1968  4885 I chatty  : uid=1000(system) Binder:1968_19 expire 7 lines
04-27 22:04:09.737  1968  2543 I chatty  : uid=1000(system) NetworkPolicy expire 4 lines
04-27 22:04:10.191  1968  4883 I chatty  : uid=1000(system) Binder:1968_17 expire 8 lines
04-27 22:04:11.924  1968  4906 I chatty  : uid=1000(system) Binder:1968_20 expire 2 lines
04-27 22:04:13.499  1968  4880 I chatty  : uid=1000(system) Binder:1968_16 expire 9 lines
04-27 22:04:14.737  1968  2158 I chatty  : uid=1000(system) ActivityManager expire 12 lines
04-27 22:04:15.115  1968  2221 I chatty  : uid=1000(system) PackageManager expire 2 lines
04-27 22:04:15.145  1968  1968 I chatty  : uid=1000 system_server expire 1 line
04-27 22:04:15.178  1968  2129 I chatty  : uid=1000(system) android.fg expire 2 lines
04-27 22:04:15.206  1968  4147 I chatty  : uid=1000(system) Binder:1968_15 expire 3 lines
04-27 22:04:15.387  1968  2543 I chatty  : uid=1000(system) NetworkPolicy expire 1 line
04-27 22:04:15.403  1968  2129 I chatty  : uid=1000(system) android.fg expire 2 lines
04-27 22:04:15.430  1968  1968 I chatty  : uid=1000 system_server expire 5 lines
04-27 22:04:15.442  1968  4903 I chatty  : uid=1000(system) Binder:1968_1F expire 4 lines
04-27 22:04:15.507  1968  2764 I chatty  : uid=1000(system) Binder:1968_5 expire 1 line
04-27 22:04:15.519  1968  2159 I chatty  : uid=1000(system) ActivityManager expire 4 lines
04-27 22:04:15.539  1968  2135 I chatty  : uid=1000(system) android.anim expire 10 lines
04-27 22:04:15.979  1968  4136 I chatty  : uid=1000(system) Binder:1968_12 expire 1 line
04-27 22:04:16.171  1968  4906 I chatty  : uid=1000(system) Binder:1968_20 expire 2 lines
04-27 22:04:16.207  1968  4884 I chatty  : uid=1000(system) Binder:1968_18 expire 1 line
04-27 22:04:16.221  1968  2133 I chatty  : uid=1000(system) android.io expire 1 line
04-27 22:04:16.242  1968  2147 I chatty  : uid=1000(system) android.bg expire 1 line
04-27 22:04:16.478  1968  2132 I chatty  : uid=1000(system) android.ui expire 9 lines
04-27 22:04:16.510  1968  4105 I chatty  : uid=1000(system) Binder:1968_E expire 6 lines
04-27 22:04:16.957  1968  2430 I chatty  : uid=1000(system) UEventObserver expire 22 lines
04-27 22:04:30.892  1968  4883 I chatty  : uid=1000(system) Binder:1968_17 expire 2 lines
04-27 22:04:31.045  1968  4892 I chatty  : uid=1000(system) Binder:1968_1A expire 3 lines
04-27 22:04:34.962  1968  4125 I chatty  : uid=1000(system) Binder:1968_10 expire 1 line
04-27 22:06:07.825  1968  2221 I chatty  : uid=1000(system) PackageManager expire 76 lines
04-27 22:06:07.959  1968  2129 I chatty  : uid=1000(system) android.fg expire 3 lines
04-27 22:06:07.972   781  4038 D vold    : Remounting 10292 as mode default
04-27 22:06:08.009   781   898 D vold    : Remounting 10292 as mode default
04-27 22:06:08.030   781   781 D vold    : Remounting 10292 as mode default
04-27 22:06:08.051  1968  2442 I chatty  : uid=1000(system) AccountManagerS expire 1 line
04-27 22:06:08.075  1968  1968 I chatty  : uid=1000 system_server expire 9 lines
04-27 22:06:08.141  1968  4883 I chatty  : uid=1000(system) Binder:1968_17 expire 2 lines
04-27 22:06:08.142  1968  2158 I chatty  : uid=1000(system) ActivityManager expire 9 lines
04-27 22:06:08.155  1968  4125 I chatty  : uid=1000(system) Binder:1968_10 expire 5 lines
04-27 22:06:08.207  1968  4121 I chatty  : uid=1000(system) Binder:1968_F expire 1 line
04-27 22:06:08.253  1968  2135 I chatty  : uid=1000(system) android.anim expire 25 lines
04-27 22:06:08.266  1968  2159 I chatty  : uid=1000(system) ActivityManager expire 4 lines
04-27 22:06:08.386  1968  4142 I chatty  : uid=1000(system) Binder:1968_14 expire 8 lines
04-27 22:06:08.593  1968  2764 I chatty  : uid=1000(system) Binder:1968_5 expire 1 line
04-27 22:06:08.615  1968  2017 I chatty  : uid=1000(system) Binder:1968_1 expire 2 lines
04-27 22:06:08.934  1968  2147 I chatty  : uid=1000(system) android.bg expire 1 line
04-27 22:06:09.524  1968  2430 I chatty  : uid=1000(system) UEventObserver expire 4 lines
04-27 22:06:12.310  1968  3881 I chatty  : uid=1000(system) Binder:1968_B expire 15 lines
04-27 22:06:12.349  1968  2134 I chatty  : uid=1000(system) android.display expire 2 lines
04-27 22:06:13.318 18270 18270 D ActivityThread: Loading provider contacts;com.android.contacts: com.android.providers.contacts.ContactsProvider2
04-27 22:06:24.478  1968  4892 I chatty  : uid=1000(system) Binder:1968_1A expire 2 lines
04-27 22:06:25.224  1968  4105 I chatty  : uid=1000(system) Binder:1968_E expire 10 lines
04-27 22:06:27.534  1968  4896 I chatty  : uid=1000(system) Binder:1968_1D expire 2 lines
04-27 22:06:27.862  1968  2699 I chatty  : uid=1000(system) Binder:1968_4 expire 3 lines
04-27 22:06:31.614  1968  3216 I chatty  : uid=1000(system) Binder:1968_9 expire 1 line
04-27 22:06:31.614  1968  4880 I chatty  : uid=1000(system) Binder:1968_16 expire 1 line
04-27 22:06:31.615  1968  4893 I chatty  : uid=1000(system) Binder:1968_1B expire 1 line
04-27 22:06:31.615  1968  2600 I chatty  : uid=1000(system) ConnectivitySer expire 11 lines
04-27 22:06:31.914  1968  2430 I chatty  : uid=1000(system) UEventObserver expire 22 lines
04-27 22:06:32.755  1968  4883 I chatty  : uid=1000(system) Binder:1968_17 expire 2 lines
04-27 22:07:22.694  1968  2158 I chatty  : uid=1000(system) ActivityManager expire 3 lines
04-27 22:07:22.737  1968  4121 I chatty  : uid=1000(system) Binder:1968_F expire 2 lines
04-27 22:08:25.854  1968  2469 I chatty  : uid=1000(system) AlarmManager expire 1 line
04-27 22:08:25.892  1968  2159 I chatty  : uid=1000(system) ActivityManager expire 3 lines
04-27 22:08:26.266  1968  4893 I chatty  : uid=1000(system) Binder:1968_1B expire 2 lines
04-27 22:08:26.358  1968  4903 I chatty  : uid=1000(system) Binder:1968_1F expire 2 lines
04-27 22:08:26.359  1968  4105 I chatty  : uid=1000(system) Binder:1968_E expire 4 lines
04-27 22:08:27.501  1968  2191 I chatty  : uid=1000(system) PowerManagerSer expire 12 lines
04-27 22:08:27.501  1968  1968 I chatty  : uid=1000 system_server expire 8 lines
04-27 22:08:27.982  1968  2170 I chatty  : uid=1000(system) batterystats-wo expire 9 lines
04-27 22:08:27.994  1968 18656 I chatty  : uid=1000 system_server expire 1 line
04-27 22:08:28.012  1968  2134 I chatty  : uid=1000(system) android.display expire 4 lines
04-27 22:08:28.182  1968  2129 I chatty  : uid=1000(system) android.fg expire 4 lines
04-27 22:08:28.195  1968  4892 I chatty  : uid=1000(system) Binder:1968_1A expire 2 lines
04-27 22:08:28.610  1968  4147 I chatty  : uid=1000(system) Binder:1968_15 expire 2 lines
04-27 22:08:29.125  1968  3902 I chatty  : uid=1000(system) Binder:1968_C expire 1 line
04-27 22:08:29.129  1968  3880 I chatty  : uid=1000(system) Binder:1968_A expire 3 lines
04-27 22:08:29.178  1968  2615 I chatty  : uid=1000(system) Binder:1968_3 expire 1 line
04-27 22:08:29.276  1968  4126 I chatty  : uid=1000(system) Binder:1968_11 expire 3 lines
04-27 22:08:30.745  1968  2135 I chatty  : uid=1000(system) android.anim expire 5 lines
04-27 22:08:59.267  1968  3216 I chatty  : uid=1000(system) Binder:1968_9 expire 13 lines
04-27 22:08:59.269  1968  2132 I chatty  : uid=1000(system) android.ui expire 2 lines
04-27 22:09:00.720  1968  4897 I chatty  : uid=1000(system) Binder:1968_1E expire 1 line
04-27 22:09:00.721  2678  2678 D StatusBarKeyguardViewManager: requestUnlock collapse=true
04-27 22:09:00.746  1968  2191 I chatty  : uid=1000(system) PowerManagerSer expire 2 lines
04-27 22:09:00.831  1968  2817 I chatty  : uid=1000(system) Binder:1968_8 expire 1 line
04-27 22:09:01.079  1968  2430 I chatty  : uid=1000(system) UEventObserver expire 7 lines
04-27 22:09:03.321  1968  2135 I chatty  : uid=1000(system) android.anim expire 32 lines
04-27 22:09:03.375  1968  2134 I chatty  : uid=1000(system) android.display expire 3 lines
04-27 22:09:03.383  1968  2129 I chatty  : uid=1000(system) android.fg expire 2 lines
04-27 22:09:03.389  1968  4126 I chatty  : uid=1000(system) Binder:1968_11 expire 6 lines
04-27 22:09:03.389  1968  2158 I chatty  : uid=1000(system) ActivityManager expire 4 lines
04-27 22:09:03.428  1968  2159 I chatty  : uid=1000(system) ActivityManager expire 4 lines
04-27 22:09:10.516  1968  3216 I chatty  : uid=1000(system) Binder:1968_9 expire 10 lines
04-27 22:09:10.576  1968  4147 I chatty  : uid=1000(system) Binder:1968_15 expire 3 lines
04-27 22:09:10.579 17683 17683 I ActivityThread: Removing dead content provider:android.content.ContentProviderProxy@f65d37e
04-27 22:09:25.264  1968  4880 I chatty  : uid=1000(system) Binder:1968_16 expire 15 lines
04-27 22:09:25.308  1968  4105 I chatty  : uid=1000(system) Binder:1968_E expire 2 lines
04-27 22:09:25.365  1968  4892 I chatty  : uid=1000(system) Binder:1968_1A expire 2 lines
04-27 22:09:29.705  1968  2600 I chatty  : uid=1000(system) ConnectivitySer expire 1 line
04-27 22:09:30.559  1968  4136 I chatty  : uid=1000(system) Binder:1968_12 expire 4 lines
04-27 22:09:33.072  1968  4897 I chatty  : uid=1000(system) Binder:1968_1E expire 2 lines
04-27 22:09:33.271  1968  4906 I chatty  : uid=1000(system) Binder:1968_20 expire 5 lines
04-27 22:09:33.470  1968  2017 I chatty  : uid=1000(system) Binder:1968_1 expire 1 line
04-27 22:09:35.729  1968  2170 I chatty  : uid=1000(system) batterystats-wo expire 3 lines
04-27 22:09:35.826  1968  2699 I chatty  : uid=1000(system) Binder:1968_4 expire 4 lines
04-27 22:09:35.847  1968  2543 I chatty  : uid=1000(system) NetworkPolicy expire 4 lines
04-27 22:09:36.288  1968  2796 I chatty  : uid=1000(system) Binder:1968_6 expire 14 lines
04-27 22:09:40.667  1968  3216 I chatty  : uid=1000(system) Binder:1968_9 expire 6 lines
04-27 22:09:40.685  1968  2158 I chatty  : uid=1000(system) ActivityManager expire 12 lines
04-27 22:09:40.705  1968  2699 I chatty  : uid=1000(system) Binder:1968_4 expire 11 lines
04-27 22:09:40.851  1968  2135 I chatty  : uid=1000(system) android.anim expire 23 lines
04-27 22:09:41.130  1968  2221 I chatty  : uid=1000(system) PackageManager expire 2 lines
04-27 22:09:41.156  1968  1968 I chatty  : uid=1000 system_server expire 7 lines
04-27 22:09:41.189  1968  2129 I chatty  : uid=1000(system) android.fg expire 4 lines
04-27 22:09:41.213  1968  4897 I chatty  : uid=1000(system) Binder:1968_1E expire 4 lines
04-27 22:09:41.216  1968  4105 I chatty  : uid=1000(system) Binder:1968_E expire 3 lines
04-27 22:09:41.273  1968  2159 I chatty  : uid=1000(system) ActivityManager expire 5 lines
04-27 22:09:41.398  1968  2543 I chatty  : uid=1000(system) NetworkPolicy expire 1 line
04-27 22:09:41.449  1968  3880 I chatty  : uid=1000(system) Binder:1968_A expire 3 lines
04-27 22:09:41.917  1968  2430 I chatty  : uid=1000(system) UEventObserver expire 2 lines
04-27 22:09:42.080  1968  4147 I chatty  : uid=1000(system) Binder:1968_15 expire 2 lines
04-27 22:09:42.254  1968  2147 I chatty  : uid=1000(system) android.bg expire 1 line
04-27 22:09:42.293  1968  2133 I chatty  : uid=1000(system) android.io expire 1 line
04-27 22:09:42.630  1968  4906 I chatty  : uid=1000(system) Binder:1968_20 expire 1 line
04-27 22:09:44.424  1968  2817 I chatty  : uid=1000(system) Binder:1968_8 expire 7 lines
