04-27 22:21:51.300 20117 20218 E AwarenessRouterSyncMgr: 	at akfy.c(PG:2)
04-27 22:21:51.300 20117 20218 E AwarenessRouterSyncMgr: 	at akga.run(PG:9)
04-27 22:21:51.300 20117 20218 E AwarenessRouterSyncMgr: 	... 6 more
04-27 22:21:51.307 20149 20149 I GH.CAR  : gearheadCarServiceBinder in mainHandler:true
04-27 22:21:51.309 20104 20274 I LPDownloadSettingsState: Defaulting LP download condition to WIFI_ONLY as user has not edited settings.
04-27 22:21:51.310 20104 20277 I DefaultLPManager: #getAvailablePackages
04-27 22:21:51.311 20104 20277 I ecz     : #getDownloadableLanguagePacks
04-27 22:21:51.312 20104 20277 W SystemLPSourceImpl: #getAvailablePackages: Note there is not reason to call this method, as getInstalledPackages() returns the same LanguagePacks for this impl.
04-27 22:21:51.312 20104 20277 I LPRequestClient: #getAllPacks
04-27 22:21:51.312 20104 20277 I DefaultLPManager: #getAvailablePackages
04-27 22:21:51.313 20104 20277 I ecz     : #getDownloadableLanguagePacks
04-27 22:21:51.314 20104 20277 W SystemLPSourceImpl: #getAvailablePackages: Note there is not reason to call this method, as getInstalledPackages() returns the same LanguagePacks for this impl.
04-27 22:21:51.320 20149 20149 I GH.CAR  : Using GearheadCarServiceBinder in CarMessageService.
04-27 22:21:51.322 20149 20149 I GH.DelegateMngCarSvc: Retries remaining initialized to 20
04-27 22:21:51.322 20149 20149 I GH.CAR  : Using Gearhead for projection services. All aboard! 
04-27 22:21:51.322 20149 20149 I GH.DelegateICarSupplier: Obtaining car service delegate from GMS Core via connectionless.
04-27 22:21:51.323 20149 20149 I GH.DelegateMngCarSvc: Skipping delegate acquisition on init().
04-27 22:21:51.323 20149 20149 I GH.CarService: Setting delegate: bvu@b002ee8
04-27 22:21:51.324 20149 20149 I CAR.SERVICE: Setting CSB delegate, previous value null updated to cja@cced901
04-27 22:21:51.324 20149 20149 I GH.CAR  : Setting validator car info suppliers
04-27 22:21:51.324 20149 20149 I GH.CAR  : ICar delegate chain:
04-27 22:21:51.324 20149 20149 I GH.CAR  : 	cjv@1f6e3a6
04-27 22:21:51.324 20149 20149 I GH.CAR  : 	-> bvu@b002ee8
04-27 22:21:51.324 20149 20149 I GH.CAR  : 	-> cja@cced901
04-27 22:21:51.324 20149 20149 I GH.CAR  : GearheadCarStartupService.onBind
04-27 22:21:51.324 20104 20277 I DefaultLPManager: #getRequestedPackages
04-27 22:21:51.337 20104 20277 I ecz     : #getDownloadableLanguagePacks
04-27 22:21:51.338 20104 20277 W SystemLPSourceImpl: #getRequestedPackages: There is not reason to call this method, as the result is always empty.
04-27 22:21:51.339 20104 20277 I DefaultLPManager: #getInstalledPackages
04-27 22:21:51.339 20104 20277 I ecz     : #getInstalledPackages
04-27 22:21:51.340 20104 20277 I DefaultLPManager: #getInstalledPackages
04-27 22:21:51.340 20104 20277 I ecz     : #getInstalledPackages
04-27 22:21:51.341 20104 20277 I DefaultLPManager: #getRequestedPackages
04-27 22:21:51.341 20104 20277 I ecz     : #getDownloadableLanguagePacks
04-27 22:21:51.342 20104 20277 W SystemLPSourceImpl: #getRequestedPackages: There is not reason to call this method, as the result is always empty.
04-27 22:21:51.342 20104 20277 I DefaultLPManager: #getAvailablePackages
04-27 22:21:51.342 20104 20262 I LPRequestState: [ZipfileRequests] #resolveDesiredLanguagePacks
04-27 22:21:51.342 20104 20277 I ecz     : #getDownloadableLanguagePacks
04-27 22:21:51.342 20104 20277 W SystemLPSourceImpl: #getAvailablePackages: Note there is not reason to call this method, as getInstalledPackages() returns the same LanguagePacks for this impl.
04-27 22:21:51.343 20104 20262 I ecz     : #getPendingPackages
04-27 22:21:51.344 20104 20282 I LPRequestState: [ZipfileRequests] #resolveDesiredLanguagePacks
04-27 22:21:51.344 20104 20282 I ecz     : #getPendingPackages
04-27 22:21:51.352  1033  3131 I vendor.qti.bluetooth@1.0-ibs_handler: ProcessIbsCmd: Received IBS_WAKE_IND: 0xFD
04-27 22:21:51.352  1033  3131 I vendor.qti.bluetooth@1.0-ibs_handler: ProcessIbsCmd: Writing IBS_WAKE_ACK
04-27 22:21:51.360  1968  2170 E KernelCpuSpeedReader: Failed to read cpu-freq stats for CPUs 4-7
04-27 22:21:51.361  1968  2170 E KernelCpuSpeedReader: Failed to read cpu-freq stats for CPUs 0-3
04-27 22:21:51.364 20104 20214 I SystemLPSourceImpl: Parsed system partition LanguagePack metadata file: /product/usr/srec/en-US/metadata
04-27 22:21:51.365 20104 20244 I SystemLPSourceImpl: Parsed system partition LanguagePack metadata file: /product/usr/srec/en-US/metadata
04-27 22:21:51.365 20104 20215 I SystemLPSourceImpl: Parsed system partition LanguagePack metadata file: /product/usr/srec/en-US/metadata
04-27 22:21:51.366 20104 20215 I SystemLPSourceImpl: Parsed system partition LanguagePack metadata file: /product/usr/srec/en-US/metadata
04-27 22:21:51.368 20104 20262 I LPRequestState: [ManagerRequests] #resolveDesiredLanguagePacks
04-27 22:21:51.369 20104 20244 I SystemLPSourceImpl: Parsed system partition LanguagePack metadata file: /product/usr/srec/en-US/metadata
04-27 22:21:51.371   924   924 I netd    : trafficSwapActiveStatsMap() <1.50ms>
04-27 22:21:51.374   924   924 I netd    : tetherGetStats() <0.91ms>
04-27 22:21:51.375   924   924 I netd    : trafficSwapActiveStatsMap() <0.26ms>
04-27 22:21:51.377   924   924 I netd    : tetherGetStats() <1.26ms>
04-27 22:21:51.393  1033  3131 I vendor.qti.bluetooth@1.0-ibs_handler: ProcessIbsCmd: Received IBS_SLEEP_IND: 0xFE
04-27 22:21:51.397 20104 20244 I WM-WorkerWrapper: Worker result SUCCESS for Work [ id=ac91e721-5e7c-4c85-9ec0-093bc9b8ace8, tags={ com.google.apps.tiktok.contrib.work.TikTokListenableWorker, TikTokWorker#com.google.apps.tiktok.sync.impl.workmanager.SyncWorker } ]
04-27 22:21:51.410 20117 20216 E SideloadPlaylistExport: Failed to do first backup.
04-27 22:21:51.415 20117 20219 I s.youtube.musi: The ClassLoaderContext is a special shared library.
04-27 22:21:51.459 20117 20238 W GoogleTagManager: Failed to extract the container from the resource file. Resource is a UTF-8 encoded string but doesn't contain a JSON container
04-27 22:21:51.463 19459 20280 I GH.GhCarClientCtor: Bound to startup service, got Car Service: hor@71f1c3e
04-27 22:21:51.465 20117 20194 I FA      : App measurement initialized, version: 63021
04-27 22:21:51.466 20117 20194 I FA      : To enable debug logging run: adb shell setprop log.tag.FA VERBOSE
04-27 22:21:51.466 20117 20194 I FA      : To enable faster debug mode event logging run:
04-27 22:21:51.466 20117 20194 I FA      :   adb shell setprop debug.firebase.analytics.app com.google.android.apps.youtube.music
04-27 22:21:51.467 19459 19459 I CAR.TOKEN: Successfully connected hwq@1d7f7ec using class hwj@50720449/class hwn@124978088 (cx attempt 1)
04-27 22:21:51.480 19459 19459 I GH.CarClientManager: CarClientToken connected.
04-27 22:21:51.481 19459 19459 I GH.CarClientManager: Transition from UNINITIALIZED to CLIENT_CONNECTED.
04-27 22:21:51.547  3149 19061 I NetworkScheduler.Stats: Task com.google.android.gms/com.google.android.gms.stats.PlatformStatsCollectorService finished executing. cause:5 result: 1 elapsed_millis: 580 uptime_millis: 581 exec_start_elapsed_seconds: 2066 [CONTEXT service_id=218 ]
04-27 22:21:51.555 20117 20219 I s.youtube.musi: The ClassLoaderContext is a special shared library.
04-27 22:21:51.591 20117 20238 E GoogleTagManager: Invalid macro: _gtm.loadEventEnabled
04-27 22:21:51.629 20117 20117 E YouTubeMusic: Trying to detachMediaView when it wasn't the most recent MediaView Setter
04-27 22:21:51.636 20117 20210 E Widget.RecentlyPlayed: Filling bundle but recently played items are EMPTY.
04-27 22:21:51.647 20117 20219 I DynamiteModule: Considering local module com.google.android.gms.ads.dynamite:0 and remote module com.google.android.gms.ads.dynamite:221310604
04-27 22:21:51.647 20117 20219 I DynamiteModule: Selected remote version of com.google.android.gms.ads.dynamite, version >= 221310604
04-27 22:21:51.653  3649  3649 D BoundBrokerSvc: onBind: Intent { act=com.google.android.gms.measurement.START pkg=com.google.android.gms }
04-27 22:21:51.653  3649  3649 D BoundBrokerSvc: Loading bound service for intent: Intent { act=com.google.android.gms.measurement.START pkg=com.google.android.gms }
04-27 22:21:51.712 20117 20310 E GoogleTagManager: Invalid macro: _gtm.loadEventEnabled
04-27 22:21:51.716 20117 20219 W s.youtube.musi: ClassLoaderContext type mismatch. expected=PCL, found=DLC (PCL[] | DLC[];PCL[/data/app/com.google.android.apps.youtube.music-DZ82gYHfTeFpAl0eP5EexQ==/base.apk*4242248897:/data/app/com.google.android.apps.youtube.music-DZ82gYHfTeFpAl0eP5EexQ==/base.apk!classes2.dex*2637211289:/data/app/com.google.android.apps.youtube.music-DZ82gYHfTeFpAl0eP5EexQ==/base.apk!classes3.dex*4045923917:/data/app/com.google.android.apps.youtube.music-DZ82gYHfTeFpAl0eP5EexQ==/base.apk!classes4.dex*230138600]{PCL[/system/framework/org.apache.http.legacy.jar*1038351580]})
04-27 22:21:51.719 20117 20219 W s.youtube.musi: Found duplicate classes, falling back to extracting from APK : /data/user_de/0/com.google.android.gms/app_chimera/m/000001c2/dl-AdsFdrDynamite.integ_221310604100000.apk
04-27 22:21:51.719 20117 20219 W s.youtube.musi: NOTE: This wastes RAM and hurts startup performance.
04-27 22:21:51.719 20117 20219 W s.youtube.musi: Found duplicated class when checking oat files: 'La;' in /data/app/com.google.android.apps.youtube.music-DZ82gYHfTeFpAl0eP5EexQ==/base.apk and /data/user_de/0/com.google.android.gms/app_chimera/m/000001c2/dl-AdsFdrDynamite.integ_221310604100000.apk
04-27 22:21:51.719 20117 20219 W s.youtube.musi: 
04-27 22:21:51.743 20104 20241 I SP      : Sync for en-us succeeded in 547 ms: no changes
04-27 22:21:51.744 20104 20241 I SP      : GC for 'en-us' (10) with ttl of 0 ms took 1 ms (0/1/0)
04-27 22:21:51.745 20104 20211 I VoiceDataDownloader: Superpack download completed.
04-27 22:21:51.745 20104 20211 I VoiceDataDownloader: Download default Success true
04-27 22:21:51.746 20104 20277 I LPRequestState: [ManagerRequests] #resolveUnusedLanguagePacks
04-27 22:21:51.746 20104 20277 I LPRequestState: [ManagerRequests] #resolveDesiredLanguagePacks
04-27 22:21:51.748 20104 20282 I LPRequestState: [ManagerRequests] #resolveUnusedLanguagePacks
04-27 22:21:51.748 20104 20282 I LPRequestState: [ManagerRequests] #resolveDesiredLanguagePacks
04-27 22:21:51.748 20104 20282 I LPAutoUpdateSynclet: Background deleting 0 stale packs
04-27 22:21:51.753 20104 20282 I LPAutoUpdateSynclet: Background downloading 0 packs, for an ideal set of 0 total packs
04-27 22:21:51.754 20104 20282 I LPAutoUpdateSynclet: Background LanguagePack updates finished successfully
04-27 22:21:51.754  2643  2821 I WifiHAL : event received NL80211_CMD_VENDOR, vendor_id = 0x1374, subcmd = 0xd
04-27 22:21:51.804  3149  3161 I .gms.persisten: Background concurrent copying GC freed 158090(8103KB) AllocSpace objects, 46(3164KB) LOS objects, 49% free, 12MB/24MB, paused 93us total 132.400ms
04-27 22:21:51.922 20117 20219 D DynamitePackage: Instantiated singleton DynamitePackage.
04-27 22:21:51.923 20117 20219 D DynamitePackage: Instantiating com.google.android.gms.ads.adshield.ChimeraAdShieldCreatorImpl
04-27 22:21:51.923  1968  4125 I ActivityManager: Killing 17910:com.google.android.apps.photos/u0a190 (adj 975): empty #17
04-27 22:21:51.924  1968  4125 I ActivityManager: Killing 19511:android.process.acore/u0a68 (adj 985): empty #18
04-27 22:21:51.956  1968  4141 D ActivityManager: makeInactive, ProcessRecord{3b1abe3 19511:android.process.acore/u0a68}, clear holder.state
04-27 22:21:51.956   925   925 I Zygote  : Process 19511 exited due to signal 9 (Killed)
04-27 22:21:51.964  1968  2764 D ConnectivityService: ConnectivityService NetworkRequestInfo binderDied(NetworkRequest [ TRACK_DEFAULT id=158, [ Capabilities: INTERNET&NOT_RESTRICTED&TRUSTED Uid: 10190] ], android.os.BinderProxy@99789e0)
04-27 22:21:51.965  1968  2600 D ConnectivityService: releasing NetworkRequest [ TRACK_DEFAULT id=158, [ Capabilities: INTERNET&NOT_RESTRICTED&TRUSTED Uid: 10190] ] (release request)
04-27 22:21:51.965  1968  3881 D ActivityManager: makeInactive, ProcessRecord{dd73dda 17910:com.google.android.apps.photos/u0a190}, clear holder.state
04-27 22:21:51.971   925   925 I Zygote  : Process 17910 exited due to signal 9 (Killed)
04-27 22:21:51.977  1968  2160 I chatty  : uid=1000(system) ActivityManager expire 2 lines
04-27 22:21:52.141  1276 20093 D AudioTrack: stop(29): called with 69129 frames delivered
04-27 22:21:52.183 20117 20219 W s.youtube.musi: Verification of java.lang.String com.google.android.gms.ads.adshield.internal.a.b(ano, byte[]) took 251.343ms
04-27 22:21:52.289  1968  4141 D ConnectivityService: requestNetwork for uid/pid:10103/20117 NetworkRequest [ TRACK_DEFAULT id=172, [ Capabilities: INTERNET&NOT_RESTRICTED&TRUSTED Uid: 10103] ]
04-27 22:21:52.293  1968  2562 D UntrustedWifiNetworkFactory: got request NetworkRequest [ TRACK_DEFAULT id=172, [ Capabilities: INTERNET&NOT_RESTRICTED&TRUSTED Uid: 10103] ] with score 60 and serial -1
04-27 22:21:52.295  2882  2882 D PhoneSwitcherNetworkRequstListener: got request NetworkRequest [ TRACK_DEFAULT id=172, [ Capabilities: INTERNET&NOT_RESTRICTED&TRUSTED Uid: 10103] ] with score 60 and serial -1
04-27 22:21:52.318  3149 20100 W CCTFlatFileLogStore: Excessive logging: 1 events, 277284 bytes from log source BATTERY_STATS last 0s
04-27 22:21:52.352  1033  3136 I vendor.qti.bluetooth@1.0-ibs_handler: DeviceSleep: TX Awake, Sending SLEEP_IND
04-27 22:21:52.352  1033  3136 D vendor.qti.bluetooth@1.0-ibs_handler: SerialClockVote: vote for UART CLK OFF
04-27 22:21:52.503  1033  2965 D vendor.qti.bluetooth@1.0-wake_lock: Release wakelock is released 
04-27 22:21:52.506  2658  3182 D Avrcp_ext: AudioManager Player: ID:23 -- type:android.media.SoundPool -- u/pid:1000/1968 -- state:idle -- attr:AudioAttributes: usage=USAGE_ASSISTANCE_SONIFICATION content=CONTENT_TYPE_SONIFICATION flags=0x800 tags= bundle=null
04-27 22:21:52.506  2658  3182 D Avrcp_ext: AudioManager Player: ID:55 -- type:android.media.SoundPool -- u/pid:10144/2678 -- state:idle -- attr:AudioAttributes: usage=USAGE_ASSISTANCE_SONIFICATION content=CONTENT_TYPE_SONIFICATION flags=0x800 tags= bundle=null
04-27 22:21:52.506  2658  3182 D Avrcp_ext: AudioManager Player: ID:151 -- type:android.media.MediaPlayer -- u/pid:10145/19777 -- state:idle -- attr:AudioAttributes: usage=USAGE_UNKNOWN content=CONTENT_TYPE_UNKNOWN flags=0x800 tags= bundle=null
04-27 22:21:52.506  4265  4420 D DynamicVolume-DynamicVolumeService: onPlaybackConfigChanged configs size=4
04-27 22:21:52.507  2658  3182 D Avrcp_ext: AudioManager Player: ID:183 -- type:android.media.MediaPlayer -- u/pid:10144/2678 -- state:stopped -- attr:AudioAttributes: usage=USAGE_ASSISTANCE_SONIFICATION content=CONTENT_TYPE_SONIFICATION flags=0x800 tags= bundle=null
04-27 22:21:52.507  2658  3182 D Avrcp_ext: AudioManager isPlaying: false
04-27 22:21:52.507  2658  3182 V Avrcp_ext: updateCurrentMediaState: mMediaController: null
04-27 22:21:52.507  4265  4420 D DynamicVolume-AudioPlaybackConfigurationUtil: getPlayerState=1
04-27 22:21:52.508  2658  3182 V Avrcp_ext: isMusicActive: false getBluetoothPlayState: 2
04-27 22:21:52.508  2658  3182 V Avrcp_ext: updateCurrentMediaState: isPlaying = false
04-27 22:21:52.508  2658  3182 V Avrcp_ext: Media update: id -1-1? [MediaAttributes: none] : [MediaAttributes: none]
04-27 22:21:52.508  2658  3182 V Avrcp_ext: newPlayStatus:2mReportedPlayStatus:-1
04-27 22:21:52.508  2658  3182 V Avrcp_ext: updatePlaybackState, state: PlaybackState {state=2, position=-1, buffered position=0, speed=0.0, updated=2068308, actions=0, custom actions=[], active item id=-1, error=null} device: null
04-27 22:21:52.508  2658  3182 V Avrcp_ext: Device: no name: 
04-27 22:21:52.508  2658  3182 V Avrcp_ext: Device: no name: 
04-27 22:21:52.508  2658  3182 V Avrcp_ext: updatePlayerStateAndPosition, old=PlaybackState {state=2, position=-1, buffered position=0, speed=0.0, updated=2066549, actions=0, custom actions=[], active item id=-1, error=null}, state=PlaybackState {state=2, position=-1, buffered position=0, speed=0.0, updated=2068308, actions=0, custom actions=[], active item id=-1, error=null}
04-27 22:21:52.508  2658  3182 V Avrcp_ext: old state = PlaybackState {state=2, position=-1, buffered position=0, speed=0.0, updated=2066549, actions=0, custom actions=[], active item id=-1, error=null}, new state= PlaybackState {state=2, position=-1, buffered position=0, speed=0.0, updated=2068308, actions=0, custom actions=[], active item id=-1, error=null}
04-27 22:21:52.508  2658  3182 D HeadsetService: getHeadsetService(): returning com.android.bluetooth.hfp.HeadsetService@dc839dc
04-27 22:21:52.509  2658  3182 D HeadsetService:  isAudioOn: The number of audio connected devices 0
04-27 22:21:52.509  2658  3182 D HeadsetService: isScoOrCallActive(): Call Active:falseCall is Ringing:falseSCO is Active:false
04-27 22:21:52.509  2658  3182 D HeadsetService:  isAudioOn: The number of audio connected devices 0
04-27 22:21:52.509  2658  3182 I Avrcp_ext: updatePlayStatusForDevice: device: null
04-27 22:21:52.509  2658  3182 V Avrcp_ext: updatePlaybackState (1): old=PlaybackState {state=2, position=-1, buffered position=0, speed=0.0, updated=2066549, actions=0, custom actions=[], active item id=-1, error=null}(2), new=PlaybackState {state=2, position=-1, buffered position=0, speed=0.0, updated=2068308, actions=0, custom actions=[], active item id=-1, error=null}(2)
04-27 22:21:52.509  2658  3182 I Avrcp_ext: Exit updatePlayStatusForDevice
04-27 22:21:52.510  2658  3182 D HeadsetService:  isAudioOn: The number of audio connected devices 0
04-27 22:21:52.510  2658  3182 D HeadsetService: isScoOrCallActive(): Call Active:falseCall is Ringing:falseSCO is Active:false
04-27 22:21:52.510  2658  3182 D HeadsetService:  isAudioOn: The number of audio connected devices 0
04-27 22:21:52.510  2658  3182 I Avrcp_ext: updatePlayStatusForDevice: device: null
04-27 22:21:52.511  2658  3182 V Avrcp_ext: updatePlaybackState (1): old=PlaybackState {state=2, position=-1, buffered position=0, speed=0.0, updated=2066549, actions=0, custom actions=[], active item id=-1, error=null}(2), new=PlaybackState {state=2, position=-1, buffered position=0, speed=0.0, updated=2068308, actions=0, custom actions=[], active item id=-1, error=null}(2)
04-27 22:21:52.511  2658  3182 I Avrcp_ext: Exit updatePlayStatusForDevice
04-27 22:21:52.512  2658  3182 D HeadsetService:  isAudioOn: The number of audio connected devices 0
04-27 22:21:52.512  2658  3182 D HeadsetService: isScoOrCallActive(): Call Active:falseCall is Ringing:falseSCO is Active:false
04-27 22:21:52.512  2658  3182 D HeadsetService:  isAudioOn: The number of audio connected devices 0
04-27 22:21:52.512  2658  3182 I Avrcp_ext: updatePlayStatusForDevice: device: null
04-27 22:21:52.512  2658  3182 V Avrcp_ext: updatePlaybackState (1): old=PlaybackState {state=2, position=-1, buffered position=0, speed=0.0, updated=2066549, actions=0, custom actions=[], active item id=-1, error=null}(2), new=PlaybackState {state=2, position=-1, buffered position=0, speed=0.0, updated=2068308, actions=0, custom actions=[], active item id=-1, error=null}(2)
04-27 22:21:52.512  2658  3182 I Avrcp_ext: Exit updatePlayStatusForDevice
04-27 22:21:52.513  2658  3182 D HeadsetService:  isAudioOn: The number of audio connected devices 0
04-27 22:21:52.513  2658  3182 D HeadsetService: isScoOrCallActive(): Call Active:falseCall is Ringing:falseSCO is Active:false
04-27 22:21:52.513  2658  3182 D HeadsetService:  isAudioOn: The number of audio connected devices 0
04-27 22:21:52.514  2658  3182 I Avrcp_ext: updatePlayStatusForDevice: device: null
04-27 22:21:52.514  2658  3182 V Avrcp_ext: updatePlaybackState (1): old=PlaybackState {state=2, position=-1, buffered position=0, speed=0.0, updated=2066549, actions=0, custom actions=[], active item id=-1, error=null}(2), new=PlaybackState {state=2, position=-1, buffered position=0, speed=0.0, updated=2068308, actions=0, custom actions=[], active item id=-1, error=null}(2)
04-27 22:21:52.514  2658  3182 I Avrcp_ext: Exit updatePlayStatusForDevice
04-27 22:21:52.515  2658  3182 D HeadsetService:  isAudioOn: The number of audio connected devices 0
04-27 22:21:52.515  2658  3182 D HeadsetService: isScoOrCallActive(): Call Active:falseCall is Ringing:falseSCO is Active:false
04-27 22:21:52.515  2658  3182 D HeadsetService:  isAudioOn: The number of audio connected devices 0
04-27 22:21:52.515  2658  3182 I Avrcp_ext: updatePlayStatusForDevice: device: null
04-27 22:21:52.515  2658  3182 V Avrcp_ext: updatePlaybackState (1): old=PlaybackState {state=2, position=-1, buffered position=0, speed=0.0, updated=2066549, actions=0, custom actions=[], active item id=-1, error=null}(2), new=PlaybackState {state=2, position=-1, buffered position=0, speed=0.0, updated=2068308, actions=0, custom actions=[], active item id=-1, error=null}(2)
04-27 22:21:52.515  2658  3182 I Avrcp_ext: Exit updatePlayStatusForDevice
04-27 22:21:52.515  2658  3182 D Avrcp_ext: Enter sendPlayPosNotificationRsp
04-27 22:21:52.515  2658  3182 D Avrcp_ext: sendPlayPosNotificationRsp: Not registered or requesting.
04-27 22:21:52.515  2658  3182 D Avrcp_ext: Enter sendPlayPosNotificationRsp
04-27 22:21:52.515  2658  3182 D Avrcp_ext: sendPlayPosNotificationRsp: Not registered or requesting.
04-27 22:21:52.515  2658  3182 D Avrcp_ext: Enter sendPlayPosNotificationRsp
04-27 22:21:52.515  2658  3182 D Avrcp_ext: sendPlayPosNotificationRsp: Not registered or requesting.
04-27 22:21:52.515  2658  3182 D Avrcp_ext: Enter sendPlayPosNotificationRsp
04-27 22:21:52.515  2658  3182 D Avrcp_ext: sendPlayPosNotificationRsp: Not registered or requesting.
04-27 22:21:52.515  2658  3182 D Avrcp_ext: Enter sendPlayPosNotificationRsp
04-27 22:21:52.515  2658  3182 D Avrcp_ext: sendPlayPosNotificationRsp: Not registered or requesting.
04-27 22:21:52.515  2658  3182 V Avrcp_ext: Exit updatePlayerStateAndPosition
04-27 22:21:52.524  1113  1222 D APM_AudioPolicyManager: stopOutput() output 13, stream 1, session 233
04-27 22:21:52.932  3149  3161 I .gms.persisten: NativeAlloc concurrent copying GC freed 74302(5270KB) AllocSpace objects, 20(1156KB) LOS objects, 49% free, 12MB/25MB, paused 59us total 104.703ms
04-27 22:21:53.214  1968  2129 D UsbDeviceManager: Clear notification
04-27 22:21:53.219  1968  2129 D UsbDeviceManager: applyOemOverride usbfunctions=adb bootmode=normal
04-27 22:21:53.761  2643  2821 I WifiHAL : event received NL80211_CMD_VENDOR, vendor_id = 0x1374, subcmd = 0xd
04-27 22:21:53.861  1968  2129 D UsbDeviceManager: push notification:Dit apparaat wordt opgeladen via USB
04-27 22:21:54.061  1708 19902 I adbd    : USB event: FUNCTIONFS_ENABLE
04-27 22:21:54.576  1708  1708 I adbd    : UsbFfs: already offline
04-27 22:21:54.576  1708  1708 I adbd    : Calling send_auth_request...
04-27 22:21:54.585  1708  1708 I adbd    : Calling send_auth_request...
04-27 22:21:54.591  1968  3381 D AdbDebuggingManager: Received public key: QAAAAFWXpn8DUkd8Vq0ghyVg8PBforfX/oIZymkL+NvurYwDGoe+Ih8JyXvEzqJcVSe/Wp0OABOxFQzKSUUeI/i6hKy8IaHOuAt0KB2Dsl5t5xfwHFNEqOCoWhOExpo+NVGPr24/JmasShPIhRiZBP6QgHl631hD55y3R234kQpv88QCz9L1DspYHxKx5iCb1uBMa8WO7u8x5tz21qCW9F/Cyt3YWVda4I7m6QYyGTQU0/UzLy//R1YiPDdW6j7UH4QL5uA9SYGF9q6b7IXZo2k3IRvjV+b8bM9s38n/5p5qsy4lqyYvDWBXdCCwgXGWkfyKKDUXIiNEYbvsuVRqLqKZ3MZDECCv/+w2K2Ytxt1w5ZjrJMLtXqYzVL/2DCDPIKrCjr5MWWE6iGbC57ZpgJyNYnuGpQPdoi/C11otT75U55/sr0DSWzDI9y7y0rP+kbgM9FXc7nYsMFNDbQ9nJjpzv6NVxmYzw82rY1DQRprRJVgNGqz9n/to5FRj/1BcuhEyEiKcvkC1hKfq8RTVAdZRlIo9KCwu9GAA5v1n4V82JlJXYAmqmAv+fDsjgorQjr8mdRCq4sCVy8rMwlDBL6trdPut7zk3iMzcMJVi3iwSExI0vtnmg4ouZ9ACAJaQnftXjSLk7uEEwdsiQeb+SqDU7y5iAwgYvH03Jhf+PDVC3R3bMf3LGgEAAQA= keu@keuDell
04-27 22:21:54.592  1968  2129 D AdbDebuggingManager: Logging key QAAAAFWXpn8DUkd8Vq0ghyVg8PBforfX/oIZymkL+NvurYwDGoe+Ih8JyXvEzqJcVSe/Wp0OABOxFQzKSUUeI/i6hKy8IaHOuAt0KB2Dsl5t5xfwHFNEqOCoWhOExpo+NVGPr24/JmasShPIhRiZBP6QgHl631hD55y3R234kQpv88QCz9L1DspYHxKx5iCb1uBMa8WO7u8x5tz21qCW9F/Cyt3YWVda4I7m6QYyGTQU0/UzLy//R1YiPDdW6j7UH4QL5uA9SYGF9q6b7IXZo2k3IRvjV+b8bM9s38n/5p5qsy4lqyYvDWBXdCCwgXGWkfyKKDUXIiNEYbvsuVRqLqKZ3MZDECCv/+w2K2Ytxt1w5ZjrJMLtXqYzVL/2DCDPIKrCjr5MWWE6iGbC57ZpgJyNYnuGpQPdoi/C11otT75U55/sr0DSWzDI9y7y0rP+kbgM9FXc7nYsMFNDbQ9nJjpzv6NVxmYzw82rY1DQRprRJVgNGqz9n/to5FRj/1BcuhEyEiKcvkC1hKfq8RTVAdZRlIo9KCwu9GAA5v1n4V82JlJXYAmqmAv+fDsjgorQjr8mdRCq4sCVy8rMwlDBL6trdPut7zk3iMzcMJVi3iwSExI0vtnmg4ouZ9ACAJaQnftXjSLk7uEEwdsiQeb+SqDU7y5iAwgYvH03Jhf+PDVC3R3bMf3LGgEAAQA= keu@keuDell, state = 1, alwaysAllow = false, lastConnectionTime = 0, authWindow = 604800000
04-27 22:21:54.594  1968  2129 I ActivityTaskManager: START u0 {flg=0x10000000 cmp=com.android.systemui/.usb.UsbDebuggingActivity (has extras)} from uid 1000
04-27 22:21:54.614  1968  2129 D ActivityTaskManager: getPreferredLaunchDisplay userset_displayid false current displayId 0 paramsprefer_displayid 0
04-27 22:21:54.614  1968  2129 I chatty  : uid=1000(system) android.fg identical 1 line
04-27 22:21:54.620  1968  2129 D ActivityTaskManager: getPreferredLaunchDisplay userset_displayid false current displayId 0 paramsprefer_displayid 0
04-27 22:21:54.627  1968  2129 D WindowManager: display 0 setAppTransitionState 0
04-27 22:21:54.630  9526  9645 D MCLOG   : [MC_TriggerHelper] PauseResumeTrigger
04-27 22:21:54.636  1968  4141 D WindowManager: display 0 setAppTransitionState 0
04-27 22:21:54.637  2678  2678 W ActivityThread: handleWindowVisibility: no activity for token android.os.BinderProxy@995ab4c
04-27 22:21:54.639  1968  4141 V WindowManager: Changing focus from Window{2d69616 u0 com.android.settings/com.android.settings.SubSettings} to null displayId=0
04-27 22:21:54.639  9526  9645 D MCLOG   : [MC_TriggerHelper] PauseResumeTrigger
04-27 22:21:54.640  1968  4141 D WindowManager: display 0 setAppTransitionState 1
04-27 22:21:54.675  1968  2764 E WindowManager: App trying to use insecure INPUT_FEATURE_NO_INPUT_CHANNEL flag. Ignoring
04-27 22:21:54.685  1968  2764 V WindowManager: Changing focus from null to Window{6b8e8be u0 com.android.systemui/com.android.systemui.usb.UsbDebuggingActivity} displayId=0
04-27 22:21:54.697  1968  2135 I LaunchCheckinHandler: Displayed com.android.systemui/.usb.UsbDebuggingActivity,wp,ca,61
04-27 22:21:54.697  1968  2135 I WindowManager: Window drawn AppWindowToken{2c26027 token=Token{f9a62e6 ActivityRecord{95fcd41 u0 com.android.systemui/.usb.UsbDebuggingActivity t15}}}
04-27 22:21:54.698  1968  2135 D WindowManager: display 0 setAppTransitionState 2
04-27 22:21:54.698  1968  2135 D WindowManager: display 0 setAppTransitionState 0
04-27 22:21:54.702  1968  2135 I WindowManager:   SURFACE show Surface(name=com.android.systemui/com.android.systemui.usb.UsbDebuggingActivity)/@0x4992d1f on display:0: com.android.systemui/com.android.systemui.usb.UsbDebuggingActivity
04-27 22:21:54.704  1968  2147 I ActivityTaskManager: Displayed com.android.systemui/.usb.UsbDebuggingActivity: +104ms
04-27 22:21:54.774  1030 19882 E sensors-hal: handle_sns_client_event:62, mot_disprot_event: now=2070574410317 ts=2070534063761, type=0, status=3
04-27 22:21:55.041  1968  2796 D VibratorService: Vibration request from: android.uid.system:1000 request pid: 1968
04-27 22:21:55.044  1968  2500 V InputDispatcher: Asynchronous input event injection succeeded.
04-27 22:21:55.084  1968  2500 V InputDispatcher: Asynchronous input event injection succeeded.
04-27 22:21:55.087  1968  2132 V WindowManager: Changing focus from Window{6b8e8be u0 com.android.systemui/com.android.systemui.usb.UsbDebuggingActivity} to Window{2d69616 u0 com.android.settings/com.android.settings.SubSettings} displayId=0
04-27 22:21:55.087  1968  2132 D WindowManager: display 0 setAppTransitionState 0
04-27 22:21:55.089  9526  9645 D MCLOG   : [MC_TriggerHelper] PauseResumeTrigger
04-27 22:21:55.091  1968  2132 W ActivityTaskManager: Duplicate finish request for ActivityRecord{95fcd41 u0 com.android.systemui/.usb.UsbDebuggingActivity t15 f}
04-27 22:21:55.094  1968  2132 I ActivityTaskManager: START u0 {act=android.intent.action.MAIN cat=[android.intent.category.HOME] flg=0x10000100 cmp=com.motorola.launcher3/com.android.launcher3.CustomizationPanelLauncher (has extras)} from uid 0
04-27 22:21:55.095  1968  2132 D ActivityTaskManager: getPreferredLaunchDisplay userset_displayid true current displayId 0 paramsprefer_displayid 0
04-27 22:21:55.095  1968  2132 D ActivityTaskManager: getPreferredLaunchDisplay userset_displayid true current displayId 0 paramsprefer_displayid 0
04-27 22:21:55.096  1968  2132 V WindowManager: Changing focus from Window{2d69616 u0 com.android.settings/com.android.settings.SubSettings} to null displayId=0
04-27 22:21:55.097  1968  2132 D WindowManager: display 0 setAppTransitionState 0
04-27 22:21:55.104  1968  2764 D WindowManager: display 0 setAppTransitionState 0
04-27 22:21:55.106  1968  2764 D WindowManager: display 0 setAppTransitionState 1
04-27 22:21:55.107  9526  9645 D MCLOG   : [MC_TriggerHelper] PauseResumeTrigger
04-27 22:21:55.120  2678  2678 V StatusBar: mStatusBarWindow: com.android.systemui.statusbar.phone.StatusBarWindowView{483b3ce V.E...... ........ 0,0-720,54} canPanelBeCollapsed(): false
04-27 22:21:55.120  2678  2678 V StatusBar: mStatusBarWindow: com.android.systemui.statusbar.phone.StatusBarWindowView{483b3ce V.E...... ........ 0,0-720,54} collapseBySetDisable: false
04-27 22:21:55.133  4265  4427 W DynamicVolume-DynamicVolumeService: onForegroundActivitiesChanged, but feature not opened, ignore! 
04-27 22:21:55.141  1968  3881 V WindowManager: Changing focus from null to Window{c47334e u0 com.motorola.launcher3/com.android.launcher3.CustomizationPanelLauncher} displayId=0
04-27 22:21:55.147  4243 16608 D AssistReceiver: call: lightWakeup | null | null
04-27 22:21:55.165  2967  4250 D Launcher.IconCache: Package not found: com.zui.deskclock
04-27 22:21:55.167  2967  4250 D Launcher.IconCache: Package not found: com.motorola.cn.deskclock
04-27 22:21:55.169  1968  2135 I WindowManager:   SURFACE show Surface(name=com.android.systemui.ImageWallpaper)/@0xae71fa6 on display:0: com.android.systemui.ImageWallpaper
04-27 22:21:55.174  1968  2135 I LaunchCheckinHandler: Displayed com.motorola.launcher3/com.android.launcher3.CustomizationPanelLauncher,wp,wa,79
04-27 22:21:55.174  1968  2135 I WindowManager: Window drawn AppWindowToken{9deb050 token=Token{6fca613 ActivityRecord{8539d02 u0 com.motorola.launcher3/com.android.launcher3.CustomizationPanelLauncher t2}}}
04-27 22:21:55.174  1968  2135 D WindowManager: display 0 setAppTransitionState 2
04-27 22:21:55.200  1968  2135 I WindowManager:   SURFACE show Surface(name=com.motorola.launcher3/com.android.launcher3.CustomizationPanelLauncher)/@0x39bfe88 on display:0: com.motorola.launcher3/com.android.launcher3.CustomizationPanelLauncher
04-27 22:21:55.205  3046  3046 I GoogleInputMethodService: GoogleInputMethodService.onFinishInput():3182 
04-27 22:21:55.207  3046  3046 I GoogleInputMethodService: GoogleInputMethodService.updateDeviceLockedStatus():2077 checkRepeatedly = false, unlocked = true
04-27 22:21:55.207  3046  3046 I GoogleInputMethodService: GoogleInputMethodService.onStartInput():1885 onStartInput(EditorInfo{inputType=0x0(NULL) imeOptions=0x0 privateImeOptions=null actionName=UNSPECIFIED actionLabel=null actionId=0 initialSelStart=-1 initialSelEnd=-1 initialCapsMode=0x0 hintText=null label=null packageName=com.motorola.launcher3 fieldId=-1 fieldName=null extras=null}, false)
04-27 22:21:55.207  3046  3046 I GoogleInputMethodService: GoogleInputMethodService.updateDeviceLockedStatus():2077 checkRepeatedly = true, unlocked = true
04-27 22:21:55.429  2678  2678 D vol.VolumeDialogImpl: mDialog.dismiss()
04-27 22:21:55.492  1029  1640 D audio_hw_primary: disable_audio_route: usecase(1) reset and update mixer path: low-latency-playback speaker
04-27 22:21:55.499  1029  1640 D audio_hw_primary: disable_snd_device: snd_device(125: vi-feedback)
04-27 22:21:55.499  1029  1640 D audio_hw_primary: disable_audio_route: usecase(26) reset and update mixer path: spkr-vi-record
04-27 22:21:55.500  1029  1640 D audio_hw_primary: disable_snd_device: snd_device(2: speaker)
04-27 22:21:55.633  1968  2135 D WindowManager: display 0 setAppTransitionState 0
04-27 22:21:55.653  1968  2796 I WindowManager: Window drawn AppWindowToken{2c26027 token=Token{f9a62e6 ActivityRecord{95fcd41 u0 com.android.systemui/.usb.UsbDebuggingActivity t15}}}
04-27 22:21:55.659  1968  4883 I WindowManager: Window drawn AppWindowToken{e3e3642 token=Token{883a48d ActivityRecord{5a0124 u0 com.android.settings/.SubSettings t12}}}
04-27 22:21:55.686  4265  4427 W DynamicVolume-DynamicVolumeService: onForegroundActivitiesChanged, but feature not opened, ignore! 
04-27 22:21:55.695  1276  1402 D NuPlayerDriver: reset(0xf615c460) at state 6
04-27 22:21:55.698  1276 20094 I MediaCodec: (0xf1c9f000) flush
04-27 22:21:55.699  1276 20094 I MediaCodec: (0xf1c9f000) release
04-27 22:21:55.704  1276 20085 D NuPlayerDriver: notifyResetComplete(0xf615c460)
04-27 22:21:55.704  1276  1402 D NuPlayerDriver: reset(0xf615c460) at state 0
04-27 22:21:55.705  1276  1402 W AMessage: failed to post message as target looper for handler 0 is gone.
04-27 22:21:55.706  2678  2694 V MediaPlayer: resetDrmState:  mDrmInfo=null mDrmProvisioningThread=null mPrepareDrmInProgress=false mActiveDrmScheme=false
04-27 22:21:55.706  2678  2694 V MediaPlayer: cleanDrmObj: mDrmObj=null mDrmSessionId=null
04-27 22:21:55.706  2678  2694 V MediaPlayer: resetDrmState:  mDrmInfo=null mDrmProvisioningThread=null mPrepareDrmInProgress=false mActiveDrmScheme=false
04-27 22:21:55.706  2678  2694 V MediaPlayer: cleanDrmObj: mDrmObj=null mDrmSessionId=null
04-27 22:21:55.708  2658  3182 D Avrcp_ext: AudioManager Player: ID:23 -- type:android.media.SoundPool -- u/pid:1000/1968 -- state:idle -- attr:AudioAttributes: usage=USAGE_ASSISTANCE_SONIFICATION content=CONTENT_TYPE_SONIFICATION flags=0x800 tags= bundle=null
04-27 22:21:55.708  2658  3182 D Avrcp_ext: AudioManager Player: ID:55 -- type:android.media.SoundPool -- u/pid:10144/2678 -- state:idle -- attr:AudioAttributes: usage=USAGE_ASSISTANCE_SONIFICATION content=CONTENT_TYPE_SONIFICATION flags=0x800 tags= bundle=null
04-27 22:21:55.708  2658  3182 D Avrcp_ext: AudioManager Player: ID:151 -- type:android.media.MediaPlayer -- u/pid:10145/19777 -- state:idle -- attr:AudioAttributes: usage=USAGE_UNKNOWN content=CONTENT_TYPE_UNKNOWN flags=0x800 tags= bundle=null
04-27 22:21:55.708  2658  3182 D Avrcp_ext: AudioManager isPlaying: false
04-27 22:21:55.708  4265  4420 D DynamicVolume-DynamicVolumeService: onPlaybackConfigChanged configs size=3
04-27 22:21:55.708  4265  4420 D DynamicVolume-AudioPlaybackConfigurationUtil: getPlayerState=1
04-27 22:21:55.709  1113  1226 D AudioFlinger: AudioFlinger::unRegisterAudioTrackClient AudioClient uid 10144, pid 2678, clientId 9
04-27 22:21:55.709  1113  1226 D AudioFlinger: AudioFlinger::TrackClient::~TrackClient() pid: 2678, clientId: 9
04-27 22:21:55.709  1113  1226 D AudioFlinger: AudioFlinger::TrackClientMap::removeItem, after removing, mClientPid is 2678, mClients size is 1
04-27 22:21:55.763  2643  2821 I WifiHAL : event received NL80211_CMD_VENDOR, vendor_id = 0x1374, subcmd = 0xd
04-27 22:21:55.917 20104 20148 I gle.android.tt: Waiting for a blocking GC ProfileSaver
04-27 22:21:55.955 20117 20150 I s.youtube.musi: Waiting for a blocking GC ProfileSaver
04-27 22:21:56.005 20117 20150 I s.youtube.musi: WaitForGcToComplete blocked ProfileSaver on ClassLinker for 50.333ms
04-27 22:21:56.299  3149 19061 I NetworkScheduler.Stats: Task com.google.android.gms/com.google.android.gms.clearcut.uploader.QosUploaderService finished executing. cause:6 result: 1 elapsed_millis: 5524 uptime_millis: 5524 exec_start_elapsed_seconds: 2066 [CONTEXT service_id=218 ]
04-27 22:21:56.308  1968  2615 D VibratorService: Vibration request from: android.uid.system:1000 request pid: 1968
04-27 22:21:56.310  1968  2500 V InputDispatcher: Asynchronous input event injection succeeded.
04-27 22:21:56.406  1968  2500 V InputDispatcher: Asynchronous input event injection succeeded.
04-27 22:21:56.410  1968  2132 I ActivityTaskManager: START u0 {act=android.intent.action.MAIN cat=[android.intent.category.HOME] flg=0x10000100 cmp=com.motorola.launcher3/com.android.launcher3.CustomizationPanelLauncher (has extras)} from uid 0
04-27 22:21:56.410  1968  2132 D ActivityTaskManager: getPreferredLaunchDisplay userset_displayid true current displayId 0 paramsprefer_displayid 0
04-27 22:21:56.411  1968  2132 D ActivityTaskManager: getPreferredLaunchDisplay userset_displayid true current displayId 0 paramsprefer_displayid 0
04-27 22:21:56.416  2678  2678 V StatusBar: mStatusBarWindow: com.android.systemui.statusbar.phone.StatusBarWindowView{483b3ce V.E...... ........ 0,0-720,54} canPanelBeCollapsed(): false
04-27 22:21:56.416  2678  2678 V StatusBar: mStatusBarWindow: com.android.systemui.statusbar.phone.StatusBarWindowView{483b3ce V.E...... ........ 0,0-720,54} collapseBySetDisable: false
04-27 22:21:56.422  4243 16608 D AssistReceiver: call: lightWakeup | null | null
04-27 22:21:56.732  2678  2678 D vol.VolumeDialogImpl: mDialog.dismiss()
04-27 22:21:57.015  1968  2430 D BatteryService: uevent={POWER_SUPPLY_DP_DM=0, POWER_SUPPLY_VOLTAGE_QNOVO=-22, POWER_SUPPLY_VOLTAGE_NOW=4348190, POWER_SUPPLY_SW_JEITA_ENABLED=0, POWER_SUPPLY_FORCE_RECHARGE=0, POWER_SUPPLY_CHARGE_CONTROL_LIMIT_MAX=8, POWER_SUPPLY_RECHARGE_SOC=99, POWER_SUPPLY_HEALTH=Good, POWER_SUPPLY_TECHNOLOGY=Li-ion, POWER_SUPPLY_CHARGER_TEMP_MAX=160, POWER_SUPPLY_FCC_STEPPER_ENABLE=0, SEQNUM=9678, POWER_SUPPLY_INPUT_CURRENT_LIMITED=1, POWER_SUPPLY_CHARGE_CONTROL_LIMIT=0, POWER_SUPPLY_STATUS=Charging, POWER_SUPPLY_CYCLE_COUNT=42, POWER_SUPPLY_BATTERY_CHARGING_ENABLED=1, POWER_SUPPLY_CURRENT_MAX=2200000, POWER_SUPPLY_CHARGE_TERM_CURRENT=-102, POWER_SUPPLY_CAPACITY=100, DEVPATH=/devices/platform/soc/1c40000.qcom,spmi/spmi-0/spmi0-02/1c40000.qcom,spmi:qcom,pmi632@2:qcom,qpnp-smb5/power_supply/battery, POWER_SUPPLY_CHARGE_DONE=0, POWER_SUPPLY_CHARGE_TYPE=Fast, POWER_SUPPLY_CHARGER_TEMP=232, POWER_SUPPLY_CHARGE_RATE=Normal, POWER_SUPPLY_CURRENT_QNOVO=-22, POWER_SUPPLY_CURRENT_NOW=47454, POWER_SUPPLY_SYSTEM_TEMP_LEVEL=0, POWER_SUPPLY_PRESENT=1, POWER_SUPPLY_PARALLEL_DISABLE=0, POWER_SUPPLY_CHARGE_FULL=5029000, POWER_SUPPLY_CONSTANT_CHARGE_CURRENT=2200000, SUBSYSTEM=power_supply, POWER_SUPPLY_SET_SHIP_MODE=0, POWER_SUPPLY_TEMP=238, ACTION=change, POWER_SUPPLY_RERUN_AICL=0, POWER_SUPPLY_AGE=100, POWER_SUPPLY_NAME=battery, POWER_SUPPLY_VOLTAGE_MAX=-22, POWER_SUPPLY_CONSTANT_CHARGE_CURRENT_MAX=2200000, POWER_SUPPLY_CHARGE_COUNTER=4928420, POWER_SUPPLY_STEP_CHARGING_ENABLED=0, POWER_SUPPLY_NUM_SYSTEM_TEMP_LEVELS=8, POWER_SUPPLY_DIE_HEALTH=Cool, POWER_SUPPLY_INPUT_SUSPEND=0}
04-27 22:21:57.035  4243  4442 D CmdCenter: - RowBase2: sPrevModStatus: 1, modStatus: 1
04-27 22:21:57.035  4243  4442 D CmdCenter: - RowBase2: sPrevPlugType: 2 plugType: 2
04-27 22:21:57.406  1030 19882 E sensors-hal: handle_sns_client_event:62, mot_disprot_event: now=2073206529017 ts=2073040613344, type=16, status=3
04-27 22:21:57.775  2643  2821 I WifiHAL : event received NL80211_CMD_VENDOR, vendor_id = 0x1374, subcmd = 0xd
04-27 22:21:57.776  1384  1384 I chatty  : uid=1000(system) /system/vendor/bin/cnss-daemon expire 12 lines
04-27 22:21:57.793  1968  2796 I ActivityManager: Killing 19639:com.motorola.carriersettingsext/u0a114 (adj 985): empty #17
04-27 22:21:57.826  1968  2796 D ActivityManager: makeInactive, ProcessRecord{b5090df 19639:com.motorola.carriersettingsext/u0a114}, clear holder.state
04-27 22:21:57.826   925   925 I Zygote  : Process 19639 exited due to signal 9 (Killed)
04-27 22:21:57.829  1968  2160 I libprocessgroup: Successfully killed process cgroup uid 10114 pid 19639 in 34ms
04-27 22:21:58.183 20149 20369 I GH.PrimesMgr: transmitting to prod
04-27 22:21:58.229 20149 20149 V ClearcutMetricXmitter: Transmission is done.
04-27 22:21:59.783  2643  2821 I WifiHAL : event received NL80211_CMD_VENDOR, vendor_id = 0x1374, subcmd = 0xd
04-27 22:22:00.093  2967  4250 D Launcher.IconCache: Package not found: com.zui.deskclock
04-27 22:22:00.095  2967  4250 D Launcher.IconCache: Package not found: com.motorola.cn.deskclock
04-27 22:22:00.912  1968  2430 D BatteryService: uevent={POWER_SUPPLY_DP_DM=0, POWER_SUPPLY_VOLTAGE_QNOVO=-22, POWER_SUPPLY_VOLTAGE_NOW=4351499, POWER_SUPPLY_SW_JEITA_ENABLED=0, POWER_SUPPLY_FORCE_RECHARGE=0, POWER_SUPPLY_CHARGE_CONTROL_LIMIT_MAX=8, POWER_SUPPLY_RECHARGE_SOC=99, POWER_SUPPLY_HEALTH=Good, POWER_SUPPLY_TECHNOLOGY=Li-ion, POWER_SUPPLY_CHARGER_TEMP_MAX=160, POWER_SUPPLY_FCC_STEPPER_ENABLE=0, SEQNUM=9679, POWER_SUPPLY_INPUT_CURRENT_LIMITED=1, POWER_SUPPLY_CHARGE_CONTROL_LIMIT=0, POWER_SUPPLY_STATUS=Charging, POWER_SUPPLY_CYCLE_COUNT=42, POWER_SUPPLY_BATTERY_CHARGING_ENABLED=1, POWER_SUPPLY_CURRENT_MAX=2200000, POWER_SUPPLY_CHARGE_TERM_CURRENT=-102, POWER_SUPPLY_CAPACITY=100, DEVPATH=/devices/platform/soc/1c40000.qcom,spmi/spmi-0/spmi0-02/1c40000.qcom,spmi:qcom,pmi632@2:qcom,qpnp-smb5/power_supply/battery, POWER_SUPPLY_CHARGE_DONE=0, POWER_SUPPLY_CHARGE_TYPE=Fast, POWER_SUPPLY_CHARGER_TEMP=235, POWER_SUPPLY_CHARGE_RATE=Normal, POWER_SUPPLY_CURRENT_QNOVO=-22, POWER_SUPPLY_CURRENT_NOW=68054, POWER_SUPPLY_SYSTEM_TEMP_LEVEL=0, POWER_SUPPLY_PRESENT=1, POWER_SUPPLY_PARALLEL_DISABLE=0, POWER_SUPPLY_CHARGE_FULL=5029000, POWER_SUPPLY_CONSTANT_CHARGE_CURRENT=2200000, SUBSYSTEM=power_supply, POWER_SUPPLY_SET_SHIP_MODE=0, POWER_SUPPLY_TEMP=237, ACTION=change, POWER_SUPPLY_RERUN_AICL=0, POWER_SUPPLY_AGE=100, POWER_SUPPLY_NAME=battery, POWER_SUPPLY_VOLTAGE_MAX=-22, POWER_SUPPLY_CONSTANT_CHARGE_CURRENT_MAX=2200000, POWER_SUPPLY_CHARGE_COUNTER=4928420, POWER_SUPPLY_STEP_CHARGING_ENABLED=0, POWER_SUPPLY_NUM_SYSTEM_TEMP_LEVELS=8, POWER_SUPPLY_DIE_HEALTH=Cool, POWER_SUPPLY_INPUT_SUSPEND=0}
04-27 22:22:00.959  4243  4442 D CmdCenter: - RowBase2: sPrevModStatus: 1, modStatus: 1
04-27 22:22:00.959  4243  4442 D CmdCenter: - RowBase2: sPrevPlugType: 2 plugType: 2
04-27 22:22:01.025  1030 19882 E sensors-hal: handle_sns_client_event:62, mot_disprot_event: now=2076825843076 ts=2076740117355, type=0, status=3
04-27 22:22:01.422  1030 19882 E sensors-hal: handle_sns_client_event:62, mot_disprot_event: now=2077223149938 ts=2077138169855, type=16, status=3
04-27 22:22:01.784  2643  2821 I WifiHAL : event received NL80211_CMD_VENDOR, vendor_id = 0x1374, subcmd = 0xd
04-27 22:22:01.817  3649  3649 D BoundBrokerSvc: onUnbind: Intent { act=com.google.android.gms.measurement.START pkg=com.google.android.gms }
04-27 22:22:02.022  1030 19882 E sensors-hal: handle_sns_client_event:62, mot_disprot_event: now=2077822771508 ts=2077655669021, type=0, status=3
04-27 22:22:02.412  1968  2430 D BatteryService: uevent={POWER_SUPPLY_DP_DM=0, POWER_SUPPLY_VOLTAGE_QNOVO=-22, POWER_SUPPLY_VOLTAGE_NOW=4343324, POWER_SUPPLY_SW_JEITA_ENABLED=0, POWER_SUPPLY_FORCE_RECHARGE=0, POWER_SUPPLY_CHARGE_CONTROL_LIMIT_MAX=8, POWER_SUPPLY_RECHARGE_SOC=99, POWER_SUPPLY_HEALTH=Good, POWER_SUPPLY_TECHNOLOGY=Li-ion, POWER_SUPPLY_CHARGER_TEMP_MAX=160, POWER_SUPPLY_FCC_STEPPER_ENABLE=0, SEQNUM=9680, POWER_SUPPLY_INPUT_CURRENT_LIMITED=1, POWER_SUPPLY_CHARGE_CONTROL_LIMIT=0, POWER_SUPPLY_STATUS=Charging, POWER_SUPPLY_CYCLE_COUNT=42, POWER_SUPPLY_BATTERY_CHARGING_ENABLED=1, POWER_SUPPLY_CURRENT_MAX=2200000, POWER_SUPPLY_CHARGE_TERM_CURRENT=-102, POWER_SUPPLY_CAPACITY=100, DEVPATH=/devices/platform/soc/1c40000.qcom,spmi/spmi-0/spmi0-02/1c40000.qcom,spmi:qcom,pmi632@2:qcom,qpnp-smb5/power_supply/battery, POWER_SUPPLY_CHARGE_DONE=0, POWER_SUPPLY_CHARGE_TYPE=Fast, POWER_SUPPLY_CHARGER_TEMP=235, POWER_SUPPLY_CHARGE_RATE=Normal, POWER_SUPPLY_CURRENT_QNOVO=-22, POWER_SUPPLY_CURRENT_NOW=60730, POWER_SUPPLY_SYSTEM_TEMP_LEVEL=0, POWER_SUPPLY_PRESENT=1, POWER_SUPPLY_PARALLEL_DISABLE=0, POWER_SUPPLY_CHARGE_FULL=5029000, POWER_SUPPLY_CONSTANT_CHARGE_CURRENT=2200000, SUBSYSTEM=power_supply, POWER_SUPPLY_SET_SHIP_MODE=0, POWER_SUPPLY_TEMP=239, ACTION=change, POWER_SUPPLY_RERUN_AICL=0, POWER_SUPPLY_AGE=100, POWER_SUPPLY_NAME=battery, POWER_SUPPLY_VOLTAGE_MAX=-22, POWER_SUPPLY_CONSTANT_CHARGE_CURRENT_MAX=2200000, POWER_SUPPLY_CHARGE_COUNTER=4928420, POWER_SUPPLY_STEP_CHARGING_ENABLED=0, POWER_SUPPLY_NUM_SYSTEM_TEMP_LEVELS=8, POWER_SUPPLY_DIE_HEALTH=Cool, POWER_SUPPLY_INPUT_SUSPEND=0}
04-27 22:22:02.462  4243  4442 D CmdCenter: - RowBase2: sPrevModStatus: 1, modStatus: 1
04-27 22:22:02.463  4243  4442 D CmdCenter: - RowBase2: sPrevPlugType: 2 plugType: 2
04-27 22:22:03.314  4243  4442 D CmdCenter: - RowBase2: sPrevModStatus: 1, modStatus: 1
04-27 22:22:03.315  4243  4442 D CmdCenter: - RowBase2: sPrevPlugType: 2 plugType: 2
04-27 22:22:03.516  1968  2615 D VibratorService: Vibration request from: android.uid.system:1000 request pid: 1968
04-27 22:22:03.521  1968  2500 V InputDispatcher: Asynchronous input event injection succeeded.
04-27 22:22:03.576  1968  2500 V InputDispatcher: Asynchronous input event injection succeeded.
04-27 22:22:03.583  1968  2132 I ActivityTaskManager: START u0 {act=android.intent.action.MAIN cat=[android.intent.category.HOME] flg=0x10000100 cmp=com.motorola.launcher3/com.android.launcher3.CustomizationPanelLauncher (has extras)} from uid 0
04-27 22:22:03.584  1968  2132 D ActivityTaskManager: getPreferredLaunchDisplay userset_displayid true current displayId 0 paramsprefer_displayid 0
04-27 22:22:03.584  1968  2132 D ActivityTaskManager: getPreferredLaunchDisplay userset_displayid true current displayId 0 paramsprefer_displayid 0
04-27 22:22:03.586  2678  2678 V StatusBar: mStatusBarWindow: com.android.systemui.statusbar.phone.StatusBarWindowView{483b3ce V.E...... ........ 0,0-720,54} canPanelBeCollapsed(): false
04-27 22:22:03.586  2678  2678 V StatusBar: mStatusBarWindow: com.android.systemui.statusbar.phone.StatusBarWindowView{483b3ce V.E...... ........ 0,0-720,54} collapseBySetDisable: false
04-27 22:22:03.607  4243 16608 D AssistReceiver: call: lightWakeup | null | null
04-27 22:22:03.612  1030 19882 E sensors-hal: handle_sns_client_event:62, mot_disprot_event: now=2079412366510 ts=2079347397343, type=16, status=3
04-27 22:22:03.648  1126  1200 W HWComposer: Ignoring duplicate VSYNC event from HWC for display 19260729149824129 (t=1680053003000)
04-27 22:22:03.664  1126  1200 W HWComposer: Ignoring duplicate VSYNC event from HWC for display 19260729149824129 (t=1680069720000)
04-27 22:22:03.680  1126  1200 W HWComposer: Ignoring duplicate VSYNC event from HWC for display 19260729149824129 (t=1680086199000)
04-27 22:22:03.698  1126  1200 W HWComposer: Ignoring duplicate VSYNC event from HWC for display 19260729149824129 (t=1680103131000)
04-27 22:22:03.714  1126  1200 W HWComposer: Ignoring duplicate VSYNC event from HWC for display 19260729149824129 (t=1680119801000)
04-27 22:22:03.732  1126  1200 W HWComposer: Ignoring duplicate VSYNC event from HWC for display 19260729149824129 (t=1680136544000)
04-27 22:22:03.789  2643  2821 I WifiHAL : event received NL80211_CMD_VENDOR, vendor_id = 0x1374, subcmd = 0xd
04-27 22:22:03.900  2678  2678 D vol.VolumeDialogImpl: mDialog.dismiss()
04-27 22:22:04.228  1030 19882 E sensors-hal: handle_sns_client_event:62, mot_disprot_event: now=2080028948238 ts=2079875291614, type=0, status=3
04-27 22:22:05.035  1968  4883 D VibratorService: Vibration request from: android.uid.systemui:10144 request pid: 1968
04-27 22:22:05.137  2678  2678 V StatusBar: mStatusBarWindow: com.android.systemui.statusbar.phone.StatusBarWindowView{483b3ce V.E...... ........ 0,0-720,54} canPanelBeCollapsed(): false
04-27 22:22:05.137  2678  2678 V StatusBar: mStatusBarWindow: com.android.systemui.statusbar.phone.StatusBarWindowView{483b3ce V.E...... ........ 0,0-720,54} collapseBySetDisable: false
04-27 22:22:05.184  1968  2430 D BatteryService: uevent={POWER_SUPPLY_DP_DM=0, POWER_SUPPLY_VOLTAGE_QNOVO=-22, POWER_SUPPLY_VOLTAGE_NOW=4345271, POWER_SUPPLY_SW_JEITA_ENABLED=0, POWER_SUPPLY_FORCE_RECHARGE=0, POWER_SUPPLY_CHARGE_CONTROL_LIMIT_MAX=8, POWER_SUPPLY_RECHARGE_SOC=99, POWER_SUPPLY_HEALTH=Good, POWER_SUPPLY_TECHNOLOGY=Li-ion, POWER_SUPPLY_CHARGER_TEMP_MAX=160, POWER_SUPPLY_FCC_STEPPER_ENABLE=0, SEQNUM=9683, POWER_SUPPLY_INPUT_CURRENT_LIMITED=1, POWER_SUPPLY_CHARGE_CONTROL_LIMIT=0, POWER_SUPPLY_STATUS=Charging, POWER_SUPPLY_CYCLE_COUNT=42, POWER_SUPPLY_BATTERY_CHARGING_ENABLED=1, POWER_SUPPLY_CURRENT_MAX=2200000, POWER_SUPPLY_CHARGE_TERM_CURRENT=-102, POWER_SUPPLY_CAPACITY=100, DEVPATH=/devices/platform/soc/1c40000.qcom,spmi/spmi-0/spmi0-02/1c40000.qcom,spmi:qcom,pmi632@2:qcom,qpnp-smb5/power_supply/battery, POWER_SUPPLY_CHARGE_DONE=0, POWER_SUPPLY_CHARGE_TYPE=Fast, POWER_SUPPLY_CHARGER_TEMP=235, POWER_SUPPLY_CHARGE_RATE=Normal, POWER_SUPPLY_CURRENT_QNOVO=-22, POWER_SUPPLY_CURRENT_NOW=47760, POWER_SUPPLY_SYSTEM_TEMP_LEVEL=0, POWER_SUPPLY_PRESENT=1, POWER_SUPPLY_PARALLEL_DISABLE=0, POWER_SUPPLY_CHARGE_FULL=5029000, POWER_SUPPLY_CONSTANT_CHARGE_CURRENT=2200000, SUBSYSTEM=power_supply, POWER_SUPPLY_SET_SHIP_MODE=0, POWER_SUPPLY_TEMP=238, ACTION=change, POWER_SUPPLY_RERUN_AICL=0, POWER_SUPPLY_AGE=100, POWER_SUPPLY_NAME=battery, POWER_SUPPLY_VOLTAGE_MAX=-22, POWER_SUPPLY_CONSTANT_CHARGE_CURRENT_MAX=2200000, POWER_SUPPLY_CHARGE_COUNTER=4928420, POWER_SUPPLY_STEP_CHARGING_ENABLED=0, POWER_SUPPLY_NUM_SYSTEM_TEMP_LEVELS=8, POWER_SUPPLY_DIE_HEALTH=Cool, POWER_SUPPLY_INPUT_SUSPEND=0}
04-27 22:22:05.210  4243  4442 D CmdCenter: - RowBase2: sPrevModStatus: 1, modStatus: 1
04-27 22:22:05.210  4243  4442 D CmdCenter: - RowBase2: sPrevPlugType: 2 plugType: 2
04-27 22:22:05.223  1030 19882 E sensors-hal: handle_sns_client_event:62, mot_disprot_event: now=2081023949327 ts=2080838320781, type=16, status=3
04-27 22:22:05.454  2678  2678 D vol.VolumeDialogImpl: mDialog.dismiss()
04-27 22:22:05.641  1030 19882 E sensors-hal: handle_sns_client_event:62, mot_disprot_event: now=2081441980463 ts=2081396384947, type=0, status=3
